Component: ARM Compiler 5.06 update 5 (build 528) Tool: armlink [4d35e2]

==============================================================================

Section Cross References

    startup_stm32f411xe.o(STACK) refers (Special) to heapauxi.o(.text) for __use_two_region_memory
    startup_stm32f411xe.o(HEAP) refers (Special) to heapauxi.o(.text) for __use_two_region_memory
    startup_stm32f411xe.o(RESET) refers (Special) to heapauxi.o(.text) for __use_two_region_memory
    startup_stm32f411xe.o(RESET) refers to startup_stm32f411xe.o(STACK) for __initial_sp
    startup_stm32f411xe.o(RESET) refers to startup_stm32f411xe.o(.text) for Reset_Handler
    startup_stm32f411xe.o(RESET) refers to stm32f4xx_it.o(i.NMI_Handler) for NMI_Handler
    startup_stm32f411xe.o(RESET) refers to stm32f4xx_it.o(i.HardFault_Handler) for HardFault_Handler
    startup_stm32f411xe.o(RESET) refers to stm32f4xx_it.o(i.MemManage_Handler) for MemManage_Handler
    startup_stm32f411xe.o(RESET) refers to stm32f4xx_it.o(i.BusFault_Handler) for BusFault_Handler
    startup_stm32f411xe.o(RESET) refers to stm32f4xx_it.o(i.UsageFault_Handler) for UsageFault_Handler
    startup_stm32f411xe.o(RESET) refers to stm32f4xx_it.o(i.SVC_Handler) for SVC_Handler
    startup_stm32f411xe.o(RESET) refers to stm32f4xx_it.o(i.DebugMon_Handler) for DebugMon_Handler
    startup_stm32f411xe.o(RESET) refers to stm32f4xx_it.o(i.PendSV_Handler) for PendSV_Handler
    startup_stm32f411xe.o(RESET) refers to stm32f4xx_it.o(i.SysTick_Handler) for SysTick_Handler
    startup_stm32f411xe.o(RESET) refers to stm32f4xx_it.o(i.TIM3_IRQHandler) for TIM3_IRQHandler
    startup_stm32f411xe.o(RESET) refers to stm32f4xx_it.o(i.TIM4_IRQHandler) for TIM4_IRQHandler
    startup_stm32f411xe.o(RESET) refers to stm32f4xx_it.o(i.USART1_IRQHandler) for USART1_IRQHandler
    startup_stm32f411xe.o(RESET) refers to stm32f4xx_it.o(i.USART6_IRQHandler) for USART6_IRQHandler
    startup_stm32f411xe.o(.text) refers (Special) to heapauxi.o(.text) for __use_two_region_memory
    startup_stm32f411xe.o(.text) refers to system_stm32f4xx.o(i.SystemInit) for SystemInit
    startup_stm32f411xe.o(.text) refers to __main.o(!!!main) for __main
    startup_stm32f411xe.o(.text) refers to startup_stm32f411xe.o(HEAP) for Heap_Mem
    startup_stm32f411xe.o(.text) refers to startup_stm32f411xe.o(STACK) for Stack_Mem
    rc522_function.o(i.ClearBitMask) refers to rc522_function.o(i.ReadRawRC) for ReadRawRC
    rc522_function.o(i.ClearBitMask) refers to rc522_function.o(i.WriteRawRC) for WriteRawRC
    rc522_function.o(i.PcdAntennaOff) refers to rc522_function.o(i.ClearBitMask) for ClearBitMask
    rc522_function.o(i.PcdAntennaOn) refers to rc522_function.o(i.ReadRawRC) for ReadRawRC
    rc522_function.o(i.PcdAntennaOn) refers to rc522_function.o(i.SetBitMask) for SetBitMask
    rc522_function.o(i.PcdAnticoll) refers to rc522_function.o(i.ClearBitMask) for ClearBitMask
    rc522_function.o(i.PcdAnticoll) refers to rc522_function.o(i.WriteRawRC) for WriteRawRC
    rc522_function.o(i.PcdAnticoll) refers to rc522_function.o(i.PcdComMF522) for PcdComMF522
    rc522_function.o(i.PcdAnticoll) refers to rc522_function.o(i.SetBitMask) for SetBitMask
    rc522_function.o(i.PcdComMF522) refers to rc522_function.o(i.WriteRawRC) for WriteRawRC
    rc522_function.o(i.PcdComMF522) refers to rc522_function.o(i.ClearBitMask) for ClearBitMask
    rc522_function.o(i.PcdComMF522) refers to rc522_function.o(i.SetBitMask) for SetBitMask
    rc522_function.o(i.PcdComMF522) refers to rc522_function.o(i.ReadRawRC) for ReadRawRC
    rc522_function.o(i.PcdRequest) refers to rc522_function.o(i.ClearBitMask) for ClearBitMask
    rc522_function.o(i.PcdRequest) refers to rc522_function.o(i.WriteRawRC) for WriteRawRC
    rc522_function.o(i.PcdRequest) refers to rc522_function.o(i.SetBitMask) for SetBitMask
    rc522_function.o(i.PcdRequest) refers to rc522_function.o(i.PcdComMF522) for PcdComMF522
    rc522_function.o(i.PcdReset) refers to stm32f4xx_hal_gpio.o(i.HAL_GPIO_WritePin) for HAL_GPIO_WritePin
    rc522_function.o(i.PcdReset) refers to delay.o(i.Delay_us) for Delay_us
    rc522_function.o(i.PcdReset) refers to rc522_function.o(i.WriteRawRC) for WriteRawRC
    rc522_function.o(i.PcdReset) refers to rc522_function.o(i.ReadRawRC) for ReadRawRC
    rc522_function.o(i.ReadRawRC) refers to stm32f4xx_hal_gpio.o(i.HAL_GPIO_WritePin) for HAL_GPIO_WritePin
    rc522_function.o(i.ReadRawRC) refers to delay.o(i.Delay_us) for Delay_us
    rc522_function.o(i.ReadRawRC) refers to stm32f4xx_hal_gpio.o(i.HAL_GPIO_ReadPin) for HAL_GPIO_ReadPin
    rc522_function.o(i.SetBitMask) refers to rc522_function.o(i.ReadRawRC) for ReadRawRC
    rc522_function.o(i.SetBitMask) refers to rc522_function.o(i.WriteRawRC) for WriteRawRC
    rc522_function.o(i.WriteRawRC) refers to stm32f4xx_hal_gpio.o(i.HAL_GPIO_WritePin) for HAL_GPIO_WritePin
    rc522_function.o(i.WriteRawRC) refers to delay.o(i.Delay_us) for Delay_us
[...]
    .ARM.Collect$$libinit$$00000001          0x08000212   Section        4  libinit2.o(.ARM.Collect$$libinit$$00000001)
    .ARM.Collect$$libinit$$00000004          0x08000216   Section        0  libinit2.o(.ARM.Collect$$libinit$$00000004)
    .ARM.Collect$$libinit$$0000000A          0x08000216   Section        0  libinit2.o(.ARM.Collect$$libinit$$0000000A)
    .ARM.Collect$$libinit$$0000000C          0x08000216   Section        0  libinit2.o(.ARM.Collect$$libinit$$0000000C)
    .ARM.Collect$$libinit$$0000000E          0x08000216   Section        0  libinit2.o(.ARM.Collect$$libinit$$0000000E)
    .ARM.Collect$$libinit$$00000011          0x08000216   Section        0  libinit2.o(.ARM.Collect$$libinit$$00000011)
    .ARM.Collect$$libinit$$00000013          0x08000216   Section        0  libinit2.o(.ARM.Collect$$libinit$$00000013)
    .ARM.Collect$$libinit$$00000015          0x08000216   Section        0  libinit2.o(.ARM.Collect$$libinit$$00000015)
    .ARM.Collect$$libinit$$00000017          0x08000216   Section        0  libinit2.o(.ARM.Collect$$libinit$$00000017)
    .ARM.Collect$$libinit$$00000019          0x08000216   Section        0  libinit2.o(.ARM.Collect$$libinit$$00000019)
    .ARM.Collect$$libinit$$0000001B          0x08000216   Section        0  libinit2.o(.ARM.Collect$$libinit$$0000001B)
    .ARM.Collect$$libinit$$0000001D          0x08000216   Section        0  libinit2.o(.ARM.Collect$$libinit$$0000001D)
    .ARM.Collect$$libinit$$0000001F          0x08000216   Section        0  libinit2.o(.ARM.Collect$$libinit$$0000001F)
    .ARM.Collect$$libinit$$00000021          0x08000216   Section        0  libinit2.o(.ARM.Collect$$libinit$$00000021)
    .ARM.Collect$$libinit$$00000023          0x08000216   Section        0  libinit2.o(.ARM.Collect$$libinit$$00000023)
    .ARM.Collect$$libinit$$00000025          0x08000216   Section        0  libinit2.o(.ARM.Collect$$libinit$$00000025)
    .ARM.Collect$$libinit$$0000002C          0x08000216   Section        0  libinit2.o(.ARM.Collect$$libinit$$0000002C)
    .ARM.Collect$$libinit$$0000002E          0x08000216   Section        0  libinit2.o(.ARM.Collect$$libinit$$0000002E)
    .ARM.Collect$$libinit$$00000030          0x08000216   Section        0  libinit2.o(.ARM.Collect$$libinit$$00000030)
    .ARM.Collect$$libinit$$00000032          0x08000216   Section        0  libinit2.o(.ARM.Collect$$libinit$$00000032)
    .ARM.Collect$$libinit$$00000033          0x08000216   Section        2  libinit2.o(.ARM.Collect$$libinit$$00000033)
    .ARM.Collect$$libshutdown$$00000000      0x08000218   Section        2  libshutdown.o(.ARM.Collect$$libshutdown$$00000000)
    .ARM.Collect$$libshutdown$$00000002      0x0800021a   Section        0  libshutdown2.o(.ARM.Collect$$libshutdown$$00000002)
    .ARM.Collect$$libshutdown$$00000004      0x0800021a   Section        0  libshutdown2.o(.ARM.Collect$$libshutdown$$00000004)
    .ARM.Collect$$libshutdown$$00000007      0x0800021a   Section        0  libshutdown2.o(.ARM.Collect$$libshutdown$$00000007)
    .ARM.Collect$$libshutdown$$0000000A      0x0800021a   Section        0  libshutdown2.o(.ARM.Collect$$libshutdown$$0000000A)
    .ARM.Collect$$libshutdown$$0000000C      0x0800021a   Section        0  libshutdown2.o(.ARM.Collect$$libshutdown$$0000000C)
    .ARM.Collect$$libshutdown$$0000000F      0x0800021a   Section        0  libshutdown2.o(.ARM.Collect$$libshutdown$$0000000F)
    .ARM.Collect$$libshutdown$$00000010      0x0800021a   Section        2  libshutdown2.o(.ARM.Collect$$libshutdown$$00000010)
    .ARM.Collect$$rtentry$$00000000          0x0800021c   Section        0  __rtentry.o(.ARM.Collect$$rtentry$$00000000)
    .ARM.Collect$$rtentry$$00000002          0x0800021c   Section        0  __rtentry2.o(.ARM.Collect$$rtentry$$00000002)
    .ARM.Collect$$rtentry$$00000004          0x0800021c   Section        6  __rtentry4.o(.ARM.Collect$$rtentry$$00000004)
    .ARM.Collect$$rtentry$$00000009          0x08000222   Section        0  __rtentry2.o(.ARM.Collect$$rtentry$$00000009)
    .ARM.Collect$$rtentry$$0000000A          0x08000222   Section        4  __rtentry2.o(.ARM.Collect$$rtentry$$0000000A)
    .ARM.Collect$$rtentry$$0000000C          0x08000226   Section        0  __rtentry2.o(.ARM.Collect$$rtentry$$0000000C)
    .ARM.Collect$$rtentry$$0000000D          0x08000226   Section        8  __rtentry2.o(.ARM.Collect$$rtentry$$0000000D)
    .ARM.Collect$$rtexit$$00000000           0x0800022e   Section        2  rtexit.o(.ARM.Collect$$rtexit$$00000000)
    .ARM.Collect$$rtexit$$00000002           0x08000230   Section        0  rtexit2.o(.ARM.Collect$$rtexit$$00000002)
    .ARM.Collect$$rtexit$$00000003           0x08000230   Section        4  rtexit2.o(.ARM.Collect$$rtexit$$00000003)
    .ARM.Collect$$rtexit$$00000004           0x08000234   Section        6  rtexit2.o(.ARM.Collect$$rtexit$$00000004)
    .text                                    0x0800023c   Section       64  startup_stm32f411xe.o(.text)
    $v0                                      0x0800023c   Number         0  startup_stm32f411xe.o(.text)
    .text                                    0x0800027c   Section      238  lludivv7m.o(.text)
    .text                                    0x0800036c   Section        0  __2sprintf.o(.text)
    .text                                    0x08000398   Section        0  strstr.o(.text)
    .text                                    0x080003bc   Section        0  memcmp.o(.text)
    .text                                    0x08000414   Section        0  strcpy.o(.text)
    .text                                    0x0800045c   Section       78  rt_memclr_w.o(.text)
    .text                                    0x080004ac   Section      128  strcmpv7m.o(.text)
    .text                                    0x0800052c   Section        0  heapauxi.o(.text)
    .text                                    0x08000534   Section        0  _printf_char_common.o(.text)
    _printf_input_char                       0x08000535   Thumb Code    10  _printf_char_common.o(.text)
    .text                                    0x08000564   Section        0  _sputc.o(.text)
    .text                                    0x08000570   Section        0  __printf_flags_ss_wp.o(.text)
    .text                                    0x080006f8   Section        8  libspace.o(.text)
    .text                                    0x08000700   Section       74  sys_stackheap_outer.o(.text)
    .text                                    0x0800074a   Section        0  exit.o(.text)
    .text                                    0x0800075c   Section        0  sys_exit.o(.text)
    .text                                    0x08000768   Section        2  use_no_semi.o(.text)
    .text                                    0x0800076a   Section        0  indicate_semi.o(.text)
    i.Add_FR                                 0x0800076c   Section        0  as608.o(i.Add_FR)
    i.BusFault_Handler                       0x08000b78   Section        0  stm32f4xx_it.o(i.BusFault_Handler)
    i.ClearBitMask                           0x08000b7a   Section        0  rc522_function.o(i.ClearBitMask)
    i.DebugMon_Handler                       0x08000b92   Section        0  stm32f4xx_it.o(i.DebugMon_Handler)
    i.Del_FR                                 0x08000b94   Section        0  as608.o(i.Del_FR)
    i.Delay_ms                               0x08000da8   Section        0  delay.o(i.Delay_ms)
    i.Delay_us                               0x08000dc0   Section        0  delay.o(i.Delay_us)
    i.Error_Handler                          0x08000dfc   Section        0  main.o(i.Error_Handler)
    i.HAL_DMA_Abort                          0x08000e00   Section        0  stm32f4xx_hal_dma.o(i.HAL_DMA_Abort)
    i.HAL_DMA_Abort_IT                       0x08000e92   Section        0  stm32f4xx_hal_dma.o(i.HAL_DMA_Abort_IT)
    i.HAL_GPIO_Init                          0x08000eb8   Section        0  stm32f4xx_hal_gpio.o(i.HAL_GPIO_Init)
    i.HAL_GPIO_ReadPin                       0x08001098   Section        0  stm32f4xx_hal_gpio.o(i.HAL_GPIO_ReadPin)
    i.HAL_GPIO_WritePin                      0x080010a2   Section        0  stm32f4xx_hal_gpio.o(i.HAL_GPIO_WritePin)
    i.HAL_GetTick                            0x080010ac   Section        0  stm32f4xx_hal.o(i.HAL_GetTick)
    i.HAL_IncTick                            0x080010b8   Section        0  stm32f4xx_hal.o(i.HAL_IncTick)
    i.HAL_Init                               0x080010c8   Section        0  stm32f4xx_hal.o(i.HAL_Init)
    i.HAL_InitTick                           0x080010fc   Section        0  stm32f4xx_hal.o(i.HAL_InitTick)
    i.HAL_MspInit                            0x0800113c   Section        0  stm32f4xx_hal_msp.o(i.HAL_MspInit)
    i.HAL_NVIC_EnableIRQ                     0x0800116c   Section        0  stm32f4xx_hal_cortex.o(i.HAL_NVIC_EnableIRQ)
    i.HAL_NVIC_SetPriority                   0x08001188   Section        0  stm32f4xx_hal_cortex.o(i.HAL_NVIC_SetPriority)
    i.HAL_NVIC_SetPriorityGrouping           0x080011c8   Section        0  stm32f4xx_hal_cortex.o(i.HAL_NVIC_SetPriorityGrouping)
    i.HAL_RCC_ClockConfig                    0x080011ec   Section        0  stm32f4xx_hal_rcc.o(i.HAL_RCC_ClockConfig)
    i.HAL_RCC_GetPCLK1Freq                   0x08001320   Section        0  stm32f4xx_hal_rcc.o(i.HAL_RCC_GetPCLK1Freq)
    i.HAL_RCC_GetPCLK2Freq                   0x08001340   Section        0  stm32f4xx_hal_rcc.o(i.HAL_RCC_GetPCLK2Freq)
    i.HAL_RCC_GetSysClockFreq                0x08001360   Section        0  stm32f4xx_hal_rcc.o(i.HAL_RCC_GetSysClockFreq)
    i.HAL_RCC_OscConfig                      0x080013c4   Section        0  stm32f4xx_hal_rcc.o(i.HAL_RCC_OscConfig)
    i.HAL_SYSTICK_Config                     0x08001730   Section        0  stm32f4xx_hal_cortex.o(i.HAL_SYSTICK_Config)
    i.HAL_TIMEx_BreakCallback                0x08001758   Section        0  stm32f4xx_hal_tim_ex.o(i.HAL_TIMEx_BreakCallback)
    i.HAL_TIMEx_CommutCallback               0x0800175a   Section        0  stm32f4xx_hal_tim_ex.o(i.HAL_TIMEx_CommutCallback)
    i.HAL_TIMEx_MasterConfigSynchronization  0x0800175c   Section        0  stm32f4xx_hal_tim_ex.o(i.HAL_TIMEx_MasterConfigSynchronization)
    i.HAL_TIM_Base_Init                      0x080017d8   Section        0  stm32f4xx_hal_tim.o(i.HAL_TIM_Base_Init)
    i.HAL_TIM_Base_MspInit                   0x08001834   Section        0  tim.o(i.HAL_TIM_Base_MspInit)
    i.HAL_TIM_Base_Start                     0x080018ac   Section        0  stm32f4xx_hal_tim.o(i.HAL_TIM_Base_Start)
    i.HAL_TIM_Base_Start_IT                  0x08001910   Section        0  stm32f4xx_hal_tim.o(i.HAL_TIM_Base_Start_IT)
    i.HAL_TIM_Base_Stop                      0x0800197c   Section        0  stm32f4xx_hal_tim.o(i.HAL_TIM_Base_Stop)
    i.HAL_TIM_ConfigClockSource              0x080019a2   Section        0  stm32f4xx_hal_tim.o(i.HAL_TIM_ConfigClockSource)
    i.HAL_TIM_IC_CaptureCallback             0x08001a7e   Section        0  stm32f4xx_hal_tim.o(i.HAL_TIM_IC_CaptureCallback)
    i.HAL_TIM_IRQHandler                     0x08001a80   Section        0  stm32f4xx_hal_tim.o(i.HAL_TIM_IRQHandler)
    i.HAL_TIM_MspPostInit                    0x08001bb0   Section        0  tim.o(i.HAL_TIM_MspPostInit)
    i.HAL_TIM_OC_DelayElapsedCallback        0x08001bfc   Section        0  stm32f4xx_hal_tim.o(i.HAL_TIM_OC_DelayElapsedCallback)
    i.HAL_TIM_PWM_ConfigChannel              0x08001bfe   Section        0  stm32f4xx_hal_tim.o(i.HAL_TIM_PWM_ConfigChannel)
    i.HAL_TIM_PWM_Init                       0x08001cca   Section        0  stm32f4xx_hal_tim.o(i.HAL_TIM_PWM_Init)
    i.HAL_TIM_PWM_MspInit                    0x08001d24   Section        0  stm32f4xx_hal_tim.o(i.HAL_TIM_PWM_MspInit)
    i.HAL_TIM_PWM_PulseFinishedCallback      0x08001d26   Section        0  stm32f4xx_hal_tim.o(i.HAL_TIM_PWM_PulseFinishedCallback)
    i.HAL_TIM_PWM_Start                      0x08001d28   Section        0  stm32f4xx_hal_tim.o(i.HAL_TIM_PWM_Start)
    i.HAL_TIM_PeriodElapsedCallback          0x08001dd8   Section        0  stm32f4xx_hal_tim.o(i.HAL_TIM_PeriodElapsedCallback)
    i.HAL_TIM_TriggerCallback                0x08001dda   Section        0  stm32f4xx_hal_tim.o(i.HAL_TIM_TriggerCallback)
    i.HAL_UARTEx_RxEventCallback             0x08001ddc   Section        0  stm32f4xx_hal_uart.o(i.HAL_UARTEx_RxEventCallback)
    i.HAL_UART_ErrorCallback                 0x08001dde   Section        0  stm32f4xx_hal_uart.o(i.HAL_UART_ErrorCallback)
    i.HAL_UART_IRQHandler                    0x08001de0   Section        0  stm32f4xx_hal_uart.o(i.HAL_UART_IRQHandler)
    i.HAL_UART_Init                          0x08002050   Section        0  stm32f4xx_hal_uart.o(i.HAL_UART_Init)
    i.HAL_UART_MspInit                       0x080020b4   Section        0  usart.o(i.HAL_UART_MspInit)
    i.HAL_UART_Receive                       0x08002178   Section        0  stm32f4xx_hal_uart.o(i.HAL_UART_Receive)
    i.HAL_UART_Receive_IT                    0x08002228   Section        0  stm32f4xx_hal_uart.o(i.HAL_UART_Receive_IT)
    i.HAL_UART_RxCpltCallback                0x08002244   Section        0  main.o(i.HAL_UART_RxCpltCallback)
    i.HAL_UART_Transmit                      0x08002284   Section        0  stm32f4xx_hal_uart.o(i.HAL_UART_Transmit)
    i.HAL_UART_TxCpltCallback                0x08002324   Section        0  stm32f4xx_hal_uart.o(i.HAL_UART_TxCpltCallback)
    i.HardFault_Handler                      0x08002326   Section        0  stm32f4xx_it.o(i.HardFault_Handler)
    i.JudgeStr                               0x08002328   Section        0  as608.o(i.JudgeStr)
    JudgeStr                                 0x08002329   Thumb Code    94  as608.o(i.JudgeStr)
    i.Keypad_scan                            0x08002394   Section        0  keypad.o(i.Keypad_scan)
    i.MX_GPIO_Init                           0x08002624   Section        0  gpio.o(i.MX_GPIO_Init)
    i.MX_TIM2_Init                           0x080026f8   Section        0  tim.o(i.MX_TIM2_Init)
    i.MX_TIM3_Init                           0x08002794   Section        0  tim.o(i.MX_TIM3_Init)
    i.MX_TIM4_Init                           0x080027fc   Section        0  tim.o(i.MX_TIM4_Init)
    i.MX_USART1_UART_Init                    0x08002864   Section        0  usart.o(i.MX_USART1_UART_Init)
    i.MX_USART6_UART_Init                    0x0800289c   Section        0  usart.o(i.MX_USART6_UART_Init)
    i.MemManage_Handler                      0x080028d4   Section        0  stm32f4xx_it.o(i.MemManage_Handler)
    i.MyUsart_SendByte                       0x080028d8   Section        0  as608.o(i.MyUsart_SendByte)
    MyUsart_SendByte                         0x080028d9   Thumb Code    18  as608.o(i.MyUsart_SendByte)
    i.NMI_Handler                            0x080028f0   Section        0  stm32f4xx_it.o(i.NMI_Handler)
    i.OLED_Clear                             0x080028f4   Section        0  oled.o(i.OLED_Clear)
    i.OLED_ClearArea                         0x08002920   Section        0  oled.o(i.OLED_ClearArea)
    i.OLED_GPIO_Init                         0x08002984   Section        0  oled.o(i.OLED_GPIO_Init)
    i.OLED_I2C_SendByte                      0x080029ae   Section        0  oled.o(i.OLED_I2C_SendByte)
    i.OLED_I2C_Start                         0x080029e8   Section        0  oled.o(i.OLED_I2C_Start)
    i.OLED_I2C_Stop                          0x08002a06   Section        0  oled.o(i.OLED_I2C_Stop)
    i.OLED_Init                              0x08002a1e   Section        0  oled.o(i.OLED_Init)
    i.OLED_Pow                               0x08002aba   Section        0  oled.o(i.OLED_Pow)
    i.OLED_SetCursor                         0x08002ac8   Section        0  oled.o(i.OLED_SetCursor)
    i.OLED_ShowChar                          0x08002aec   Section        0  oled.o(i.OLED_ShowChar)
    i.OLED_ShowChinese                       0x08002b30   Section        0  oled.o(i.OLED_ShowChinese)
    i.OLED_ShowImage                         0x08002bc0   Section        0  oled.o(i.OLED_ShowImage)
    i.OLED_ShowNum                           0x08002c70   Section        0  oled.o(i.OLED_ShowNum)
    i.OLED_ShowString                        0x08002cba   Section        0  oled.o(i.OLED_ShowString)
    i.OLED_Update                            0x08002cec   Section        0  oled.o(i.OLED_Update)
    i.OLED_W_SCL                             0x08002d14   Section        0  oled.o(i.OLED_W_SCL)
    i.OLED_W_SDA                             0x08002d24   Section        0  oled.o(i.OLED_W_SDA)
    i.OLED_WriteCommand                      0x08002d34   Section        0  oled.o(i.OLED_WriteCommand)
    i.OLED_WriteData                         0x08002d56   Section        0  oled.o(i.OLED_WriteData)
    i.PS_DeletChar                           0x08002d86   Section        0  as608.o(i.PS_DeletChar)
    i.PS_Empty                               0x08002de4   Section        0  as608.o(i.PS_Empty)
    i.PS_GenChar                             0x08002e18   Section        0  as608.o(i.PS_GenChar)
    i.PS_GetImage                            0x08002e54   Section        0  as608.o(i.PS_GetImage)
    i.PS_HighSpeedSearch                     0x08002e88   Section        0  as608.o(i.PS_HighSpeedSearch)
    i.PS_Match                               0x08002f0c   Section        0  as608.o(i.PS_Match)
    i.PS_RegModel                            0x08002f40   Section        0  as608.o(i.PS_RegModel)
    i.PS_StoreChar                           0x08002f74   Section        0  as608.o(i.PS_StoreChar)
    i.PcdAntennaOff                          0x08002fc6   Section        0  rc522_function.o(i.PcdAntennaOff)
    i.PcdAntennaOn                           0x08002fce   Section        0  rc522_function.o(i.PcdAntennaOn)
    i.PcdAnticoll                            0x08002fe8   Section        0  rc522_function.o(i.PcdAnticoll)
    i.PcdComMF522                            0x08003054   Section        0  rc522_function.o(i.PcdComMF522)
    i.PcdRequest                             0x08003170   Section        0  rc522_function.o(i.PcdRequest)
    i.PcdReset                               0x080031c4   Section        0  rc522_function.o(i.PcdReset)
    i.PendSV_Handler                         0x0800324c   Section        0  stm32f4xx_it.o(i.PendSV_Handler)
    i.ReadRawRC                              0x08003250   Section        0  rc522_function.o(i.ReadRawRC)
    i.Reset_code                             0x08003330   Section        0  main.o(i.Reset_code)
    i.SVC_Handler                            0x08003348   Section        0  stm32f4xx_it.o(i.SVC_Handler)
    i.SendAddr                               0x0800334c   Section        0  as608.o(i.SendAddr)
    SendAddr                                 0x0800334d   Thumb Code    42  as608.o(i.SendAddr)
    i.SendCheck                              0x0800337c   Section        0  as608.o(i.SendCheck)
    SendCheck                                0x0800337d   Thumb Code    20  as608.o(i.SendCheck)
    i.SendHead                               0x08003390   Section        0  as608.o(i.SendHead)
    SendHead                                 0x08003391   Thumb Code    18  as608.o(i.SendHead)
    i.SendLength                             0x080033a2   Section        0  as608.o(i.SendLength)
    SendLength                               0x080033a3   Thumb Code    22  as608.o(i.SendLength)
    i.SetBitMask                             0x080033b8   Section        0  rc522_function.o(i.SetBitMask)
    i.SysTick_Handler                        0x080033d0   Section        0  stm32f4xx_it.o(i.SysTick_Handler)
    i.SystemClock_Config                     0x080033d4   Section        0  main.o(i.SystemClock_Config)
    i.SystemInit                             0x08003464   Section        0  system_stm32f4xx.o(i.SystemInit)
    i.TIM3_IRQHandler                        0x08003474   Section        0  stm32f4xx_it.o(i.TIM3_IRQHandler)
    i.TIM4_IRQHandler                        0x08003480   Section        0  stm32f4xx_it.o(i.TIM4_IRQHandler)
    i.TIM_Base_SetConfig                     0x0800348c   Section        0  stm32f4xx_hal_tim.o(i.TIM_Base_SetConfig)
    i.TIM_CCxChannelCmd                      0x08003530   Section        0  stm32f4xx_hal_tim.o(i.TIM_CCxChannelCmd)
    i.TIM_ETR_SetConfig                      0x0800354a   Section        0  stm32f4xx_hal_tim.o(i.TIM_ETR_SetConfig)
    i.TIM_ITRx_SetConfig                     0x0800355e   Section        0  stm32f4xx_hal_tim.o(i.TIM_ITRx_SetConfig)
    TIM_ITRx_SetConfig                       0x0800355f   Thumb Code    16  stm32f4xx_hal_tim.o(i.TIM_ITRx_SetConfig)
    i.TIM_OC1_SetConfig                      0x08003570   Section        0  stm32f4xx_hal_tim.o(i.TIM_OC1_SetConfig)
    TIM_OC1_SetConfig                        0x08003571   Thumb Code    74  stm32f4xx_hal_tim.o(i.TIM_OC1_SetConfig)
    i.TIM_OC2_SetConfig                      0x080035c0   Section        0  stm32f4xx_hal_tim.o(i.TIM_OC2_SetConfig)
    i.TIM_OC3_SetConfig                      0x08003618   Section        0  stm32f4xx_hal_tim.o(i.TIM_OC3_SetConfig)
    TIM_OC3_SetConfig                        0x08003619   Thumb Code    82  stm32f4xx_hal_tim.o(i.TIM_OC3_SetConfig)
    i.TIM_OC4_SetConfig                      0x08003670   Section        0  stm32f4xx_hal_tim.o(i.TIM_OC4_SetConfig)
    TIM_OC4_SetConfig                        0x08003671   Thumb Code    64  stm32f4xx_hal_tim.o(i.TIM_OC4_SetConfig)
    i.TIM_TI1_ConfigInputStage               0x080036b4   Section        0  stm32f4xx_hal_tim.o(i.TIM_TI1_ConfigInputStage)
    TIM_TI1_ConfigInputStage                 0x080036b5   Thumb Code    34  stm32f4xx_hal_tim.o(i.TIM_TI1_ConfigInputStage)
    i.TIM_TI2_ConfigInputStage               0x080036d6   Section        0  stm32f4xx_hal_tim.o(i.TIM_TI2_ConfigInputStage)
    TIM_TI2_ConfigInputStage                 0x080036d7   Thumb Code    36  stm32f4xx_hal_tim.o(i.TIM_TI2_ConfigInputStage)
    i.UART_DMAAbortOnError                   0x080036fa   Section        0  stm32f4xx_hal_uart.o(i.UART_DMAAbortOnError)
    UART_DMAAbortOnError                     0x080036fb   Thumb Code    16  stm32f4xx_hal_uart.o(i.UART_DMAAbortOnError)
    i.UART_EndRxTransfer                     0x0800370a   Section        0  stm32f4xx_hal_uart.o(i.UART_EndRxTransfer)
    UART_EndRxTransfer                       0x0800370b   Thumb Code    78  stm32f4xx_hal_uart.o(i.UART_EndRxTransfer)
    i.UART_Receive_IT                        0x08003758   Section        0  stm32f4xx_hal_uart.o(i.UART_Receive_IT)
    UART_Receive_IT                          0x08003759   Thumb Code   194  stm32f4xx_hal_uart.o(i.UART_Receive_IT)
    i.UART_SetConfig                         0x0800381c   Section        0  stm32f4xx_hal_uart.o(i.UART_SetConfig)
    UART_SetConfig                           0x0800381d   Thumb Code   258  stm32f4xx_hal_uart.o(i.UART_SetConfig)
    i.UART_Start_Receive_IT                  0x08003928   Section        0  stm32f4xx_hal_uart.o(i.UART_Start_Receive_IT)
    i.UART_WaitOnFlagUntilTimeout            0x0800395e   Section        0  stm32f4xx_hal_uart.o(i.UART_WaitOnFlagUntilTimeout)
    UART_WaitOnFlagUntilTimeout              0x0800395f   Thumb Code   114  stm32f4xx_hal_uart.o(i.UART_WaitOnFlagUntilTimeout)
    i.USART1_IRQHandler                      0x080039d0   Section        0  stm32f4xx_it.o(i.USART1_IRQHandler)
    i.USART6_IRQHandler                      0x080039dc   Section        0  stm32f4xx_it.o(i.USART6_IRQHandler)
    i.UsageFault_Handler                     0x080039e8   Section        0  stm32f4xx_it.o(i.UsageFault_Handler)
    i.WriteRawRC                             0x080039ec   Section        0  rc522_function.o(i.WriteRawRC)
    i.__NVIC_SetPriority                     0x08003ac4   Section        0  stm32f4xx_hal_cortex.o(i.__NVIC_SetPriority)
    __NVIC_SetPriority                       0x08003ac5   Thumb Code    32  stm32f4xx_hal_cortex.o(i.__NVIC_SetPriority)
    i._is_digit                              0x08003ae4   Section        0  __printf_wp.o(i._is_digit)
    i.main                                   0x08003af4   Section        0  main.o(i.main)
    i.press_FR                               0x080044c0   Section        0  as608.o(i.press_FR)
    x$fpl$fpinit                             0x08004674   Section       10  fpinit.o(x$fpl$fpinit)
    $v0                                      0x08004674   Number         0  fpinit.o(x$fpl$fpinit)
    .constdata                               0x0800467e   Section     1520  oled_data.o(.constdata)
    .constdata                               0x08004c6e   Section      570  oled_data.o(.constdata)
    .constdata                               0x08004ea8   Section     2800  oled_data.o(.constdata)
    .constdata                               0x08005998   Section      320  oled_data.o(.constdata)
    .constdata                               0x08005ad8   Section       16  system_stm32f4xx.o(.constdata)
    .constdata                               0x08005ae8   Section        8  system_stm32f4xx.o(.constdata)
    .constdata                               0x08005af0   Section       17  __printf_flags_ss_wp.o(.constdata)
    maptable                                 0x08005af0   Data          17  __printf_flags_ss_wp.o(.constdata)
    .data                                    0x20000000   Section        1  keypad.o(.data)
    .data                                    0x20000004   Section        8  as608.o(.data)
    .data                                    0x2000000c   Section       35  main.o(.data)
    .data                                    0x20000030   Section       12  stm32f4xx_hal.o(.data)
    .data                                    0x2000003c   Section        4  system_stm32f4xx.o(.data)
    .bss                                     0x20000040   Section     1024  oled.o(.bss)
    .bss                                     0x20000440   Section      291  main.o(.bss)
    .bss                                     0x20000564   Section      216  tim.o(.bss)
    .bss                                     0x2000063c   Section      400  usart.o(.bss)
    .bss                                     0x200007cc   Section      144  usart.o(.bss)
    .bss                                     0x2000085c   Section       96  libspace.o(.bss)
    HEAP                                     0x200008c0   Section      512  startup_stm32f411xe.o(HEAP)
    Heap_Mem                                 0x200008c0   Data         512  startup_stm32f411xe.o(HEAP)
    STACK                                    0x20000ac0   Section     1024  startup_stm32f411xe.o(STACK)
    Stack_Mem                                0x20000ac0   Data        1024  startup_stm32f411xe.o(STACK)
    __initial_sp                             0x20000ec0   Data           0  startup_stm32f411xe.o(STACK)

    Global Symbols

    Symbol Name                              Value     Ov Type        Size  Object(Section)

    BuildAttributes$$THM_ISAv4$E$P$D$K$B$S$7EM$VFPi3$EXTD16$VFPS$VFMA$PE$A:L22UL41UL21$X:L11$S22US41US21$IEEE1$IW$USESV6$~STKCKD$USESV7$~SHL$OTIME$ROPI$IEEEX$EBA8$UX$STANDARDLIB$REQ8$PRES8$EABIv2 0x00000000   Number         0  anon$$obj.o ABSOLUTE
    __ARM_use_no_argv                        0x00000000   Number         0  main.o ABSOLUTE
    _printf_flags                            0x00000000   Number         0  printf_stubs.o ABSOLUTE
    _printf_return_value                     0x00000000   Number         0  printf_stubs.o ABSOLUTE
    _printf_sizespec                         0x00000000   Number         0  printf_stubs.o ABSOLUTE
    _printf_widthprec                        0x00000000   Number         0  printf_stubs.o ABSOLUTE
    __ARM_exceptions_init                     - Undefined Weak Reference
    __alloca_initialize                       - Undefined Weak Reference
    __arm_preinit_                            - Undefined Weak Reference
    __cpp_initialize__aeabi_                  - Undefined Weak Reference
    __cxa_finalize                            - Undefined Weak Reference
    __sigvec_lookup                           - Undefined Weak Reference
    _atexit_init                              - Undefined Weak Reference
    _call_atexit_fns                          - Undefined Weak Reference
    _clock_init                               - Undefined Weak Reference
    _fp_trap_init                             - Undefined Weak Reference
    _fp_trap_shutdown                         - Undefined Weak Reference
    _get_lc_collate                           - Undefined Weak Reference
    _get_lc_monetary                          - Undefined Weak Reference
    _get_lc_time                              - Undefined Weak Reference
    _getenv_init                              - Undefined Weak Reference
    _handle_redirection                       - Undefined Weak Reference
    _init_alloc                               - Undefined Weak Reference
    _init_user_alloc                          - Undefined Weak Reference
    _initio                                   - Undefined Weak Reference
    _printf_mbtowc                            - Undefined Weak Reference
    _printf_wc                                - Undefined Weak Reference
    _rand_init                                - Undefined Weak Reference
    _signal_finish                            - Undefined Weak Reference
    _signal_init                              - Undefined Weak Reference
    _terminate_alloc                          - Undefined Weak Reference
    _terminate_user_alloc                     - Undefined Weak Reference
    _terminateio                              - Undefined Weak Reference
    __Vectors_Size                           0x00000198   Number         0  startup_stm32f411xe.o ABSOLUTE
    __Vectors                                0x08000000   Data           4  startup_stm32f411xe.o(RESET)
    __Vectors_End                            0x08000198   Data           0  startup_stm32f411xe.o(RESET)
    __main                                   0x08000199   Thumb Code     8  __main.o(!!!main)
    __scatterload                            0x080001a1   Thumb Code     0  __scatter.o(!!!scatter)
    __scatterload_rt2                        0x080001a1   Thumb Code    44  __scatter.o(!!!scatter)
    __scatterload_rt2_thumb_only             0x080001a1   Thumb Code     0  __scatter.o(!!!scatter)
    __scatterload_null                       0x080001af   Thumb Code     0  __scatter.o(!!!scatter)
    __scatterload_copy                       0x080001d5   Thumb Code    26  __scatter_copy.o(!!handler_copy)
    __scatterload_zeroinit                   0x080001f1   Thumb Code    28  __scatter_zi.o(!!handler_zi)
    _printf_percent                          0x0800020d   Thumb Code     0  _printf_percent.o(.ARM.Collect$$_printf_percent$$00000000)
    _printf_percent_end                      0x0800020d   Thumb Code     0  _printf_percent_end.o(.ARM.Collect$$_printf_percent$$00000017)
    __rt_lib_init                            0x08000211   Thumb Code     0  libinit.o(.ARM.Collect$$libinit$$00000000)
    __rt_lib_init_fp_1                       0x08000213   Thumb Code     0  libinit2.o(.ARM.Collect$$libinit$$00000001)
    __rt_lib_init_alloca_1                   0x08000217   Thumb Code     0  libinit2.o(.ARM.Collect$$libinit$$0000002E)
    __rt_lib_init_argv_1                     0x08000217   Thumb Code     0  libinit2.o(.ARM.Collect$$libinit$$0000002C)
    __rt_lib_init_atexit_1                   0x08000217   Thumb Code     0  libinit2.o(.ARM.Collect$$libinit$$0000001B)
    __rt_lib_init_clock_1                    0x08000217   Thumb Code     0  libinit2.o(.ARM.Collect$$libinit$$00000021)
    __rt_lib_init_cpp_1                      0x08000217   Thumb Code     0  libinit2.o(.ARM.Collect$$libinit$$00000032)
    __rt_lib_init_exceptions_1               0x08000217   Thumb Code     0  libinit2.o(.ARM.Collect$$libinit$$00000030)
    __rt_lib_init_fp_trap_1                  0x08000217   Thumb Code     0  libinit2.o(.ARM.Collect$$libinit$$0000001F)
    __rt_lib_init_getenv_1                   0x08000217   Thumb Code     0  libinit2.o(.ARM.Collect$$libinit$$00000023)
    __rt_lib_init_heap_1                     0x08000217   Thumb Code     0  libinit2.o(.ARM.Collect$$libinit$$0000000A)
    __rt_lib_init_lc_collate_1               0x08000217   Thumb Code     0  libinit2.o(.ARM.Collect$$libinit$$00000011)
    __rt_lib_init_lc_ctype_1                 0x08000217   Thumb Code     0  libinit2.o(.ARM.Collect$$libinit$$00000013)
    __rt_lib_init_lc_monetary_1              0x08000217   Thumb Code     0  libinit2.o(.ARM.Collect$$libinit$$00000015)
    __rt_lib_init_lc_numeric_1               0x08000217   Thumb Code     0  libinit2.o(.ARM.Collect$$libinit$$00000017)
    __rt_lib_init_lc_time_1                  0x08000217   Thumb Code     0  libinit2.o(.ARM.Collect$$libinit$$00000019)
    __rt_lib_init_preinit_1                  0x08000217   Thumb Code     0  libinit2.o(.ARM.Collect$$libinit$$00000004)
    __rt_lib_init_rand_1                     0x08000217   Thumb Code     0  libinit2.o(.ARM.Collect$$libinit$$0000000E)
    __rt_lib_init_return                     0x08000217   Thumb Code     0  libinit2.o(.ARM.Collect$$libinit$$00000033)
    __rt_lib_init_signal_1                   0x08000217   Thumb Code     0  libinit2.o(.ARM.Collect$$libinit$$0000001D)
    __rt_lib_init_stdio_1                    0x08000217   Thumb Code     0  libinit2.o(.ARM.Collect$$libinit$$00000025)
    __rt_lib_init_user_alloc_1               0x08000217   Thumb Code     0  libinit2.o(.ARM.Collect$$libinit$$0000000C)
    __rt_lib_shutdown                        0x08000219   Thumb Code     0  libshutdown.o(.ARM.Collect$$libshutdown$$00000000)
    __rt_lib_shutdown_cpp_1                  0x0800021b   Thumb Code     0  libshutdown2.o(.ARM.Collect$$libshutdown$$00000002)
    __rt_lib_shutdown_fp_trap_1              0x0800021b   Thumb Code     0  libshutdown2.o(.ARM.Collect$$libshutdown$$00000007)
    __rt_lib_shutdown_heap_1                 0x0800021b   Thumb Code     0  libshutdown2.o(.ARM.Collect$$libshutdown$$0000000F)
    __rt_lib_shutdown_return                 0x0800021b   Thumb Code     0  libshutdown2.o(.ARM.Collect$$libshutdown$$00000010)
    __rt_lib_shutdown_signal_1               0x0800021b   Thumb Code     0  libshutdown2.o(.ARM.Collect$$libshutdown$$0000000A)
    __rt_lib_shutdown_stdio_1                0x0800021b   Thumb Code     0  libshutdown2.o(.ARM.Collect$$libshutdown$$00000004)
    __rt_lib_shutdown_user_alloc_1           0x0800021b   Thumb Code     0  libshutdown2.o(.ARM.Collect$$libshutdown$$0000000C)
    __rt_entry                               0x0800021d   Thumb Code     0  __rtentry.o(.ARM.Collect$$rtentry$$00000000)
    __rt_entry_presh_1                       0x0800021d   Thumb Code     0  __rtentry2.o(.ARM.Collect$$rtentry$$00000002)
    __rt_entry_sh                            0x0800021d   Thumb Code     0  __rtentry4.o(.ARM.Collect$$rtentry$$00000004)
    __rt_entry_li                            0x08000223   Thumb Code     0  __rtentry2.o(.ARM.Collect$$rtentry$$0000000A)
    __rt_entry_postsh_1                      0x08000223   Thumb Code     0  __rtentry2.o(.ARM.Collect$$rtentry$$00000009)
    __rt_entry_main                          0x08000227   Thumb Code     0  __rtentry2.o(.ARM.Collect$$rtentry$$0000000D)
    __rt_entry_postli_1                      0x08000227   Thumb Code     0  __rtentry2.o(.ARM.Collect$$rtentry$$0000000C)
    __rt_exit                                0x0800022f   Thumb Code     0  rtexit.o(.ARM.Collect$$rtexit$$00000000)
    __rt_exit_ls                             0x08000231   Thumb Code     0  rtexit2.o(.ARM.Collect$$rtexit$$00000003)
    __rt_exit_prels_1                        0x08000231   Thumb Code     0  rtexit2.o(.ARM.Collect$$rtexit$$00000002)
    __rt_exit_exit                           0x08000235   Thumb Code     0  rtexit2.o(.ARM.Collect$$rtexit$$00000004)
    Reset_Handler                            0x0800023d   Thumb Code     8  startup_stm32f411xe.o(.text)
    ADC_IRQHandler                           0x08000257   Thumb Code     0  startup_stm32f411xe.o(.text)
    DMA1_Stream0_IRQHandler                  0x08000257   Thumb Code     0  startup_stm32f411xe.o(.text)
    DMA1_Stream1_IRQHandler                  0x08000257   Thumb Code     0  startup_stm32f411xe.o(.text)
    DMA1_Stream2_IRQHandler                  0x08000257   Thumb Code     0  startup_stm32f411xe.o(.text)
    DMA1_Stream3_IRQHandler                  0x08000257   Thumb Code     0  startup_stm32f411xe.o(.text)
    DMA1_Stream4_IRQHandler                  0x08000257   Thumb Code     0  startup_stm32f411xe.o(.text)
    DMA1_Stream5_IRQHandler                  0x08000257   Thumb Code     0  startup_stm32f411xe.o(.text)
    DMA1_Stream6_IRQHandler                  0x08000257   Thumb Code     0  startup_stm32f411xe.o(.text)
    DMA1_Stream7_IRQHandler                  0x08000257   Thumb Code     0  startup_stm32f411xe.o(.text)
    DMA2_Stream0_IRQHandler                  0x08000257   Thumb Code     0  startup_stm32f411xe.o(.text)
    DMA2_Stream1_IRQHandler                  0x08000257   Thumb Code     0  startup_stm32f411xe.o(.text)
    DMA2_Stream2_IRQHandler                  0x08000257   Thumb Code     0  startup_stm32f411xe.o(.text)
    DMA2_Stream3_IRQHandler                  0x08000257   Thumb Code     0  startup_stm32f411xe.o(.text)
    DMA2_Stream4_IRQHandler                  0x08000257   Thumb Code     0  startup_stm32f411xe.o(.text)
    DMA2_Stream5_IRQHandler                  0x08000257   Thumb Code     0  startup_stm32f411xe.o(.text)
    DMA2_Stream6_IRQHandler                  0x08000257   Thumb Code     0  startup_stm32f411xe.o(.text)
    DMA2_Stream7_IRQHandler                  0x08000257   Thumb Code     0  startup_stm32f411xe.o(.text)
    EXTI0_IRQHandler                         0x08000257   Thumb Code     0  startup_stm32f411xe.o(.text)
    EXTI15_10_IRQHandler                     0x08000257   Thumb Code     0  startup_stm32f411xe.o(.text)
    EXTI1_IRQHandler                         0x08000257   Thumb Code     0  startup_stm32f411xe.o(.text)
    EXTI2_IRQHandler                         0x08000257   Thumb Code     0  startup_stm32f411xe.o(.text)
    EXTI3_IRQHandler                         0x08000257   Thumb Code     0  startup_stm32f411xe.o(.text)
    EXTI4_IRQHandler                         0x08000257   Thumb Code     0  startup_stm32f411xe.o(.text)
    EXTI9_5_IRQHandler                       0x08000257   Thumb Code     0  startup_stm32f411xe.o(.text)
    FLASH_IRQHandler                         0x08000257   Thumb Code     0  startup_stm32f411xe.o(.text)
    FPU_IRQHandler                           0x08000257   Thumb Code     0  startup_stm32f411xe.o(.text)
    I2C1_ER_IRQHandler                       0x08000257   Thumb Code     0  startup_stm32f411xe.o(.text)
    I2C1_EV_IRQHandler                       0x08000257   Thumb Code     0  startup_stm32f411xe.o(.text)
    I2C2_ER_IRQHandler                       0x08000257   Thumb Code     0  startup_stm32f411xe.o(.text)
    I2C2_EV_IRQHandler                       0x08000257   Thumb Code     0  startup_stm32f411xe.o(.text)
    I2C3_ER_IRQHandler                       0x08000257   Thumb Code     0  startup_stm32f411xe.o(.text)
    I2C3_EV_IRQHandler                       0x08000257   Thumb Code     0  startup_stm32f411xe.o(.text)
    OTG_FS_IRQHandler                        0x08000257   Thumb Code     0  startup_stm32f411xe.o(.text)
    OTG_FS_WKUP_IRQHandler                   0x08000257   Thumb Code     0  startup_stm32f411xe.o(.text)
    PVD_IRQHandler                           0x08000257   Thumb Code     0  startup_stm32f411xe.o(.text)
    RCC_IRQHandler                           0x08000257   Thumb Code     0  startup_stm32f411xe.o(.text)
    RTC_Alarm_IRQHandler                     0x08000257   Thumb Code     0  startup_stm32f411xe.o(.text)
    RTC_WKUP_IRQHandler                      0x08000257   Thumb Code     0  startup_stm32f411xe.o(.text)
    SDIO_IRQHandler                          0x08000257   Thumb Code     0  startup_stm32f411xe.o(.text)
    SPI1_IRQHandler                          0x08000257   Thumb Code     0  startup_stm32f411xe.o(.text)
    SPI2_IRQHandler                          0x08000257   Thumb Code     0  startup_stm32f411xe.o(.text)
    SPI3_IRQHandler                          0x08000257   Thumb Code     0  startup_stm32f411xe.o(.text)
    SPI4_IRQHandler                          0x08000257   Thumb Code     0  startup_stm32f411xe.o(.text)
    SPI5_IRQHandler                          0x08000257   Thumb Code     0  startup_stm32f411xe.o(.text)
    TAMP_STAMP_IRQHandler                    0x08000257   Thumb Code     0  startup_stm32f411xe.o(.text)
    TIM1_BRK_TIM9_IRQHandler                 0x08000257   Thumb Code     0  startup_stm32f411xe.o(.text)
    TIM1_CC_IRQHandler                       0x08000257   Thumb Code     0  startup_stm32f411xe.o(.text)
    TIM1_TRG_COM_TIM11_IRQHandler            0x08000257   Thumb Code     0  startup_stm32f411xe.o(.text)
    TIM1_UP_TIM10_IRQHandler                 0x08000257   Thumb Code     0  startup_stm32f411xe.o(.text)
    TIM2_IRQHandler                          0x08000257   Thumb Code     0  startup_stm32f411xe.o(.text)
    TIM5_IRQHandler                          0x08000257   Thumb Code     0  startup_stm32f411xe.o(.text)
    USART2_IRQHandler                        0x08000257   Thumb Code     0  startup_stm32f411xe.o(.text)
    WWDG_IRQHandler                          0x08000257   Thumb Code     0  startup_stm32f411xe.o(.text)
    __user_initial_stackheap                 0x08000259   Thumb Code     0  startup_stm32f411xe.o(.text)
    __aeabi_uldivmod                         0x0800027d   Thumb Code     0  lludivv7m.o(.text)
    _ll_udiv                                 0x0800027d   Thumb Code   238  lludivv7m.o(.text)
    __2sprintf                               0x0800036d   Thumb Code    38  __2sprintf.o(.text)
    strstr                                   0x08000399   Thumb Code    36  strstr.o(.text)
    memcmp                                   0x080003bd   Thumb Code    88  memcmp.o(.text)
    strcpy                                   0x08000415   Thumb Code    72  strcpy.o(.text)
    __aeabi_memclr4                          0x0800045d   Thumb Code     0  rt_memclr_w.o(.text)
    __aeabi_memclr8                          0x0800045d   Thumb Code     0  rt_memclr_w.o(.text)
    __rt_memclr_w                            0x0800045d   Thumb Code    78  rt_memclr_w.o(.text)
    _memset_w                                0x08000461   Thumb Code     0  rt_memclr_w.o(.text)
    strcmp                                   0x080004ad   Thumb Code   128  strcmpv7m.o(.text)
    __use_two_region_memory                  0x0800052d   Thumb Code     2  heapauxi.o(.text)
    __rt_heap_escrow$2region                 0x0800052f   Thumb Code     2  heapauxi.o(.text)
    __rt_heap_expand$2region                 0x08000531   Thumb Code     2  heapauxi.o(.text)
    _printf_char_common                      0x0800053f   Thumb Code    32  _printf_char_common.o(.text)
    _sputc                                   0x08000565   Thumb Code    10  _sputc.o(.text)
    __printf                                 0x08000571   Thumb Code   388  __printf_flags_ss_wp.o(.text)
    __user_libspace                          0x080006f9   Thumb Code     8  libspace.o(.text)
    __user_perproc_libspace                  0x080006f9   Thumb Code     0  libspace.o(.text)
    __user_perthread_libspace                0x080006f9   Thumb Code     0  libspace.o(.text)
    __user_setup_stackheap                   0x08000701   Thumb Code    74  sys_stackheap_outer.o(.text)
    exit                                     0x0800074b   Thumb Code    18  exit.o(.text)
    _sys_exit                                0x0800075d   Thumb Code     8  sys_exit.o(.text)
    __I$use$semihosting                      0x08000769   Thumb Code     0  use_no_semi.o(.text)
    __use_no_semihosting_swi                 0x08000769   Thumb Code     2  use_no_semi.o(.text)
    __semihosting_library_function           0x0800076b   Thumb Code     0  indicate_semi.o(.text)
    Add_FR                                   0x0800076d   Thumb Code   750  as608.o(i.Add_FR)
    BusFault_Handler                         0x08000b79   Thumb Code     2  stm32f4xx_it.o(i.BusFault_Handler)
    ClearBitMask                             0x08000b7b   Thumb Code    24  rc522_function.o(i.ClearBitMask)
    DebugMon_Handler                         0x08000b93   Thumb Code     2  stm32f4xx_it.o(i.DebugMon_Handler)
    Del_FR                                   0x08000b95   Thumb Code   358  as608.o(i.Del_FR)
    Delay_ms                                 0x08000da9   Thumb Code    22  delay.o(i.Delay_ms)
    Delay_us                                 0x08000dc1   Thumb Code    56  delay.o(i.Delay_us)
    Error_Handler                            0x08000dfd   Thumb Code     4  main.o(i.Error_Handler)
    HAL_DMA_Abort                            0x08000e01   Thumb Code   146  stm32f4xx_hal_dma.o(i.HAL_DMA_Abort)
    HAL_DMA_Abort_IT                         0x08000e93   Thumb Code    36  stm32f4xx_hal_dma.o(i.HAL_DMA_Abort_IT)
    HAL_GPIO_Init                            0x08000eb9   Thumb Code   446  stm32f4xx_hal_gpio.o(i.HAL_GPIO_Init)
    HAL_GPIO_ReadPin                         0x08001099   Thumb Code    10  stm32f4xx_hal_gpio.o(i.HAL_GPIO_ReadPin)
    HAL_GPIO_WritePin                        0x080010a3   Thumb Code    10  stm32f4xx_hal_gpio.o(i.HAL_GPIO_WritePin)
    HAL_GetTick                              0x080010ad   Thumb Code     6  stm32f4xx_hal.o(i.HAL_GetTick)
    HAL_IncTick                              0x080010b9   Thumb Code    12  stm32f4xx_hal.o(i.HAL_IncTick)
    HAL_Init                                 0x080010c9   Thumb Code    48  stm32f4xx_hal.o(i.HAL_Init)
    HAL_InitTick                             0x080010fd   Thumb Code    54  stm32f4xx_hal.o(i.HAL_InitTick)
    HAL_MspInit                              0x0800113d   Thumb Code    42  stm32f4xx_hal_msp.o(i.HAL_MspInit)
    HAL_NVIC_EnableIRQ                       0x0800116d   Thumb Code    26  stm32f4xx_hal_cortex.o(i.HAL_NVIC_EnableIRQ)
    HAL_NVIC_SetPriority                     0x08001189   Thumb Code    60  stm32f4xx_hal_cortex.o(i.HAL_NVIC_SetPriority)
    HAL_NVIC_SetPriorityGrouping             0x080011c9   Thumb Code    26  stm32f4xx_hal_cortex.o(i.HAL_NVIC_SetPriorityGrouping)
    HAL_RCC_ClockConfig                      0x080011ed   Thumb Code   288  stm32f4xx_hal_rcc.o(i.HAL_RCC_ClockConfig)
    HAL_RCC_GetPCLK1Freq                     0x08001321   Thumb Code    20  stm32f4xx_hal_rcc.o(i.HAL_RCC_GetPCLK1Freq)
    HAL_RCC_GetPCLK2Freq                     0x08001341   Thumb Code    20  stm32f4xx_hal_rcc.o(i.HAL_RCC_GetPCLK2Freq)
    HAL_RCC_GetSysClockFreq                  0x08001361   Thumb Code    88  stm32f4xx_hal_rcc.o(i.HAL_RCC_GetSysClockFreq)
    HAL_RCC_OscConfig                        0x080013c5   Thumb Code   856  stm32f4xx_hal_rcc.o(i.HAL_RCC_OscConfig)
    HAL_SYSTICK_Config                       0x08001731   Thumb Code    40  stm32f4xx_hal_cortex.o(i.HAL_SYSTICK_Config)
    HAL_TIMEx_BreakCallback                  0x08001759   Thumb Code     2  stm32f4xx_hal_tim_ex.o(i.HAL_TIMEx_BreakCallback)
    HAL_TIMEx_CommutCallback                 0x0800175b   Thumb Code     2  stm32f4xx_hal_tim_ex.o(i.HAL_TIMEx_CommutCallback)
    HAL_TIMEx_MasterConfigSynchronization    0x0800175d   Thumb Code   104  stm32f4xx_hal_tim_ex.o(i.HAL_TIMEx_MasterConfigSynchronization)
    HAL_TIM_Base_Init                        0x080017d9   Thumb Code    90  stm32f4xx_hal_tim.o(i.HAL_TIM_Base_Init)
    HAL_TIM_Base_MspInit                     0x08001835   Thumb Code   108  tim.o(i.HAL_TIM_Base_MspInit)
    HAL_TIM_Base_Start                       0x080018ad   Thumb Code    78  stm32f4xx_hal_tim.o(i.HAL_TIM_Base_Start)
    HAL_TIM_Base_Start_IT                    0x08001911   Thumb Code    88  stm32f4xx_hal_tim.o(i.HAL_TIM_Base_Start_IT)
    HAL_TIM_Base_Stop                        0x0800197d   Thumb Code    38  stm32f4xx_hal_tim.o(i.HAL_TIM_Base_Stop)
    HAL_TIM_ConfigClockSource                0x080019a3   Thumb Code   220  stm32f4xx_hal_tim.o(i.HAL_TIM_ConfigClockSource)
    HAL_TIM_IC_CaptureCallback               0x08001a7f   Thumb Code     2  stm32f4xx_hal_tim.o(i.HAL_TIM_IC_CaptureCallback)
    HAL_TIM_IRQHandler                       0x08001a81   Thumb Code   304  stm32f4xx_hal_tim.o(i.HAL_TIM_IRQHandler)
    HAL_TIM_MspPostInit                      0x08001bb1   Thumb Code    68  tim.o(i.HAL_TIM_MspPostInit)
    HAL_TIM_OC_DelayElapsedCallback          0x08001bfd   Thumb Code     2  stm32f4xx_hal_tim.o(i.HAL_TIM_OC_DelayElapsedCallback)
    HAL_TIM_PWM_ConfigChannel                0x08001bff   Thumb Code   204  stm32f4xx_hal_tim.o(i.HAL_TIM_PWM_ConfigChannel)
    HAL_TIM_PWM_Init                         0x08001ccb   Thumb Code    90  stm32f4xx_hal_tim.o(i.HAL_TIM_PWM_Init)
    HAL_TIM_PWM_MspInit                      0x08001d25   Thumb Code     2  stm32f4xx_hal_tim.o(i.HAL_TIM_PWM_MspInit)
    HAL_TIM_PWM_PulseFinishedCallback        0x08001d27   Thumb Code     2  stm32f4xx_hal_tim.o(i.HAL_TIM_PWM_PulseFinishedCallback)
    HAL_TIM_PWM_Start                        0x08001d29   Thumb Code   156  stm32f4xx_hal_tim.o(i.HAL_TIM_PWM_Start)
    HAL_TIM_PeriodElapsedCallback            0x08001dd9   Thumb Code     2  stm32f4xx_hal_tim.o(i.HAL_TIM_PeriodElapsedCallback)
    HAL_TIM_TriggerCallback                  0x08001ddb   Thumb Code     2  stm32f4xx_hal_tim.o(i.HAL_TIM_TriggerCallback)
    HAL_UARTEx_RxEventCallback               0x08001ddd   Thumb Code     2  stm32f4xx_hal_uart.o(i.HAL_UARTEx_RxEventCallback)
    HAL_UART_ErrorCallback                   0x08001ddf   Thumb Code     2  stm32f4xx_hal_uart.o(i.HAL_UART_ErrorCallback)
    HAL_UART_IRQHandler                      0x08001de1   Thumb Code   618  stm32f4xx_hal_uart.o(i.HAL_UART_IRQHandler)
    HAL_UART_Init                            0x08002051   Thumb Code   100  stm32f4xx_hal_uart.o(i.HAL_UART_Init)
    HAL_UART_MspInit                         0x080020b5   Thumb Code   178  usart.o(i.HAL_UART_MspInit)
    HAL_UART_Receive                         0x08002179   Thumb Code   176  stm32f4xx_hal_uart.o(i.HAL_UART_Receive)
    HAL_UART_Receive_IT                      0x08002229   Thumb Code    28  stm32f4xx_hal_uart.o(i.HAL_UART_Receive_IT)
    HAL_UART_RxCpltCallback                  0x08002245   Thumb Code    46  main.o(i.HAL_UART_RxCpltCallback)
    HAL_UART_Transmit                        0x08002285   Thumb Code   160  stm32f4xx_hal_uart.o(i.HAL_UART_Transmit)
    HAL_UART_TxCpltCallback                  0x08002325   Thumb Code     2  stm32f4xx_hal_uart.o(i.HAL_UART_TxCpltCallback)
    HardFault_Handler                        0x08002327   Thumb Code     2  stm32f4xx_it.o(i.HardFault_Handler)
    Keypad_scan                              0x08002395   Thumb Code   646  keypad.o(i.Keypad_scan)
    MX_GPIO_Init                             0x08002625   Thumb Code   200  gpio.o(i.MX_GPIO_Init)
    MX_TIM2_Init                             0x080026f9   Thumb Code   150  tim.o(i.MX_TIM2_Init)
    MX_TIM3_Init                             0x08002795   Thumb Code    94  tim.o(i.MX_TIM3_Init)
    MX_TIM4_Init                             0x080027fd   Thumb Code    94  tim.o(i.MX_TIM4_Init)
    MX_USART1_UART_Init                      0x08002865   Thumb Code    48  usart.o(i.MX_USART1_UART_Init)
    MX_USART6_UART_Init                      0x0800289d   Thumb Code    48  usart.o(i.MX_USART6_UART_Init)
    MemManage_Handler                        0x080028d5   Thumb Code     2  stm32f4xx_it.o(i.MemManage_Handler)
    NMI_Handler                              0x080028f1   Thumb Code     2  stm32f4xx_it.o(i.NMI_Handler)
    OLED_Clear                               0x080028f5   Thumb Code    38  oled.o(i.OLED_Clear)
    OLED_ClearArea                           0x08002921   Thumb Code    94  oled.o(i.OLED_ClearArea)
    OLED_GPIO_Init                           0x08002985   Thumb Code    42  oled.o(i.OLED_GPIO_Init)
    OLED_I2C_SendByte                        0x080029af   Thumb Code    58  oled.o(i.OLED_I2C_SendByte)
    OLED_I2C_Start                           0x080029e9   Thumb Code    30  oled.o(i.OLED_I2C_Start)
    OLED_I2C_Stop                            0x08002a07   Thumb Code    24  oled.o(i.OLED_I2C_Stop)
    OLED_Init                                0x08002a1f   Thumb Code   156  oled.o(i.OLED_Init)
    OLED_Pow                                 0x08002abb   Thumb Code    14  oled.o(i.OLED_Pow)
    OLED_SetCursor                           0x08002ac9   Thumb Code    34  oled.o(i.OLED_SetCursor)
    OLED_ShowChar                            0x08002aed   Thumb Code    60  oled.o(i.OLED_ShowChar)
    OLED_ShowChinese                         0x08002b31   Thumb Code   136  oled.o(i.OLED_ShowChinese)
    OLED_ShowImage                           0x08002bc1   Thumb Code   172  oled.o(i.OLED_ShowImage)
    OLED_ShowNum                             0x08002c71   Thumb Code    74  oled.o(i.OLED_ShowNum)
    OLED_ShowString                          0x08002cbb   Thumb Code    48  oled.o(i.OLED_ShowString)
    OLED_Update                              0x08002ced   Thumb Code    34  oled.o(i.OLED_Update)
    OLED_W_SCL                               0x08002d15   Thumb Code    12  oled.o(i.OLED_W_SCL)
    OLED_W_SDA                               0x08002d25   Thumb Code    12  oled.o(i.OLED_W_SDA)
    OLED_WriteCommand                        0x08002d35   Thumb Code    34  oled.o(i.OLED_WriteCommand)
    OLED_WriteData                           0x08002d57   Thumb Code    48  oled.o(i.OLED_WriteData)
    PS_DeletChar                             0x08002d87   Thumb Code    94  as608.o(i.PS_DeletChar)
    PS_Empty                                 0x08002de5   Thumb Code    52  as608.o(i.PS_Empty)
    PS_GenChar                               0x08002e19   Thumb Code    60  as608.o(i.PS_GenChar)
    PS_GetImage                              0x08002e55   Thumb Code    52  as608.o(i.PS_GetImage)
    PS_HighSpeedSearch                       0x08002e89   Thumb Code   132  as608.o(i.PS_HighSpeedSearch)
    PS_Match                                 0x08002f0d   Thumb Code    52  as608.o(i.PS_Match)
    PS_RegModel                              0x08002f41   Thumb Code    52  as608.o(i.PS_RegModel)
    PS_StoreChar                             0x08002f75   Thumb Code    82  as608.o(i.PS_StoreChar)
    PcdAntennaOff                            0x08002fc7   Thumb Code     8  rc522_function.o(i.PcdAntennaOff)
    PcdAntennaOn                             0x08002fcf   Thumb Code    26  rc522_function.o(i.PcdAntennaOn)
    PcdAnticoll                              0x08002fe9   Thumb Code   108  rc522_function.o(i.PcdAnticoll)
    PcdComMF522                              0x08003055   Thumb Code   284  rc522_function.o(i.PcdComMF522)
    PcdRequest                               0x08003171   Thumb Code    82  rc522_function.o(i.PcdRequest)
    PcdReset                                 0x080031c5   Thumb Code   130  rc522_function.o(i.PcdReset)
    PendSV_Handler                           0x0800324d   Thumb Code     2  stm32f4xx_it.o(i.PendSV_Handler)
    ReadRawRC                                0x08003251   Thumb Code   218  rc522_function.o(i.ReadRawRC)
    Reset_code                               0x08003331   Thumb Code    18  main.o(i.Reset_code)
    SVC_Handler                              0x08003349   Thumb Code     2  stm32f4xx_it.o(i.SVC_Handler)
    SetBitMask                               0x080033b9   Thumb Code    24  rc522_function.o(i.SetBitMask)
    SysTick_Handler                          0x080033d1   Thumb Code     4  stm32f4xx_it.o(i.SysTick_Handler)
    SystemClock_Config                       0x080033d5   Thumb Code   136  main.o(i.SystemClock_Config)
    SystemInit                               0x08003465   Thumb Code    12  system_stm32f4xx.o(i.SystemInit)
    TIM3_IRQHandler                          0x08003475   Thumb Code     6  stm32f4xx_it.o(i.TIM3_IRQHandler)
    TIM4_IRQHandler                          0x08003481   Thumb Code     6  stm32f4xx_it.o(i.TIM4_IRQHandler)
    TIM_Base_SetConfig                       0x0800348d   Thumb Code   136  stm32f4xx_hal_tim.o(i.TIM_Base_SetConfig)
    TIM_CCxChannelCmd                        0x08003531   Thumb Code    26  stm32f4xx_hal_tim.o(i.TIM_CCxChannelCmd)
    TIM_ETR_SetConfig                        0x0800354b   Thumb Code    20  stm32f4xx_hal_tim.o(i.TIM_ETR_SetConfig)
    TIM_OC2_SetConfig                        0x080035c1   Thumb Code    84  stm32f4xx_hal_tim.o(i.TIM_OC2_SetConfig)
    UART_Start_Receive_IT                    0x08003929   Thumb Code    54  stm32f4xx_hal_uart.o(i.UART_Start_Receive_IT)
    USART1_IRQHandler                        0x080039d1   Thumb Code     6  stm32f4xx_it.o(i.USART1_IRQHandler)
    USART6_IRQHandler                        0x080039dd   Thumb Code     6  stm32f4xx_it.o(i.USART6_IRQHandler)
    UsageFault_Handler                       0x080039e9   Thumb Code     2  stm32f4xx_it.o(i.UsageFault_Handler)
    WriteRawRC                               0x080039ed   Thumb Code   212  rc522_function.o(i.WriteRawRC)
    _is_digit                                0x08003ae5   Thumb Code    14  __printf_wp.o(i._is_digit)
    main                                     0x08003af5   Thumb Code  2388  main.o(i.main)
    press_FR                                 0x080044c1   Thumb Code   290  as608.o(i.press_FR)
    _fp_init                                 0x08004675   Thumb Code    10  fpinit.o(x$fpl$fpinit)
    __fplib_config_fpu_vfp                   0x0800467d   Thumb Code     0  fpinit.o(x$fpl$fpinit)
    __fplib_config_pureend_doubles           0x0800467d   Thumb Code     0  fpinit.o(x$fpl$fpinit)
    OLED_F8x16                               0x0800467e   Data        1520  oled_data.o(.constdata)
    OLED_F6x8                                0x08004c6e   Data         570  oled_data.o(.constdata)
    OLED_CF16x16                             0x08004ea8   Data        2800  oled_data.o(.constdata)
    Lock                                     0x08005998   Data         320  oled_data.o(.constdata)
    AHBPrescTable                            0x08005ad8   Data          16  system_stm32f4xx.o(.constdata)
    APBPrescTable                            0x08005ae8   Data           8  system_stm32f4xx.o(.constdata)
    Region$$Table$$Base                      0x08005b04   Number         0  anon$$obj.o(Region$$Table)
    Region$$Table$$Limit                     0x08005b24   Number         0  anon$$obj.o(Region$$Table)
    anjian                                   0x20000000   Data           1  keypad.o(.data)
    key_num                                  0x20000004   Data           1  as608.o(.data)
    AS608Addr                                0x20000008   Data           4  as608.o(.data)
    val                                      0x2000000c   Data           1  main.o(.data)
    key_nums                                 0x2000000d   Data           1  main.o(.data)
    N                                        0x2000000e   Data           1  main.o(.data)
    Administrator_mode                       0x2000000f   Data           1  main.o(.data)
    ban                                      0x20000010   Data           1  main.o(.data)
    Door                                     0x20000011   Data           6  main.o(.data)
    code                                     0x20000017   Data           6  main.o(.data)
    code1                                    0x2000001d   Data           6  main.o(.data)
    code2                                    0x20000023   Data           6  main.o(.data)
    In_code                                  0x20000029   Data           6  main.o(.data)
    uwTickFreq                               0x20000030   Data           1  stm32f4xx_hal.o(.data)
    uwTickPrio                               0x20000034   Data           4  stm32f4xx_hal.o(.data)
    uwTick                                   0x20000038   Data           4  stm32f4xx_hal.o(.data)
    SystemCoreClock                          0x2000003c   Data           4  system_stm32f4xx.o(.data)
    OLED_DisplayBuf                          0x20000040   Data        1024  oled.o(.bss)
    u_buf                                    0x20000440   Data         256  main.o(.bss)
    g_ucTempbuf                              0x20000540   Data          20  main.o(.bss)
    rx_data                                  0x20000554   Data          15  main.o(.bss)
    htim2                                    0x20000564   Data          72  tim.o(.bss)
    htim3                                    0x200005ac   Data          72  tim.o(.bss)
    htim4                                    0x200005f4   Data          72  tim.o(.bss)
    USART6_RX_BUF                            0x2000063c   Data         400  usart.o(.bss)
    huart1                                   0x200007cc   Data          72  usart.o(.bss)
    huart6                                   0x20000814   Data          72  usart.o(.bss)
    __libspace_start                         0x2000085c   Data          96  libspace.o(.bss)
    __temporary_stack_top$libspace           0x200008bc   Data           0  libspace.o(.bss)



==============================================================================

Memory Map of the image

  Image Entry point : 0x08000199

  Load Region LR_IROM1 (Base: 0x08000000, Size: 0x00005b64, Max: 0x00080000, ABSOLUTE)

    Execution Region ER_IROM1 (Exec base: 0x08000000, Load base: 0x08000000, Size: 0x00005b24, Max: 0x00080000, ABSOLUTE)

    Exec Addr    Load Addr    Size         Type   Attr      Idx    E Section Name        Object

    0x08000000   0x08000000   0x00000198   Data   RO            3    RESET               startup_stm32f411xe.o
    0x08000198   0x08000198   0x00000008   Code   RO         3613  * !!!main             c_w.l(__main.o)
    0x080001a0   0x080001a0   0x00000034   Code   RO         4046    !!!scatter          c_w.l(__scatter.o)
    0x080001d4   0x080001d4   0x0000001a   Code   RO         4048    !!handler_copy      c_w.l(__scatter_copy.o)
    0x080001ee   0x080001ee   0x00000002   PAD
    0x080001f0   0x080001f0   0x0000001c   Code   RO         4050    !!handler_zi        c_w.l(__scatter_zi.o)
    0x0800020c   0x0800020c   0x00000000   Code   RO         3753    .ARM.Collect$$_printf_percent$$00000000  c_w.l(_printf_percent.o)
    0x0800020c   0x0800020c   0x00000004   Code   RO         3854    .ARM.Collect$$_printf_percent$$00000017  c_w.l(_printf_percent_end.o)
    0x08000210   0x08000210   0x00000002   Code   RO         3914    .ARM.Collect$$libinit$$00000000  c_w.l(libinit.o)
    0x08000212   0x08000212   0x00000004   Code   RO         3928    .ARM.Collect$$libinit$$00000001  c_w.l(libinit2.o)
    0x08000216   0x08000216   0x00000000   Code   RO         3931    .ARM.Collect$$libinit$$00000004  c_w.l(libinit2.o)
    0x08000216   0x08000216   0x00000000   Code   RO         3934    .ARM.Collect$$libinit$$0000000A  c_w.l(libinit2.o)
    0x08000216   0x08000216   0x00000000   Code   RO         3936    .ARM.Collect$$libinit$$0000000C  c_w.l(libinit2.o)
    0x08000216   0x08000216   0x00000000   Code   RO         3938    .ARM.Collect$$libinit$$0000000E  c_w.l(libinit2.o)
    0x08000216   0x08000216   0x00000000   Code   RO         3941    .ARM.Collect$$libinit$$00000011  c_w.l(libinit2.o)
    0x08000216   0x08000216   0x00000000   Code   RO         3943    .ARM.Collect$$libinit$$00000013  c_w.l(libinit2.o)
    0x08000216   0x08000216   0x00000000   Code   RO         3945    .ARM.Collect$$libinit$$00000015  c_w.l(libinit2.o)
    0x08000216   0x08000216   0x00000000   Code   RO         3947    .ARM.Collect$$libinit$$00000017  c_w.l(libinit2.o)
    0x08000216   0x08000216   0x00000000   Code   RO         3949    .ARM.Collect$$libinit$$00000019  c_w.l(libinit2.o)
    0x08000216   0x08000216   0x00000000   Code   RO         3951    .ARM.Collect$$libinit$$0000001B  c_w.l(libinit2.o)
    0x08000216   0x08000216   0x00000000   Code   RO         3953    .ARM.Collect$$libinit$$0000001D  c_w.l(libinit2.o)
    0x08000216   0x08000216   0x00000000   Code   RO         3955    .ARM.Collect$$libinit$$0000001F  c_w.l(libinit2.o)
    0x08000216   0x08000216   0x00000000   Code   RO         3957    .ARM.Collect$$libinit$$00000021  c_w.l(libinit2.o)
    0x08000216   0x08000216   0x00000000   Code   RO         3959    .ARM.Collect$$libinit$$00000023  c_w.l(libinit2.o)
    0x08000216   0x08000216   0x00000000   Code   RO         3961    .ARM.Collect$$libinit$$00000025  c_w.l(libinit2.o)
    0x08000216   0x08000216   0x00000000   Code   RO         3965    .ARM.Collect$$libinit$$0000002C  c_w.l(libinit2.o)
    0x08000216   0x08000216   0x00000000   Code   RO         3967    .ARM.Collect$$libinit$$0000002E  c_w.l(libinit2.o)
    0x08000216   0x08000216   0x00000000   Code   RO         3969    .ARM.Collect$$libinit$$00000030  c_w.l(libinit2.o)
    0x08000216   0x08000216   0x00000000   Code   RO         3971    .ARM.Collect$$libinit$$00000032  c_w.l(libinit2.o)
    0x08000216   0x08000216   0x00000002   Code   RO         3972    .ARM.Collect$$libinit$$00000033  c_w.l(libinit2.o)
    0x08000218   0x08000218   0x00000002   Code   RO         4003    .ARM.Collect$$libshutdown$$00000000  c_w.l(libshutdown.o)
    0x0800021a   0x0800021a   0x00000000   Code   RO         4029    .ARM.Collect$$libshutdown$$00000002  c_w.l(libshutdown2.o)
    0x0800021a   0x0800021a   0x00000000   Code   RO         4031    .ARM.Collect$$libshutdown$$00000004  c_w.l(libshutdown2.o)
    0x0800021a   0x0800021a   0x00000000   Code   RO         4034    .ARM.Collect$$libshutdown$$00000007  c_w.l(libshutdown2.o)
    0x0800021a   0x0800021a   0x00000000   Code   RO         4037    .ARM.Collect$$libshutdown$$0000000A  c_w.l(libshutdown2.o)
    0x0800021a   0x0800021a   0x00000000   Code   RO         4039    .ARM.Collect$$libshutdown$$0000000C  c_w.l(libshutdown2.o)
    0x0800021a   0x0800021a   0x00000000   Code   RO         4042    .ARM.Collect$$libshutdown$$0000000F  c_w.l(libshutdown2.o)
    0x0800021a   0x0800021a   0x00000002   Code   RO         4043    .ARM.Collect$$libshutdown$$00000010  c_w.l(libshutdown2.o)
    0x0800021c   0x0800021c   0x00000000   Code   RO         3665    .ARM.Collect$$rtentry$$00000000  c_w.l(__rtentry.o)
    0x0800021c   0x0800021c   0x00000000   Code   RO         3818    .ARM.Collect$$rtentry$$00000002  c_w.l(__rtentry2.o)
    0x0800021c   0x0800021c   0x00000006   Code   RO         3830    .ARM.Collect$$rtentry$$00000004  c_w.l(__rtentry4.o)
    0x08000222   0x08000222   0x00000000   Code   RO         3820    .ARM.Collect$$rtentry$$00000009  c_w.l(__rtentry2.o)
    0x08000222   0x08000222   0x00000004   Code   RO         3821    .ARM.Collect$$rtentry$$0000000A  c_w.l(__rtentry2.o)
    0x08000226   0x08000226   0x00000000   Code   RO         3823    .ARM.Collect$$rtentry$$0000000C  c_w.l(__rtentry2.o)
    0x08000226   0x08000226   0x00000008   Code   RO         3824    .ARM.Collect$$rtentry$$0000000D  c_w.l(__rtentry2.o)
    0x0800022e   0x0800022e   0x00000002   Code   RO         3917    .ARM.Collect$$rtexit$$00000000  c_w.l(rtexit.o)
    0x08000230   0x08000230   0x00000000   Code   RO         3976    .ARM.Collect$$rtexit$$00000002  c_w.l(rtexit2.o)
    0x08000230   0x08000230   0x00000004   Code   RO         3977    .ARM.Collect$$rtexit$$00000003  c_w.l(rtexit2.o)
    0x08000234   0x08000234   0x00000006   Code   RO         3978    .ARM.Collect$$rtexit$$00000004  c_w.l(rtexit2.o)
    0x0800023a   0x0800023a   0x00000002   PAD
    0x0800023c   0x0800023c   0x00000040   Code   RO            4    .text               startup_stm32f411xe.o
    0x0800027c   0x0800027c   0x000000ee   Code   RO         3593    .text               c_w.l(lludivv7m.o)
    0x0800036a   0x0800036a   0x00000002   PAD
    0x0800036c   0x0800036c   0x0000002c   Code   RO         3597    .text               c_w.l(__2sprintf.o)
    0x08000398   0x08000398   0x00000024   Code   RO         3601    .text               c_w.l(strstr.o)
    0x080003bc   0x080003bc   0x00000058   Code   RO         3603    .text               c_w.l(memcmp.o)
    0x08000414   0x08000414   0x00000048   Code   RO         3605    .text               c_w.l(strcpy.o)
    0x0800045c   0x0800045c   0x0000004e   Code   RO         3607    .text               c_w.l(rt_memclr_w.o)
    0x080004aa   0x080004aa   0x00000002   PAD
    0x080004ac   0x080004ac   0x00000080   Code   RO         3609    .text               c_w.l(strcmpv7m.o)
    0x0800052c   0x0800052c   0x00000006   Code   RO         3611    .text               c_w.l(heapauxi.o)
    0x08000532   0x08000532   0x00000002   PAD
    0x08000534   0x08000534   0x00000030   Code   RO         3684    .text               c_w.l(_printf_char_common.o)
    0x08000564   0x08000564   0x0000000a   Code   RO         3686    .text               c_w.l(_sputc.o)
    0x0800056e   0x0800056e   0x00000002   PAD
    0x08000570   0x08000570   0x00000188   Code   RO         3737    .text               c_w.l(__printf_flags_ss_wp.o)
    0x080006f8   0x080006f8   0x00000008   Code   RO         3861    .text               c_w.l(libspace.o)
    0x08000700   0x08000700   0x0000004a   Code   RO         3864    .text               c_w.l(sys_stackheap_outer.o)
    0x0800074a   0x0800074a   0x00000012   Code   RO         3903    .text               c_w.l(exit.o)
    0x0800075c   0x0800075c   0x0000000c   Code   RO         3973    .text               c_w.l(sys_exit.o)
    0x08000768   0x08000768   0x00000002   Code   RO         3992    .text               c_w.l(use_no_semi.o)
    0x0800076a   0x0800076a   0x00000000   Code   RO         3994    .text               c_w.l(indicate_semi.o)
    0x0800076a   0x0800076a   0x00000002   PAD
    0x0800076c   0x0800076c   0x0000040c   Code   RO          520    i.Add_FR            as608.o
    0x08000b78   0x08000b78   0x00000002   Code   RO          880    i.BusFault_Handler  stm32f4xx_it.o
    0x08000b7a   0x08000b7a   0x00000018   Code   RO           13    i.ClearBitMask      rc522_function.o
    0x08000b92   0x08000b92   0x00000002   Code   RO          881    i.DebugMon_Handler  stm32f4xx_it.o
    0x08000b94   0x08000b94   0x00000214   Code   RO          521    i.Del_FR            as608.o
    0x08000da8   0x08000da8   0x00000016   Code   RO          486    i.Delay_ms          delay.o
    0x08000dbe   0x08000dbe   0x00000002   PAD
    0x08000dc0   0x08000dc0   0x0000003c   Code   RO          487    i.Delay_us          delay.o
    0x08000dfc   0x08000dfc   0x00000004   Code   RO          682    i.Error_Handler     main.o
    0x08000e00   0x08000e00   0x00000092   Code   RO         2493    i.HAL_DMA_Abort     stm32f4xx_hal_dma.o
    0x08000e92   0x08000e92   0x00000024   Code   RO         2494    i.HAL_DMA_Abort_IT  stm32f4xx_hal_dma.o
    0x08000eb6   0x08000eb6   0x00000002   PAD
    0x08000eb8   0x08000eb8   0x000001e0   Code   RO         2386    i.HAL_GPIO_Init     stm32f4xx_hal_gpio.o
    0x08001098   0x08001098   0x0000000a   Code   RO         2388    i.HAL_GPIO_ReadPin  stm32f4xx_hal_gpio.o
    0x080010a2   0x080010a2   0x0000000a   Code   RO         2390    i.HAL_GPIO_WritePin  stm32f4xx_hal_gpio.o
    0x080010ac   0x080010ac   0x0000000c   Code   RO         2948    i.HAL_GetTick       stm32f4xx_hal.o
    0x080010b8   0x080010b8   0x00000010   Code   RO         2954    i.HAL_IncTick       stm32f4xx_hal.o
    0x080010c8   0x080010c8   0x00000034   Code   RO         2955    i.HAL_Init          stm32f4xx_hal.o
    0x080010fc   0x080010fc   0x00000040   Code   RO         2956    i.HAL_InitTick      stm32f4xx_hal.o
    0x0800113c   0x0800113c   0x00000030   Code   RO          980    i.HAL_MspInit       stm32f4xx_hal_msp.o
    0x0800116c   0x0800116c   0x0000001a   Code   RO         2800    i.HAL_NVIC_EnableIRQ  stm32f4xx_hal_cortex.o
    0x08001186   0x08001186   0x00000002   PAD
    0x08001188   0x08001188   0x00000040   Code   RO         2806    i.HAL_NVIC_SetPriority  stm32f4xx_hal_cortex.o
    0x080011c8   0x080011c8   0x00000024   Code   RO         2807    i.HAL_NVIC_SetPriorityGrouping  stm32f4xx_hal_cortex.o
    0x080011ec   0x080011ec   0x00000134   Code   RO         1978    i.HAL_RCC_ClockConfig  stm32f4xx_hal_rcc.o
    0x08001320   0x08001320   0x00000020   Code   RO         1985    i.HAL_RCC_GetPCLK1Freq  stm32f4xx_hal_rcc.o
    0x08001340   0x08001340   0x00000020   Code   RO         1986    i.HAL_RCC_GetPCLK2Freq  stm32f4xx_hal_rcc.o
    0x08001360   0x08001360   0x00000064   Code   RO         1987    i.HAL_RCC_GetSysClockFreq  stm32f4xx_hal_rcc.o
    0x080013c4   0x080013c4   0x0000036c   Code   RO         1990    i.HAL_RCC_OscConfig  stm32f4xx_hal_rcc.o
    0x08001730   0x08001730   0x00000028   Code   RO         2811    i.HAL_SYSTICK_Config  stm32f4xx_hal_cortex.o
    0x08001758   0x08001758   0x00000002   Code   RO         1710    i.HAL_TIMEx_BreakCallback  stm32f4xx_hal_tim_ex.o
    0x0800175a   0x0800175a   0x00000002   Code   RO         1711    i.HAL_TIMEx_CommutCallback  stm32f4xx_hal_tim_ex.o
    0x0800175c   0x0800175c   0x0000007c   Code   RO         1729    i.HAL_TIMEx_MasterConfigSynchronization  stm32f4xx_hal_tim_ex.o
    0x080017d8   0x080017d8   0x0000005a   Code   RO         1006    i.HAL_TIM_Base_Init  stm32f4xx_hal_tim.o
    0x08001832   0x08001832   0x00000002   PAD
    0x08001834   0x08001834   0x00000078   Code   RO          770    i.HAL_TIM_Base_MspInit  tim.o
    0x080018ac   0x080018ac   0x00000064   Code   RO         1009    i.HAL_TIM_Base_Start  stm32f4xx_hal_tim.o
    0x08001910   0x08001910   0x0000006c   Code   RO         1011    i.HAL_TIM_Base_Start_IT  stm32f4xx_hal_tim.o
    0x0800197c   0x0800197c   0x00000026   Code   RO         1012    i.HAL_TIM_Base_Stop  stm32f4xx_hal_tim.o
    0x080019a2   0x080019a2   0x000000dc   Code   RO         1015    i.HAL_TIM_ConfigClockSource  stm32f4xx_hal_tim.o
    0x08001a7e   0x08001a7e   0x00000002   Code   RO         1040    i.HAL_TIM_IC_CaptureCallback  stm32f4xx_hal_tim.o
    0x08001a80   0x08001a80   0x00000130   Code   RO         1054    i.HAL_TIM_IRQHandler  stm32f4xx_hal_tim.o
    0x08001bb0   0x08001bb0   0x0000004c   Code   RO          771    i.HAL_TIM_MspPostInit  tim.o
    0x08001bfc   0x08001bfc   0x00000002   Code   RO         1057    i.HAL_TIM_OC_DelayElapsedCallback  stm32f4xx_hal_tim.o
    0x08001bfe   0x08001bfe   0x000000cc   Code   RO         1078    i.HAL_TIM_PWM_ConfigChannel  stm32f4xx_hal_tim.o
    0x08001cca   0x08001cca   0x0000005a   Code   RO         1081    i.HAL_TIM_PWM_Init  stm32f4xx_hal_tim.o
    0x08001d24   0x08001d24   0x00000002   Code   RO         1083    i.HAL_TIM_PWM_MspInit  stm32f4xx_hal_tim.o
    0x08001d26   0x08001d26   0x00000002   Code   RO         1084    i.HAL_TIM_PWM_PulseFinishedCallback  stm32f4xx_hal_tim.o
    0x08001d28   0x08001d28   0x000000b0   Code   RO         1086    i.HAL_TIM_PWM_Start  stm32f4xx_hal_tim.o
    0x08001dd8   0x08001dd8   0x00000002   Code   RO         1092    i.HAL_TIM_PeriodElapsedCallback  stm32f4xx_hal_tim.o
    0x08001dda   0x08001dda   0x00000002   Code   RO         1097    i.HAL_TIM_TriggerCallback  stm32f4xx_hal_tim.o
    0x08001ddc   0x08001ddc   0x00000002   Code   RO         3205    i.HAL_UARTEx_RxEventCallback  stm32f4xx_hal_uart.o
    0x08001dde   0x08001dde   0x00000002   Code   RO         3219    i.HAL_UART_ErrorCallback  stm32f4xx_hal_uart.o
    0x08001de0   0x08001de0   0x00000270   Code   RO         3222    i.HAL_UART_IRQHandler  stm32f4xx_hal_uart.o
    0x08002050   0x08002050   0x00000064   Code   RO         3223    i.HAL_UART_Init     stm32f4xx_hal_uart.o
    0x080020b4   0x080020b4   0x000000c4   Code   RO          830    i.HAL_UART_MspInit  usart.o
    0x08002178   0x08002178   0x000000b0   Code   RO         3226    i.HAL_UART_Receive  stm32f4xx_hal_uart.o
    0x08002228   0x08002228   0x0000001c   Code   RO         3228    i.HAL_UART_Receive_IT  stm32f4xx_hal_uart.o
    0x08002244   0x08002244   0x00000040   Code   RO          683    i.HAL_UART_RxCpltCallback  main.o
    0x08002284   0x08002284   0x000000a0   Code   RO         3231    i.HAL_UART_Transmit  stm32f4xx_hal_uart.o
    0x08002324   0x08002324   0x00000002   Code   RO         3234    i.HAL_UART_TxCpltCallback  stm32f4xx_hal_uart.o
    0x08002326   0x08002326   0x00000002   Code   RO          882    i.HardFault_Handler  stm32f4xx_it.o
    0x08002328   0x08002328   0x0000006c   Code   RO          522    i.JudgeStr          as608.o
    0x08002394   0x08002394   0x00000290   Code   RO          454    i.Keypad_scan       keypad.o
    0x08002624   0x08002624   0x000000d4   Code   RO          745    i.MX_GPIO_Init      gpio.o
    0x080026f8   0x080026f8   0x0000009c   Code   RO          772    i.MX_TIM2_Init      tim.o
    0x08002794   0x08002794   0x00000068   Code   RO          773    i.MX_TIM3_Init      tim.o
    0x080027fc   0x080027fc   0x00000068   Code   RO          774    i.MX_TIM4_Init      tim.o
    0x08002864   0x08002864   0x00000038   Code   RO          831    i.MX_USART1_UART_Init  usart.o
    0x0800289c   0x0800289c   0x00000038   Code   RO          832    i.MX_USART6_UART_Init  usart.o
    0x080028d4   0x080028d4   0x00000002   Code   RO          883    i.MemManage_Handler  stm32f4xx_it.o
    0x080028d6   0x080028d6   0x00000002   PAD
    0x080028d8   0x080028d8   0x00000018   Code   RO          523    i.MyUsart_SendByte  as608.o
    0x080028f0   0x080028f0   0x00000002   Code   RO          884    i.NMI_Handler       stm32f4xx_it.o
    0x080028f2   0x080028f2   0x00000002   PAD
    0x080028f4   0x080028f4   0x0000002c   Code   RO          193    i.OLED_Clear        oled.o
    0x08002920   0x08002920   0x00000064   Code   RO          194    i.OLED_ClearArea    oled.o
    0x08002984   0x08002984   0x0000002a   Code   RO          202    i.OLED_GPIO_Init    oled.o
    0x080029ae   0x080029ae   0x0000003a   Code   RO          204    i.OLED_I2C_SendByte  oled.o
    0x080029e8   0x080029e8   0x0000001e   Code   RO          205    i.OLED_I2C_Start    oled.o
    0x08002a06   0x08002a06   0x00000018   Code   RO          206    i.OLED_I2C_Stop     oled.o
    0x08002a1e   0x08002a1e   0x0000009c   Code   RO          207    i.OLED_Init         oled.o
    0x08002aba   0x08002aba   0x0000000e   Code   RO          209    i.OLED_Pow          oled.o
    0x08002ac8   0x08002ac8   0x00000022   Code   RO          213    i.OLED_SetCursor    oled.o
    0x08002aea   0x08002aea   0x00000002   PAD
    0x08002aec   0x08002aec   0x00000044   Code   RO          215    i.OLED_ShowChar     oled.o
    0x08002b30   0x08002b30   0x00000090   Code   RO          216    i.OLED_ShowChinese  oled.o
    0x08002bc0   0x08002bc0   0x000000b0   Code   RO          219    i.OLED_ShowImage    oled.o
    0x08002c70   0x08002c70   0x0000004a   Code   RO          220    i.OLED_ShowNum      oled.o
    0x08002cba   0x08002cba   0x00000030   Code   RO          222    i.OLED_ShowString   oled.o
    0x08002cea   0x08002cea   0x00000002   PAD
    0x08002cec   0x08002cec   0x00000028   Code   RO          223    i.OLED_Update       oled.o
    0x08002d14   0x08002d14   0x00000010   Code   RO          225    i.OLED_W_SCL        oled.o
    0x08002d24   0x08002d24   0x00000010   Code   RO          226    i.OLED_W_SDA        oled.o
    0x08002d34   0x08002d34   0x00000022   Code   RO          227    i.OLED_WriteCommand  oled.o
    0x08002d56   0x08002d56   0x00000030   Code   RO          228    i.OLED_WriteData    oled.o
    0x08002d86   0x08002d86   0x0000005e   Code   RO          524    i.PS_DeletChar      as608.o
    0x08002de4   0x08002de4   0x00000034   Code   RO          525    i.PS_Empty          as608.o
    0x08002e18   0x08002e18   0x0000003c   Code   RO          526    i.PS_GenChar        as608.o
    0x08002e54   0x08002e54   0x00000034   Code   RO          527    i.PS_GetImage       as608.o
    0x08002e88   0x08002e88   0x00000084   Code   RO          528    i.PS_HighSpeedSearch  as608.o
    0x08002f0c   0x08002f0c   0x00000034   Code   RO          529    i.PS_Match          as608.o
    0x08002f40   0x08002f40   0x00000034   Code   RO          530    i.PS_RegModel       as608.o
    0x08002f74   0x08002f74   0x00000052   Code   RO          532    i.PS_StoreChar      as608.o
    0x08002fc6   0x08002fc6   0x00000008   Code   RO           14    i.PcdAntennaOff     rc522_function.o
    0x08002fce   0x08002fce   0x0000001a   Code   RO           15    i.PcdAntennaOn      rc522_function.o
    0x08002fe8   0x08002fe8   0x0000006c   Code   RO           16    i.PcdAnticoll       rc522_function.o
    0x08003054   0x08003054   0x0000011c   Code   RO           17    i.PcdComMF522       rc522_function.o
    0x08003170   0x08003170   0x00000052   Code   RO           18    i.PcdRequest        rc522_function.o
    0x080031c2   0x080031c2   0x00000002   PAD
    0x080031c4   0x080031c4   0x00000088   Code   RO           19    i.PcdReset          rc522_function.o
    0x0800324c   0x0800324c   0x00000002   Code   RO          885    i.PendSV_Handler    stm32f4xx_it.o
    0x0800324e   0x0800324e   0x00000002   PAD
    0x08003250   0x08003250   0x000000e0   Code   RO           20    i.ReadRawRC         rc522_function.o
    0x08003330   0x08003330   0x00000018   Code   RO          684    i.Reset_code        main.o
    0x08003348   0x08003348   0x00000002   Code   RO          886    i.SVC_Handler       stm32f4xx_it.o
    0x0800334a   0x0800334a   0x00000002   PAD
    0x0800334c   0x0800334c   0x00000030   Code   RO          533    i.SendAddr          as608.o
    0x0800337c   0x0800337c   0x00000014   Code   RO          534    i.SendCheck         as608.o
    0x08003390   0x08003390   0x00000012   Code   RO          535    i.SendHead          as608.o
    0x080033a2   0x080033a2   0x00000016   Code   RO          536    i.SendLength        as608.o
    0x080033b8   0x080033b8   0x00000018   Code   RO           21    i.SetBitMask        rc522_function.o
    0x080033d0   0x080033d0   0x00000004   Code   RO          887    i.SysTick_Handler   stm32f4xx_it.o
    0x080033d4   0x080033d4   0x00000090   Code   RO          685    i.SystemClock_Config  main.o
    0x08003464   0x08003464   0x00000010   Code   RO         3557    i.SystemInit        system_stm32f4xx.o
    0x08003474   0x08003474   0x0000000c   Code   RO          888    i.TIM3_IRQHandler   stm32f4xx_it.o
    0x08003480   0x08003480   0x0000000c   Code   RO          889    i.TIM4_IRQHandler   stm32f4xx_it.o
    0x0800348c   0x0800348c   0x000000a4   Code   RO         1099    i.TIM_Base_SetConfig  stm32f4xx_hal_tim.o
    0x08003530   0x08003530   0x0000001a   Code   RO         1100    i.TIM_CCxChannelCmd  stm32f4xx_hal_tim.o
    0x0800354a   0x0800354a   0x00000014   Code   RO         1110    i.TIM_ETR_SetConfig  stm32f4xx_hal_tim.o
    0x0800355e   0x0800355e   0x00000010   Code   RO         1111    i.TIM_ITRx_SetConfig  stm32f4xx_hal_tim.o
    0x0800356e   0x0800356e   0x00000002   PAD
    0x08003570   0x08003570   0x00000050   Code   RO         1112    i.TIM_OC1_SetConfig  stm32f4xx_hal_tim.o
    0x080035c0   0x080035c0   0x00000058   Code   RO         1113    i.TIM_OC2_SetConfig  stm32f4xx_hal_tim.o
    0x08003618   0x08003618   0x00000058   Code   RO         1114    i.TIM_OC3_SetConfig  stm32f4xx_hal_tim.o
    0x08003670   0x08003670   0x00000044   Code   RO         1115    i.TIM_OC4_SetConfig  stm32f4xx_hal_tim.o
    0x080036b4   0x080036b4   0x00000022   Code   RO         1117    i.TIM_TI1_ConfigInputStage  stm32f4xx_hal_tim.o
    0x080036d6   0x080036d6   0x00000024   Code   RO         1119    i.TIM_TI2_ConfigInputStage  stm32f4xx_hal_tim.o
    0x080036fa   0x080036fa   0x00000010   Code   RO         3236    i.UART_DMAAbortOnError  stm32f4xx_hal_uart.o
    0x0800370a   0x0800370a   0x0000004e   Code   RO         3246    i.UART_EndRxTransfer  stm32f4xx_hal_uart.o
    0x08003758   0x08003758   0x000000c2   Code   RO         3248    i.UART_Receive_IT   stm32f4xx_hal_uart.o
    0x0800381a   0x0800381a   0x00000002   PAD
    0x0800381c   0x0800381c   0x0000010c   Code   RO         3249    i.UART_SetConfig    stm32f4xx_hal_uart.o
    0x08003928   0x08003928   0x00000036   Code   RO         3251    i.UART_Start_Receive_IT  stm32f4xx_hal_uart.o
    0x0800395e   0x0800395e   0x00000072   Code   RO         3252    i.UART_WaitOnFlagUntilTimeout  stm32f4xx_hal_uart.o
    0x080039d0   0x080039d0   0x0000000c   Code   RO          890    i.USART1_IRQHandler  stm32f4xx_it.o
    0x080039dc   0x080039dc   0x0000000c   Code   RO          891    i.USART6_IRQHandler  stm32f4xx_it.o
    0x080039e8   0x080039e8   0x00000002   Code   RO          892    i.UsageFault_Handler  stm32f4xx_it.o
    0x080039ea   0x080039ea   0x00000002   PAD
    0x080039ec   0x080039ec   0x000000d8   Code   RO           22    i.WriteRawRC        rc522_function.o
    0x08003ac4   0x08003ac4   0x00000020   Code   RO         2813    i.__NVIC_SetPriority  stm32f4xx_hal_cortex.o
    0x08003ae4   0x08003ae4   0x0000000e   Code   RO         3730    i._is_digit         c_w.l(__printf_wp.o)
    0x08003af2   0x08003af2   0x00000002   PAD
    0x08003af4   0x08003af4   0x000009cc   Code   RO          686    i.main              main.o
    0x080044c0   0x080044c0   0x000001b4   Code   RO          538    i.press_FR          as608.o
    0x08004674   0x08004674   0x0000000a   Code   RO         3988    x$fpl$fpinit        fz_wm.l(fpinit.o)
    0x0800467e   0x0800467e   0x000005f0   Data   RO          663    .constdata          oled_data.o
    0x08004c6e   0x08004c6e   0x0000023a   Data   RO          664    .constdata          oled_data.o
    0x08004ea8   0x08004ea8   0x00000af0   Data   RO          665    .constdata          oled_data.o
    0x08005998   0x08005998   0x00000140   Data   RO          667    .constdata          oled_data.o
    0x08005ad8   0x08005ad8   0x00000010   Data   RO         3558    .constdata          system_stm32f4xx.o
    0x08005ae8   0x08005ae8   0x00000008   Data   RO         3559    .constdata          system_stm32f4xx.o
    0x08005af0   0x08005af0   0x00000011   Data   RO         3738    .constdata          c_w.l(__printf_flags_ss_wp.o)
    0x08005b01   0x08005b01   0x00000003   PAD
    0x08005b04   0x08005b04   0x00000020   Data   RO         4044    Region$$Table       anon$$obj.o


    Execution Region RW_IRAM1 (Exec base: 0x20000000, Load base: 0x08005b24, Size: 0x00000ec0, Max: 0x00020000, ABSOLUTE)

    Exec Addr    Load Addr    Size         Type   Attr      Idx    E Section Name        Object

    0x20000000   0x08005b24   0x00000001   Data   RW          455    .data               keypad.o
    0x20000001   0x08005b25   0x00000003   PAD
    0x20000004   0x08005b28   0x00000008   Data   RW          540    .data               as608.o
    0x2000000c   0x08005b30   0x00000023   Data   RW          689    .data               main.o
    0x2000002f   0x08005b53   0x00000001   PAD
    0x20000030   0x08005b54   0x0000000c   Data   RW         2962    .data               stm32f4xx_hal.o
    0x2000003c   0x08005b60   0x00000004   Data   RW         3560    .data               system_stm32f4xx.o
    0x20000040        -       0x00000400   Zero   RW          230    .bss                oled.o
    0x20000440        -       0x00000123   Zero   RW          687    .bss                main.o
    0x20000563   0x08005b64   0x00000001   PAD
    0x20000564        -       0x000000d8   Zero   RW          775    .bss                tim.o
    0x2000063c        -       0x00000190   Zero   RW          833    .bss                usart.o
    0x200007cc        -       0x00000090   Zero   RW          835    .bss                usart.o
    0x2000085c        -       0x00000060   Zero   RW         3862    .bss                c_w.l(libspace.o)
    0x200008bc   0x08005b64   0x00000004   PAD
    0x200008c0        -       0x00000200   Zero   RW            2    HEAP                startup_stm32f411xe.o
    0x20000ac0        -       0x00000400   Zero   RW            1    STACK               startup_stm32f411xe.o


==============================================================================

Image component sizes


      Code (inc. data)   RO Data    RW Data    ZI Data      Debug   Object Name

      2820        638          0          8          0      13411   as608.o
        82          4          0          0          0       1434   delay.o
       212         12          0          0          0        987   gpio.o
       656         10          0          1          0       1295   keypad.o
      2744        494          0         35        291       5712   main.o
      1166         46          0          0       1024      12655   oled.o
         0          0       5210          0          0       1135   oled_data.o
      1132         16          0          0          0     427790   rc522_function.o
        64         26        408          0       1536        852   startup_stm32f411xe.o
       144         24          0         12          0       8689   stm32f4xx_hal.o
       198         14          0          0          0      33887   stm32f4xx_hal_cortex.o
       182          0          0          0          0       2123   stm32f4xx_hal_dma.o
       500         34          0          0          0       2859   stm32f4xx_hal_gpio.o
        48          6          0          0          0        874   stm32f4xx_hal_msp.o
      1348         76          0          0          0       5288   stm32f4xx_hal_rcc.o
      1962        110          0          0          0      18899   stm32f4xx_hal_tim.o
       128         20          0          0          0       2517   stm32f4xx_hal_tim_ex.o
      1818         16          0          0          0      12707   stm32f4xx_hal_uart.o
        68         24          0          0          0       6130   stm32f4xx_it.o
        16          4         24          4          0       1151   system_stm32f4xx.o
       560         46          0          0        216       3882   tim.o
       308         34          0          0        544       2587   usart.o

    ----------------------------------------------------------------------
     16184       1654       5674         64       3612     566864   Object Totals
         0          0         32          0          0          0   (incl. Generated)
        28          0          0          4          1          0   (incl. Padding)

    ----------------------------------------------------------------------

      Code (inc. data)   RO Data    RW Data    ZI Data      Debug   Library Member Name

        44          6          0          0          0         84   __2sprintf.o
         8          0          0          0          0         68   __main.o
       392          4         17          0          0         92   __printf_flags_ss_wp.o
        14          0          0          0          0         68   __printf_wp.o
         0          0          0          0          0          0   __rtentry.o
        12          0          0          0          0          0   __rtentry2.o
         6          0          0          0          0          0   __rtentry4.o
        52          8          0          0          0          0   __scatter.o
        26          0          0          0          0          0   __scatter_copy.o
        28          0          0          0          0          0   __scatter_zi.o
        48          6          0          0          0         96   _printf_char_common.o
         0          0          0          0          0          0   _printf_percent.o
         4          0          0          0          0          0   _printf_percent_end.o
        10          0          0          0          0         68   _sputc.o
        18          0          0          0          0         80   exit.o
         6          0          0          0          0        152   heapauxi.o
         0          0          0          0          0          0   indicate_semi.o
         2          0          0          0          0          0   libinit.o
         6          0          0          0          0          0   libinit2.o
         2          0          0          0          0          0   libshutdown.o
         2          0          0          0          0          0   libshutdown2.o
         8          4          0          0         96         68   libspace.o
       238          0          0          0          0        100   lludivv7m.o
        88          0          0          0          0         76   memcmp.o
        78          0          0          0          0         80   rt_memclr_w.o
         2          0          0          0          0          0   rtexit.o
        10          0          0          0          0          0   rtexit2.o
       128          0          0          0          0         68   strcmpv7m.o
        72          0          0          0          0         80   strcpy.o
        36          0          0          0          0         80   strstr.o
        12          4          0          0          0         68   sys_exit.o
        74          0          0          0          0         80   sys_stackheap_outer.o
         2          0          0          0          0         68   use_no_semi.o
        10          0          0          0          0        116   fpinit.o

    ----------------------------------------------------------------------
      1454         32         20          0        100       1592   Library Totals
        16          0          3          0          4          0   (incl. Padding)

    ----------------------------------------------------------------------

      Code (inc. data)   RO Data    RW Data    ZI Data      Debug   Library Name

      1428         32         17          0         96       1476   c_w.l
        10          0          0          0          0        116   fz_wm.l

    ----------------------------------------------------------------------
      1454         32         20          0        100       1592   Library Totals

    ----------------------------------------------------------------------

==============================================================================


      Code (inc. data)   RO Data    RW Data    ZI Data      Debug   

     17638       1686       5694         64       3712     554528   Grand Totals
     17638       1686       5694         64       3712     554528   ELF Image Totals
     17638       1686       5694         64          0          0   ROM Totals

==============================================================================

    Total RO  Size (Code + RO Data)                23332 (  22.79kB)
    Total RW  Size (RW Data + ZI Data)              3776 (   3.69kB)
    Total ROM Size (Code + RO Data + RW Data)      23396 (  22.85kB)

==============================================================================

