Component: ARM Compiler 5.05 update 1 (build 106) Tool: armlink [4d0efa]

==============================================================================

Section Cross References

    startup_stm32f411xe.o(STACK) refers (Special) to heapauxi.o(.text) for __use_two_region_memory
    startup_stm32f411xe.o(HEAP) refers (Special) to heapauxi.o(.text) for __use_two_region_memory
    startup_stm32f411xe.o(RESET) refers (Special) to heapauxi.o(.text) for __use_two_region_memory
    startup_stm32f411xe.o(RESET) refers to startup_stm32f411xe.o(STACK) for __initial_sp
    startup_stm32f411xe.o(RESET) refers to startup_stm32f411xe.o(.text) for Reset_Handler
    startup_stm32f411xe.o(RESET) refers to stm32f4xx_it.o(i.NMI_Handler) for NMI_Handler
    startup_stm32f411xe.o(RESET) refers to stm32f4xx_it.o(i.HardFault_Handler) for HardFault_Handler
    startup_stm32f411xe.o(RESET) refers to stm32f4xx_it.o(i.MemManage_Handler) for MemManage_Handler
    startup_stm32f411xe.o(RESET) refers to stm32f4xx_it.o(i.BusFault_Handler) for BusFault_Handler
    startup_stm32f411xe.o(RESET) refers to stm32f4xx_it.o(i.UsageFault_Handler) for UsageFault_Handler
    startup_stm32f411xe.o(RESET) refers to stm32f4xx_it.o(i.SVC_Handler) for SVC_Handler
    startup_stm32f411xe.o(RESET) refers to stm32f4xx_it.o(i.DebugMon_Handler) for DebugMon_Handler
    startup_stm32f411xe.o(RESET) refers to stm32f4xx_it.o(i.PendSV_Handler) for PendSV_Handler
    startup_stm32f411xe.o(RESET) refers to stm32f4xx_it.o(i.SysTick_Handler) for SysTick_Handler
    startup_stm32f411xe.o(RESET) refers to stm32f4xx_it.o(i.TIM2_IRQHandler) for TIM2_IRQHandler
    startup_stm32f411xe.o(RESET) refers to stm32f4xx_it.o(i.USART1_IRQHandler) for USART1_IRQHandler
    startup_stm32f411xe.o(RESET) refers to stm32f4xx_it.o(i.USART2_IRQHandler) for USART2_IRQHandler
    startup_stm32f411xe.o(RESET) refers to stm32f4xx_it.o(i.EXTI15_10_IRQHandler) for EXTI15_10_IRQHandler
    startup_stm32f411xe.o(RESET) refers to stm32f4xx_it.o(i.DMA2_Stream0_IRQHandler) for DMA2_Stream0_IRQHandler
    startup_stm32f411xe.o(.text) refers (Special) to heapauxi.o(.text) for __use_two_region_memory
    startup_stm32f411xe.o(.text) refers to system_stm32f4xx.o(i.SystemInit) for SystemInit
    startup_stm32f411xe.o(.text) refers to __main.o(!!!main) for __main
    startup_stm32f411xe.o(.text) refers to startup_stm32f411xe.o(HEAP) for Heap_Mem
    startup_stm32f411xe.o(.text) refers to startup_stm32f411xe.o(STACK) for Stack_Mem
    delay.o(i.Delay_ms) refers to delay.o(i.Delay_us) for Delay_us
    delay.o(i.Delay_us) refers to stm32f4xx_hal_tim.o(i.HAL_TIM_Base_Start) for HAL_TIM_Base_Start
    delay.o(i.Delay_us) refers to stm32f4xx_hal_tim.o(i.HAL_TIM_Base_Stop) for HAL_TIM_Base_Stop
    delay.o(i.Delay_us) refers to tim.o(.bss) for htim2
    reg_rw.o(i.LD3320_Init) refers to gpio.o(i.MX_GPIO_Init) for MX_GPIO_Init
    reg_rw.o(i.LD3320_ReadReg) refers to stm32f4xx_hal_gpio.o(i.HAL_GPIO_WritePin) for HAL_GPIO_WritePin
    reg_rw.o(i.LD3320_ReadReg) refers to delay.o(i.Delay_us) for Delay_us
    reg_rw.o(i.LD3320_ReadReg) refers to stm32f4xx_hal_gpio.o(i.HAL_GPIO_ReadPin) for HAL_GPIO_ReadPin
    reg_rw.o(i.LD3320_WriteReg) refers to stm32f4xx_hal_gpio.o(i.HAL_GPIO_WritePin) for HAL_GPIO_WritePin
    reg_rw.o(i.LD3320_WriteReg) refers to delay.o(i.Delay_us) for Delay_us
    ld3320.o(i.LD3320_AsrAddFixed) refers to rt_memcpy_w.o(.text) for __aeabi_memcpy4
    ld3320.o(i.LD3320_AsrAddFixed) refers to ld3320.o(i.LD3320_Check_ASRBusyFlag_b2) for LD3320_Check_ASRBusyFlag_b2
    ld3320.o(i.LD3320_AsrAddFixed) refers to reg_rw.o(i.LD3320_WriteReg) for LD3320_WriteReg
    ld3320.o(i.LD3320_AsrAddFixed) refers to delay.o(i.Delay_ms) for Delay_ms
    ld3320.o(i.LD3320_AsrAddFixed) refers to ld3320.o(.constdata) for .constdata
    ld3320.o(i.LD3320_AsrRun) refers to reg_rw.o(i.LD3320_WriteReg) for LD3320_WriteReg
    ld3320.o(i.LD3320_AsrRun) refers to delay.o(i.Delay_ms) for Delay_ms
    ld3320.o(i.LD3320_AsrRun) refers to ld3320.o(i.LD3320_Check_ASRBusyFlag_b2) for LD3320_Check_ASRBusyFlag_b2
    ld3320.o(i.LD3320_AsrStart) refers to ld3320.o(i.LD3320_Init_ASR) for LD3320_Init_ASR
    ld3320.o(i.LD3320_Check_ASRBusyFlag_b2) refers to reg_rw.o(i.LD3320_ReadReg) for LD3320_ReadReg
    ld3320.o(i.LD3320_Check_ASRBusyFlag_b2) refers to delay.o(i.Delay_ms) for Delay_ms
    ld3320.o(i.LD3320_GetResult) refers to reg_rw.o(i.LD3320_ReadReg) for LD3320_ReadReg
    ld3320.o(i.LD3320_Init_ASR) refers to ld3320.o(i.LD3320_Init_Command) for LD3320_Init_Command
    ld3320.o(i.LD3320_Init_ASR) refers to reg_rw.o(i.LD3320_WriteReg) for LD3320_WriteReg
    ld3320.o(i.LD3320_Init_ASR) refers to delay.o(i.Delay_ms) for Delay_ms
    ld3320.o(i.LD3320_Init_ASR) refers to ld3320.o(.data) for .data
    ld3320.o(i.LD3320_Init_Command) refers to reg_rw.o(i.LD3320_ReadReg) for LD3320_ReadReg
    ld3320.o(i.LD3320_Init_Command) refers to reg_rw.o(i.LD3320_WriteReg) for LD3320_WriteReg
[...]
    ../clib/signal.c                         0x00000000   Number         0  __raise.o ABSOLUTE
    ../clib/signal.c                         0x00000000   Number         0  defsig_other.o ABSOLUTE
    ../clib/signal.c                         0x00000000   Number         0  defsig_segv_inner.o ABSOLUTE
    ../clib/signal.s                         0x00000000   Number         0  defsig.o ABSOLUTE
    ../clib/stdlib.c                         0x00000000   Number         0  exit.o ABSOLUTE
    ../fplib/fpinit.s                        0x00000000   Number         0  fpinit.o ABSOLUTE
    ..\Core\Src\DHT11.c                      0x00000000   Number         0  dht11.o ABSOLUTE
    ..\Core\Src\LD3320.c                     0x00000000   Number         0  ld3320.o ABSOLUTE
    ..\Core\Src\Reg_RW.c                     0x00000000   Number         0  reg_rw.o ABSOLUTE
    ..\Core\Src\adc.c                        0x00000000   Number         0  adc.o ABSOLUTE
    ..\Core\Src\delay.c                      0x00000000   Number         0  delay.o ABSOLUTE
    ..\Core\Src\dma.c                        0x00000000   Number         0  dma.o ABSOLUTE
    ..\Core\Src\gpio.c                       0x00000000   Number         0  gpio.o ABSOLUTE
    ..\Core\Src\main.c                       0x00000000   Number         0  main.o ABSOLUTE
    ..\Core\Src\stm32f4xx_hal_msp.c          0x00000000   Number         0  stm32f4xx_hal_msp.o ABSOLUTE
    ..\Core\Src\stm32f4xx_it.c               0x00000000   Number         0  stm32f4xx_it.o ABSOLUTE
    ..\Core\Src\system_stm32f4xx.c           0x00000000   Number         0  system_stm32f4xx.o ABSOLUTE
    ..\Core\Src\tim.c                        0x00000000   Number         0  tim.o ABSOLUTE
    ..\Core\Src\usart.c                      0x00000000   Number         0  usart.o ABSOLUTE
    ..\Drivers\STM32F4xx_HAL_Driver\Src\stm32f4xx_hal.c 0x00000000   Number         0  stm32f4xx_hal.o ABSOLUTE
    ..\Drivers\STM32F4xx_HAL_Driver\Src\stm32f4xx_hal_adc.c 0x00000000   Number         0  stm32f4xx_hal_adc.o ABSOLUTE
    ..\Drivers\STM32F4xx_HAL_Driver\Src\stm32f4xx_hal_adc_ex.c 0x00000000   Number         0  stm32f4xx_hal_adc_ex.o ABSOLUTE
    ..\Drivers\STM32F4xx_HAL_Driver\Src\stm32f4xx_hal_cortex.c 0x00000000   Number         0  stm32f4xx_hal_cortex.o ABSOLUTE
    ..\Drivers\STM32F4xx_HAL_Driver\Src\stm32f4xx_hal_dma.c 0x00000000   Number         0  stm32f4xx_hal_dma.o ABSOLUTE
    ..\Drivers\STM32F4xx_HAL_Driver\Src\stm32f4xx_hal_dma_ex.c 0x00000000   Number         0  stm32f4xx_hal_dma_ex.o ABSOLUTE
    ..\Drivers\STM32F4xx_HAL_Driver\Src\stm32f4xx_hal_exti.c 0x00000000   Number         0  stm32f4xx_hal_exti.o ABSOLUTE
    ..\Drivers\STM32F4xx_HAL_Driver\Src\stm32f4xx_hal_flash.c 0x00000000   Number         0  stm32f4xx_hal_flash.o ABSOLUTE
    ..\Drivers\STM32F4xx_HAL_Driver\Src\stm32f4xx_hal_flash_ex.c 0x00000000   Number         0  stm32f4xx_hal_flash_ex.o ABSOLUTE
    ..\Drivers\STM32F4xx_HAL_Driver\Src\stm32f4xx_hal_flash_ramfunc.c 0x00000000   Number         0  stm32f4xx_hal_flash_ramfunc.o ABSOLUTE
    ..\Drivers\STM32F4xx_HAL_Driver\Src\stm32f4xx_hal_gpio.c 0x00000000   Number         0  stm32f4xx_hal_gpio.o ABSOLUTE
    ..\Drivers\STM32F4xx_HAL_Driver\Src\stm32f4xx_hal_pwr.c 0x00000000   Number         0  stm32f4xx_hal_pwr.o ABSOLUTE
    ..\Drivers\STM32F4xx_HAL_Driver\Src\stm32f4xx_hal_pwr_ex.c 0x00000000   Number         0  stm32f4xx_hal_pwr_ex.o ABSOLUTE
    ..\Drivers\STM32F4xx_HAL_Driver\Src\stm32f4xx_hal_rcc.c 0x00000000   Number         0  stm32f4xx_hal_rcc.o ABSOLUTE
    ..\Drivers\STM32F4xx_HAL_Driver\Src\stm32f4xx_hal_rcc_ex.c 0x00000000   Number         0  stm32f4xx_hal_rcc_ex.o ABSOLUTE
    ..\Drivers\STM32F4xx_HAL_Driver\Src\stm32f4xx_hal_tim.c 0x00000000   Number         0  stm32f4xx_hal_tim.o ABSOLUTE
    ..\Drivers\STM32F4xx_HAL_Driver\Src\stm32f4xx_hal_tim_ex.c 0x00000000   Number         0  stm32f4xx_hal_tim_ex.o ABSOLUTE
    ..\Drivers\STM32F4xx_HAL_Driver\Src\stm32f4xx_hal_uart.c 0x00000000   Number         0  stm32f4xx_hal_uart.o ABSOLUTE
    ..\\Core\\Src\\DHT11.c                   0x00000000   Number         0  dht11.o ABSOLUTE
    ..\\Core\\Src\\LD3320.c                  0x00000000   Number         0  ld3320.o ABSOLUTE
    ..\\Core\\Src\\Reg_RW.c                  0x00000000   Number         0  reg_rw.o ABSOLUTE
    ..\\Core\\Src\\delay.c                   0x00000000   Number         0  delay.o ABSOLUTE
    dc.s                                     0x00000000   Number         0  dc.o ABSOLUTE
    startup_stm32f411xe.s                    0x00000000   Number         0  startup_stm32f411xe.o ABSOLUTE
    RESET                                    0x08000000   Section      408  startup_stm32f411xe.o(RESET)
    !!!main                                  0x08000198   Section        8  __main.o(!!!main)
    !!!scatter                               0x080001a0   Section       52  __scatter.o(!!!scatter)
    !!handler_copy                           0x080001d4   Section       26  __scatter_copy.o(!!handler_copy)
    !!handler_zi                             0x080001f0   Section       28  __scatter_zi.o(!!handler_zi)
    .ARM.Collect$$_printf_percent$$00000000  0x0800020c   Section        0  _printf_percent.o(.ARM.Collect$$_printf_percent$$00000000)
    .ARM.Collect$$_printf_percent$$00000009  0x0800020c   Section        6  _printf_d.o(.ARM.Collect$$_printf_percent$$00000009)
    .ARM.Collect$$_printf_percent$$00000017  0x08000212   Section        4  _printf_percent_end.o(.ARM.Collect$$_printf_percent$$00000017)
    .ARM.Collect$$libinit$$00000000          0x08000216   Section        2  libinit.o(.ARM.Collect$$libinit$$00000000)
    .ARM.Collect$$libinit$$00000001          0x08000218   Section        4  libinit2.o(.ARM.Collect$$libinit$$00000001)
    .ARM.Collect$$libinit$$00000004          0x0800021c   Section        0  libinit2.o(.ARM.Collect$$libinit$$00000004)
    .ARM.Collect$$libinit$$0000000A          0x0800021c   Section        0  libinit2.o(.ARM.Collect$$libinit$$0000000A)
    .ARM.Collect$$libinit$$0000000C          0x0800021c   Section        0  libinit2.o(.ARM.Collect$$libinit$$0000000C)
    .ARM.Collect$$libinit$$0000000E          0x0800021c   Section        0  libinit2.o(.ARM.Collect$$libinit$$0000000E)
    .ARM.Collect$$libinit$$00000011          0x0800021c   Section        0  libinit2.o(.ARM.Collect$$libinit$$00000011)
    .ARM.Collect$$libinit$$00000013          0x0800021c   Section        0  libinit2.o(.ARM.Collect$$libinit$$00000013)
    .ARM.Collect$$libinit$$00000015          0x0800021c   Section        0  libinit2.o(.ARM.Collect$$libinit$$00000015)
    .ARM.Collect$$libinit$$00000017          0x0800021c   Section        0  libinit2.o(.ARM.Collect$$libinit$$00000017)
    .ARM.Collect$$libinit$$00000019          0x0800021c   Section        0  libinit2.o(.ARM.Collect$$libinit$$00000019)
    .ARM.Collect$$libinit$$0000001B          0x0800021c   Section        0  libinit2.o(.ARM.Collect$$libinit$$0000001B)
    .ARM.Collect$$libinit$$0000001D          0x0800021c   Section        0  libinit2.o(.ARM.Collect$$libinit$$0000001D)
    .ARM.Collect$$libinit$$0000001F          0x0800021c   Section        0  libinit2.o(.ARM.Collect$$libinit$$0000001F)
    .ARM.Collect$$libinit$$00000021          0x0800021c   Section        0  libinit2.o(.ARM.Collect$$libinit$$00000021)
    .ARM.Collect$$libinit$$00000023          0x0800021c   Section        0  libinit2.o(.ARM.Collect$$libinit$$00000023)
    .ARM.Collect$$libinit$$00000025          0x0800021c   Section        0  libinit2.o(.ARM.Collect$$libinit$$00000025)
    .ARM.Collect$$libinit$$0000002C          0x0800021c   Section        0  libinit2.o(.ARM.Collect$$libinit$$0000002C)
    .ARM.Collect$$libinit$$0000002E          0x0800021c   Section        0  libinit2.o(.ARM.Collect$$libinit$$0000002E)
    .ARM.Collect$$libinit$$00000030          0x0800021c   Section        0  libinit2.o(.ARM.Collect$$libinit$$00000030)
    .ARM.Collect$$libinit$$00000032          0x0800021c   Section        0  libinit2.o(.ARM.Collect$$libinit$$00000032)
    .ARM.Collect$$libinit$$00000033          0x0800021c   Section        2  libinit2.o(.ARM.Collect$$libinit$$00000033)
    .ARM.Collect$$libshutdown$$00000000      0x0800021e   Section        2  libshutdown.o(.ARM.Collect$$libshutdown$$00000000)
    .ARM.Collect$$libshutdown$$00000003      0x08000220   Section        0  libshutdown2.o(.ARM.Collect$$libshutdown$$00000003)
    .ARM.Collect$$libshutdown$$00000006      0x08000220   Section        0  libshutdown2.o(.ARM.Collect$$libshutdown$$00000006)
    .ARM.Collect$$libshutdown$$00000009      0x08000220   Section        0  libshutdown2.o(.ARM.Collect$$libshutdown$$00000009)
    .ARM.Collect$$libshutdown$$0000000B      0x08000220   Section        0  libshutdown2.o(.ARM.Collect$$libshutdown$$0000000B)
    .ARM.Collect$$libshutdown$$0000000E      0x08000220   Section        0  libshutdown2.o(.ARM.Collect$$libshutdown$$0000000E)
    .ARM.Collect$$libshutdown$$0000000F      0x08000220   Section        2  libshutdown2.o(.ARM.Collect$$libshutdown$$0000000F)
    .ARM.Collect$$rtentry$$00000000          0x08000222   Section        0  __rtentry.o(.ARM.Collect$$rtentry$$00000000)
    .ARM.Collect$$rtentry$$00000002          0x08000222   Section        0  __rtentry2.o(.ARM.Collect$$rtentry$$00000002)
    .ARM.Collect$$rtentry$$00000004          0x08000222   Section        6  __rtentry4.o(.ARM.Collect$$rtentry$$00000004)
    .ARM.Collect$$rtentry$$00000009          0x08000228   Section        0  __rtentry2.o(.ARM.Collect$$rtentry$$00000009)
    .ARM.Collect$$rtentry$$0000000A          0x08000228   Section        4  __rtentry2.o(.ARM.Collect$$rtentry$$0000000A)
    .ARM.Collect$$rtentry$$0000000C          0x0800022c   Section        0  __rtentry2.o(.ARM.Collect$$rtentry$$0000000C)
    .ARM.Collect$$rtentry$$0000000D          0x0800022c   Section        8  __rtentry2.o(.ARM.Collect$$rtentry$$0000000D)
    .ARM.Collect$$rtexit$$00000000           0x08000234   Section        2  rtexit.o(.ARM.Collect$$rtexit$$00000000)
    .ARM.Collect$$rtexit$$00000002           0x08000236   Section        0  rtexit2.o(.ARM.Collect$$rtexit$$00000002)
    .ARM.Collect$$rtexit$$00000003           0x08000236   Section        4  rtexit2.o(.ARM.Collect$$rtexit$$00000003)
    .ARM.Collect$$rtexit$$00000004           0x0800023a   Section        6  rtexit2.o(.ARM.Collect$$rtexit$$00000004)
    .text                                    0x08000240   Section       64  startup_stm32f411xe.o(.text)
    $v0                                      0x08000240   Number         0  startup_stm32f411xe.o(.text)
    .text                                    0x08000280   Section      238  lludivv7m.o(.text)
    .text                                    0x08000370   Section        0  __2sprintf.o(.text)
    .text                                    0x0800039c   Section        0  __printf.o(.text)
    .text                                    0x08000404   Section        0  _printf_dec.o(.text)
    .text                                    0x0800047c   Section      100  rt_memcpy_w.o(.text)
    .text                                    0x080004e0   Section       78  rt_memclr_w.o(.text)
    .text                                    0x0800052e   Section        0  heapauxi.o(.text)
    .text                                    0x08000534   Section        0  _printf_intcommon.o(.text)
    .text                                    0x080005e8   Section        0  _printf_char_common.o(.text)
    _printf_input_char                       0x080005e9   Thumb Code    10  _printf_char_common.o(.text)
    .text                                    0x08000618   Section        0  _sputc.o(.text)
    .text                                    0x08000622   Section       74  sys_stackheap_outer.o(.text)
    .text                                    0x0800066c   Section        0  exit.o(.text)
    .text                                    0x08000678   Section        8  libspace.o(.text)
    .text                                    0x08000680   Section        0  sys_exit.o(.text)
    .text                                    0x0800068c   Section        2  use_no_semi.o(.text)
    .text                                    0x0800068e   Section        0  indicate_semi.o(.text)
    i.ADC_DMAConvCplt                        0x0800068e   Section        0  stm32f4xx_hal_adc.o(i.ADC_DMAConvCplt)
    ADC_DMAConvCplt                          0x0800068f   Thumb Code   110  stm32f4xx_hal_adc.o(i.ADC_DMAConvCplt)
    i.ADC_DMAError                           0x080006fc   Section        0  stm32f4xx_hal_adc.o(i.ADC_DMAError)
    ADC_DMAError                             0x080006fd   Thumb Code    22  stm32f4xx_hal_adc.o(i.ADC_DMAError)
    i.ADC_DMAHalfConvCplt                    0x08000712   Section        0  stm32f4xx_hal_adc.o(i.ADC_DMAHalfConvCplt)
    ADC_DMAHalfConvCplt                      0x08000713   Thumb Code    10  stm32f4xx_hal_adc.o(i.ADC_DMAHalfConvCplt)
    i.ADC_Init                               0x0800071c   Section        0  stm32f4xx_hal_adc.o(i.ADC_Init)
    ADC_Init                                 0x0800071d   Thumb Code   284  stm32f4xx_hal_adc.o(i.ADC_Init)
    i.BusFault_Handler                       0x08000844   Section        0  stm32f4xx_it.o(i.BusFault_Handler)
    i.DHT11_In                               0x08000848   Section        0  dht11.o(i.DHT11_In)
    i.DHT11_Init                             0x0800086c   Section        0  dht11.o(i.DHT11_Init)
    i.DHT11_Receive_Bit                      0x080008b0   Section        0  dht11.o(i.DHT11_Receive_Bit)
    i.DHT11_Receive_Byte                     0x080008ec   Section        0  dht11.o(i.DHT11_Receive_Byte)
    i.DHT11_Receive_Data                     0x08000948   Section        0  dht11.o(i.DHT11_Receive_Data)
    i.DHT11_Start                            0x080009a8   Section        0  dht11.o(i.DHT11_Start)
    i.DMA2_Stream0_IRQHandler                0x080009e4   Section        0  stm32f4xx_it.o(i.DMA2_Stream0_IRQHandler)
    i.DMA_CalcBaseAndBitshift                0x080009f0   Section        0  stm32f4xx_hal_dma.o(i.DMA_CalcBaseAndBitshift)
    DMA_CalcBaseAndBitshift                  0x080009f1   Thumb Code    34  stm32f4xx_hal_dma.o(i.DMA_CalcBaseAndBitshift)
    i.DMA_CheckFifoParam                     0x08000a18   Section        0  stm32f4xx_hal_dma.o(i.DMA_CheckFifoParam)
    DMA_CheckFifoParam                       0x08000a19   Thumb Code    84  stm32f4xx_hal_dma.o(i.DMA_CheckFifoParam)
    i.DMA_SetConfig                          0x08000a6c   Section        0  stm32f4xx_hal_dma.o(i.DMA_SetConfig)
    DMA_SetConfig                            0x08000a6d   Thumb Code    40  stm32f4xx_hal_dma.o(i.DMA_SetConfig)
    i.DebugMon_Handler                       0x08000a94   Section        0  stm32f4xx_it.o(i.DebugMon_Handler)
    i.Delay_ms                               0x08000a96   Section        0  delay.o(i.Delay_ms)
    i.Delay_us                               0x08000aac   Section        0  delay.o(i.Delay_us)
    i.EXTI15_10_IRQHandler                   0x08000ae8   Section        0  stm32f4xx_it.o(i.EXTI15_10_IRQHandler)
    i.Error_Handler                          0x08000b06   Section        0  main.o(i.Error_Handler)
    i.HAL_ADC_ConfigChannel                  0x08000b0c   Section        0  stm32f4xx_hal_adc.o(i.HAL_ADC_ConfigChannel)
    i.HAL_ADC_ConvCpltCallback               0x08000c70   Section        0  stm32f4xx_hal_adc.o(i.HAL_ADC_ConvCpltCallback)
    i.HAL_ADC_ConvHalfCpltCallback           0x08000c72   Section        0  stm32f4xx_hal_adc.o(i.HAL_ADC_ConvHalfCpltCallback)
    i.HAL_ADC_ErrorCallback                  0x08000c74   Section        0  stm32f4xx_hal_adc.o(i.HAL_ADC_ErrorCallback)
    i.HAL_ADC_Init                           0x08000c76   Section        0  stm32f4xx_hal_adc.o(i.HAL_ADC_Init)
    i.HAL_ADC_MspInit                        0x08000ccc   Section        0  adc.o(i.HAL_ADC_MspInit)
    i.HAL_ADC_Start_DMA                      0x08000d84   Section        0  stm32f4xx_hal_adc.o(i.HAL_ADC_Start_DMA)
    i.HAL_DMA_Abort                          0x08000ea8   Section        0  stm32f4xx_hal_dma.o(i.HAL_DMA_Abort)
    i.HAL_DMA_Abort_IT                       0x08000f3a   Section        0  stm32f4xx_hal_dma.o(i.HAL_DMA_Abort_IT)
    i.HAL_DMA_IRQHandler                     0x08000f60   Section        0  stm32f4xx_hal_dma.o(i.HAL_DMA_IRQHandler)
    i.HAL_DMA_Init                           0x08001100   Section        0  stm32f4xx_hal_dma.o(i.HAL_DMA_Init)
    i.HAL_DMA_Start_IT                       0x080011d4   Section        0  stm32f4xx_hal_dma.o(i.HAL_DMA_Start_IT)
    i.HAL_GPIO_EXTI_Callback                 0x08001244   Section        0  main.o(i.HAL_GPIO_EXTI_Callback)
    i.HAL_GPIO_EXTI_IRQHandler               0x080012cc   Section        0  stm32f4xx_hal_gpio.o(i.HAL_GPIO_EXTI_IRQHandler)
    i.HAL_GPIO_Init                          0x080012e4   Section        0  stm32f4xx_hal_gpio.o(i.HAL_GPIO_Init)
    i.HAL_GPIO_ReadPin                       0x080014c4   Section        0  stm32f4xx_hal_gpio.o(i.HAL_GPIO_ReadPin)
    i.HAL_GPIO_WritePin                      0x080014ce   Section        0  stm32f4xx_hal_gpio.o(i.HAL_GPIO_WritePin)
    i.HAL_GetTick                            0x080014d8   Section        0  stm32f4xx_hal.o(i.HAL_GetTick)
    i.HAL_IncTick                            0x080014e4   Section        0  stm32f4xx_hal.o(i.HAL_IncTick)
    i.HAL_Init                               0x080014f4   Section        0  stm32f4xx_hal.o(i.HAL_Init)
    i.HAL_InitTick                           0x08001528   Section        0  stm32f4xx_hal.o(i.HAL_InitTick)
    i.HAL_MspInit                            0x08001568   Section        0  stm32f4xx_hal_msp.o(i.HAL_MspInit)
    i.HAL_NVIC_EnableIRQ                     0x08001598   Section        0  stm32f4xx_hal_cortex.o(i.HAL_NVIC_EnableIRQ)
    i.HAL_NVIC_SetPriority                   0x080015b4   Section        0  stm32f4xx_hal_cortex.o(i.HAL_NVIC_SetPriority)
    i.HAL_NVIC_SetPriorityGrouping           0x080015f4   Section        0  stm32f4xx_hal_cortex.o(i.HAL_NVIC_SetPriorityGrouping)
    i.HAL_RCC_ClockConfig                    0x08001618   Section        0  stm32f4xx_hal_rcc.o(i.HAL_RCC_ClockConfig)
    i.HAL_RCC_GetPCLK1Freq                   0x0800174c   Section        0  stm32f4xx_hal_rcc.o(i.HAL_RCC_GetPCLK1Freq)
    i.HAL_RCC_GetPCLK2Freq                   0x0800176c   Section        0  stm32f4xx_hal_rcc.o(i.HAL_RCC_GetPCLK2Freq)
    i.HAL_RCC_GetSysClockFreq                0x0800178c   Section        0  stm32f4xx_hal_rcc.o(i.HAL_RCC_GetSysClockFreq)
    i.HAL_RCC_OscConfig                      0x080017f0   Section        0  stm32f4xx_hal_rcc.o(i.HAL_RCC_OscConfig)
    i.HAL_SYSTICK_Config                     0x08001b5c   Section        0  stm32f4xx_hal_cortex.o(i.HAL_SYSTICK_Config)
    i.HAL_TIMEx_BreakCallback                0x08001b84   Section        0  stm32f4xx_hal_tim_ex.o(i.HAL_TIMEx_BreakCallback)
    i.HAL_TIMEx_CommutCallback               0x08001b86   Section        0  stm32f4xx_hal_tim_ex.o(i.HAL_TIMEx_CommutCallback)
    i.HAL_TIMEx_MasterConfigSynchronization  0x08001b88   Section        0  stm32f4xx_hal_tim_ex.o(i.HAL_TIMEx_MasterConfigSynchronization)
    i.HAL_TIM_Base_Init                      0x08001c04   Section        0  stm32f4xx_hal_tim.o(i.HAL_TIM_Base_Init)
    i.HAL_TIM_Base_MspInit                   0x08001c60   Section        0  tim.o(i.HAL_TIM_Base_MspInit)
    i.HAL_TIM_Base_Start                     0x08001cb0   Section        0  stm32f4xx_hal_tim.o(i.HAL_TIM_Base_Start)
    i.HAL_TIM_Base_Stop                      0x08001d14   Section        0  stm32f4xx_hal_tim.o(i.HAL_TIM_Base_Stop)
    i.HAL_TIM_ConfigClockSource              0x08001d3a   Section        0  stm32f4xx_hal_tim.o(i.HAL_TIM_ConfigClockSource)
    i.HAL_TIM_IC_CaptureCallback             0x08001e16   Section        0  stm32f4xx_hal_tim.o(i.HAL_TIM_IC_CaptureCallback)
    i.HAL_TIM_IRQHandler                     0x08001e18   Section        0  stm32f4xx_hal_tim.o(i.HAL_TIM_IRQHandler)
    i.HAL_TIM_MspPostInit                    0x08001f48   Section        0  tim.o(i.HAL_TIM_MspPostInit)
    i.HAL_TIM_OC_DelayElapsedCallback        0x08001f98   Section        0  stm32f4xx_hal_tim.o(i.HAL_TIM_OC_DelayElapsedCallback)
    i.HAL_TIM_PWM_ConfigChannel              0x08001f9a   Section        0  stm32f4xx_hal_tim.o(i.HAL_TIM_PWM_ConfigChannel)
    i.HAL_TIM_PWM_Init                       0x08002066   Section        0  stm32f4xx_hal_tim.o(i.HAL_TIM_PWM_Init)
    i.HAL_TIM_PWM_MspInit                    0x080020c0   Section        0  stm32f4xx_hal_tim.o(i.HAL_TIM_PWM_MspInit)
    i.HAL_TIM_PWM_PulseFinishedCallback      0x080020c2   Section        0  stm32f4xx_hal_tim.o(i.HAL_TIM_PWM_PulseFinishedCallback)
    i.HAL_TIM_PWM_Start                      0x080020c4   Section        0  stm32f4xx_hal_tim.o(i.HAL_TIM_PWM_Start)
    i.HAL_TIM_PeriodElapsedCallback          0x08002174   Section        0  stm32f4xx_hal_tim.o(i.HAL_TIM_PeriodElapsedCallback)
    i.HAL_TIM_TriggerCallback                0x08002176   Section        0  stm32f4xx_hal_tim.o(i.HAL_TIM_TriggerCallback)
    i.HAL_UARTEx_RxEventCallback             0x08002178   Section        0  stm32f4xx_hal_uart.o(i.HAL_UARTEx_RxEventCallback)
    i.HAL_UART_ErrorCallback                 0x0800217a   Section        0  stm32f4xx_hal_uart.o(i.HAL_UART_ErrorCallback)
    i.HAL_UART_IRQHandler                    0x0800217c   Section        0  stm32f4xx_hal_uart.o(i.HAL_UART_IRQHandler)
    i.HAL_UART_Init                          0x080023ec   Section        0  stm32f4xx_hal_uart.o(i.HAL_UART_Init)
    i.HAL_UART_MspInit                       0x08002450   Section        0  usart.o(i.HAL_UART_MspInit)
    i.HAL_UART_Receive_IT                    0x08002518   Section        0  stm32f4xx_hal_uart.o(i.HAL_UART_Receive_IT)
    i.HAL_UART_RxCpltCallback                0x08002534   Section        0  main.o(i.HAL_UART_RxCpltCallback)
    i.HAL_UART_Transmit                      0x080025a8   Section        0  stm32f4xx_hal_uart.o(i.HAL_UART_Transmit)
    i.HAL_UART_TxCpltCallback                0x08002648   Section        0  stm32f4xx_hal_uart.o(i.HAL_UART_TxCpltCallback)
    i.HMISendb                               0x0800264c   Section        0  main.o(i.HMISendb)
    i.HMISends                               0x08002678   Section        0  main.o(i.HMISends)
    i.HardFault_Handler                      0x0800269c   Section        0  stm32f4xx_it.o(i.HardFault_Handler)
    i.LD3320_AsrAddFixed                     0x080026a0   Section        0  ld3320.o(i.LD3320_AsrAddFixed)
    i.LD3320_AsrRun                          0x08002758   Section        0  ld3320.o(i.LD3320_AsrRun)
    i.LD3320_Check_ASRBusyFlag_b2            0x080027d6   Section        0  ld3320.o(i.LD3320_Check_ASRBusyFlag_b2)
    i.LD3320_GetResult                       0x080027fc   Section        0  ld3320.o(i.LD3320_GetResult)
    i.LD3320_Init                            0x08002802   Section        0  reg_rw.o(i.LD3320_Init)
    i.LD3320_Init_ASR                        0x08002808   Section        0  ld3320.o(i.LD3320_Init_ASR)
    i.LD3320_Init_Command                    0x08002878   Section        0  ld3320.o(i.LD3320_Init_Command)
    i.LD3320_ReadReg                         0x08002940   Section        0  reg_rw.o(i.LD3320_ReadReg)
    i.LD3320_Reset                           0x08002a40   Section        0  ld3320.o(i.LD3320_Reset)
    i.LD3320_WriteReg                        0x08002a9c   Section        0  reg_rw.o(i.LD3320_WriteReg)
    i.MX_ADC1_Init                           0x08002b94   Section        0  adc.o(i.MX_ADC1_Init)
    i.MX_DMA_Init                            0x08002c24   Section        0  dma.o(i.MX_DMA_Init)
    i.MX_GPIO_Init                           0x08002c50   Section        0  gpio.o(i.MX_GPIO_Init)
    i.MX_TIM2_Init                           0x08002d68   Section        0  tim.o(i.MX_TIM2_Init)
    i.MX_TIM3_Init                           0x08002dcc   Section        0  tim.o(i.MX_TIM3_Init)
    i.MX_USART1_UART_Init                    0x08002e78   Section        0  usart.o(i.MX_USART1_UART_Init)
    i.MX_USART2_UART_Init                    0x08002eb0   Section        0  usart.o(i.MX_USART2_UART_Init)
    i.MemManage_Handler                      0x08002ee8   Section        0  stm32f4xx_it.o(i.MemManage_Handler)
    i.Motor_SetSpeed                         0x08002eec   Section        0  main.o(i.Motor_SetSpeed)
    i.NMI_Handler                            0x08002f34   Section        0  stm32f4xx_it.o(i.NMI_Handler)
    i.PendSV_Handler                         0x08002f36   Section        0  stm32f4xx_it.o(i.PendSV_Handler)
    i.ProcessInt                             0x08002f38   Section        0  ld3320.o(i.ProcessInt)
    i.RunASR                                 0x08002fdc   Section        0  ld3320.o(i.RunASR)
    i.SVC_Handler                            0x0800301a   Section        0  stm32f4xx_it.o(i.SVC_Handler)
    i.ScreenShow_Init                        0x0800301c   Section        0  main.o(i.ScreenShow_Init)
    i.SysTick_Handler                        0x0800311c   Section        0  stm32f4xx_it.o(i.SysTick_Handler)
    i.SystemClock_Config                     0x08003120   Section        0  main.o(i.SystemClock_Config)
    i.SystemInit                             0x080031b0   Section        0  system_stm32f4xx.o(i.SystemInit)
    i.TIM2_IRQHandler                        0x080031c0   Section        0  stm32f4xx_it.o(i.TIM2_IRQHandler)
    i.TIM_Base_SetConfig                     0x080031cc   Section        0  stm32f4xx_hal_tim.o(i.TIM_Base_SetConfig)
    i.TIM_CCxChannelCmd                      0x08003270   Section        0  stm32f4xx_hal_tim.o(i.TIM_CCxChannelCmd)
    i.TIM_ETR_SetConfig                      0x0800328a   Section        0  stm32f4xx_hal_tim.o(i.TIM_ETR_SetConfig)
    i.TIM_ITRx_SetConfig                     0x0800329e   Section        0  stm32f4xx_hal_tim.o(i.TIM_ITRx_SetConfig)
    TIM_ITRx_SetConfig                       0x0800329f   Thumb Code    16  stm32f4xx_hal_tim.o(i.TIM_ITRx_SetConfig)
    i.TIM_OC1_SetConfig                      0x080032b0   Section        0  stm32f4xx_hal_tim.o(i.TIM_OC1_SetConfig)
    TIM_OC1_SetConfig                        0x080032b1   Thumb Code    74  stm32f4xx_hal_tim.o(i.TIM_OC1_SetConfig)
    i.TIM_OC2_SetConfig                      0x08003300   Section        0  stm32f4xx_hal_tim.o(i.TIM_OC2_SetConfig)
    i.TIM_OC3_SetConfig                      0x08003358   Section        0  stm32f4xx_hal_tim.o(i.TIM_OC3_SetConfig)
    TIM_OC3_SetConfig                        0x08003359   Thumb Code    82  stm32f4xx_hal_tim.o(i.TIM_OC3_SetConfig)
    i.TIM_OC4_SetConfig                      0x080033b0   Section        0  stm32f4xx_hal_tim.o(i.TIM_OC4_SetConfig)
    TIM_OC4_SetConfig                        0x080033b1   Thumb Code    64  stm32f4xx_hal_tim.o(i.TIM_OC4_SetConfig)
    i.TIM_TI1_ConfigInputStage               0x080033f4   Section        0  stm32f4xx_hal_tim.o(i.TIM_TI1_ConfigInputStage)
    TIM_TI1_ConfigInputStage                 0x080033f5   Thumb Code    34  stm32f4xx_hal_tim.o(i.TIM_TI1_ConfigInputStage)
    i.TIM_TI2_ConfigInputStage               0x08003416   Section        0  stm32f4xx_hal_tim.o(i.TIM_TI2_ConfigInputStage)
    TIM_TI2_ConfigInputStage                 0x08003417   Thumb Code    36  stm32f4xx_hal_tim.o(i.TIM_TI2_ConfigInputStage)
    i.UART_DMAAbortOnError                   0x0800343a   Section        0  stm32f4xx_hal_uart.o(i.UART_DMAAbortOnError)
    UART_DMAAbortOnError                     0x0800343b   Thumb Code    16  stm32f4xx_hal_uart.o(i.UART_DMAAbortOnError)
    i.UART_EndRxTransfer                     0x0800344a   Section        0  stm32f4xx_hal_uart.o(i.UART_EndRxTransfer)
    UART_EndRxTransfer                       0x0800344b   Thumb Code    78  stm32f4xx_hal_uart.o(i.UART_EndRxTransfer)
    i.UART_Receive_IT                        0x08003498   Section        0  stm32f4xx_hal_uart.o(i.UART_Receive_IT)
    UART_Receive_IT                          0x08003499   Thumb Code   194  stm32f4xx_hal_uart.o(i.UART_Receive_IT)
    i.UART_SetConfig                         0x0800355c   Section        0  stm32f4xx_hal_uart.o(i.UART_SetConfig)
    UART_SetConfig                           0x0800355d   Thumb Code   258  stm32f4xx_hal_uart.o(i.UART_SetConfig)
    i.UART_Start_Receive_IT                  0x08003668   Section        0  stm32f4xx_hal_uart.o(i.UART_Start_Receive_IT)
    i.UART_WaitOnFlagUntilTimeout            0x0800369e   Section        0  stm32f4xx_hal_uart.o(i.UART_WaitOnFlagUntilTimeout)
    UART_WaitOnFlagUntilTimeout              0x0800369f   Thumb Code   114  stm32f4xx_hal_uart.o(i.UART_WaitOnFlagUntilTimeout)
    i.USART1_IRQHandler                      0x08003710   Section        0  stm32f4xx_it.o(i.USART1_IRQHandler)
    i.USART2_IRQHandler                      0x0800371c   Section        0  stm32f4xx_it.o(i.USART2_IRQHandler)
    i.UsageFault_Handler                     0x08003728   Section        0  stm32f4xx_it.o(i.UsageFault_Handler)
    i.User_Modification                      0x0800372c   Section        0  main.o(i.User_Modification)
    i.__NVIC_SetPriority                     0x08003888   Section        0  stm32f4xx_hal_cortex.o(i.__NVIC_SetPriority)
    __NVIC_SetPriority                       0x08003889   Thumb Code    32  stm32f4xx_hal_cortex.o(i.__NVIC_SetPriority)
    i.main                                   0x080038a8   Section        0  main.o(i.main)
    x$fpl$fpinit                             0x08003ca0   Section       10  fpinit.o(x$fpl$fpinit)
    $v0                                      0x08003ca0   Number         0  fpinit.o(x$fpl$fpinit)
    .constdata                               0x08003cac   Section      280  ld3320.o(.constdata)
    .constdata                               0x08003dc4   Section        8  stm32f4xx_hal_dma.o(.constdata)
    flagBitshiftOffset                       0x08003dc4   Data           8  stm32f4xx_hal_dma.o(.constdata)
    .constdata                               0x08003dcc   Section       16  system_stm32f4xx.o(.constdata)
    .constdata                               0x08003ddc   Section        8  system_stm32f4xx.o(.constdata)
    .data                                    0x20000000   Section        2  ld3320.o(.data)
    .data                                    0x20000004   Section       18  main.o(.data)
    .data                                    0x20000018   Section       12  stm32f4xx_hal.o(.data)
    .data                                    0x20000024   Section        4  system_stm32f4xx.o(.data)
    .bss                                     0x20000028   Section     2564  main.o(.bss)
    .bss                                     0x20000a2c   Section      168  adc.o(.bss)
    .bss                                     0x20000ad4   Section      144  tim.o(.bss)
    .bss                                     0x20000b64   Section      144  usart.o(.bss)
    .bss                                     0x20000bf4   Section       96  libspace.o(.bss)
    HEAP                                     0x20000c58   Section      512  startup_stm32f411xe.o(HEAP)
    Heap_Mem                                 0x20000c58   Data         512  startup_stm32f411xe.o(HEAP)
    STACK                                    0x20000e58   Section     1024  startup_stm32f411xe.o(STACK)
    Stack_Mem                                0x20000e58   Data        1024  startup_stm32f411xe.o(STACK)
    __initial_sp                             0x20001258   Data           0  startup_stm32f411xe.o(STACK)

    Global Symbols

    Symbol Name                              Value     Ov Type        Size  Object(Section)

    BuildAttributes$$THM_ISAv4$E$P$D$K$B$S$7EM$VFPi3$EXTD16$VFPS$VFMA$PE$A:L22UL41UL21$X:L11$S22US41US21$IEEE1$IW$USESV6$~STKCKD$USESV7$~SHL$OSPACE$ROPI$EBA8$UX$STANDARDLIB$REQ8$PRES8$EABIv2 0x00000000   Number         0  anon$$obj.o ABSOLUTE
    __ARM_use_no_argv                        0x00000000   Number         0  main.o ABSOLUTE
    _printf_flags                            0x00000000   Number         0  printf_stubs.o ABSOLUTE
    _printf_return_value                     0x00000000   Number         0  printf_stubs.o ABSOLUTE
    _printf_sizespec                         0x00000000   Number         0  printf_stubs.o ABSOLUTE
    _printf_widthprec                        0x00000000   Number         0  printf_stubs.o ABSOLUTE
    __ARM_exceptions_init                     - Undefined Weak Reference
    __alloca_initialize                       - Undefined Weak Reference
    __arm_preinit_                            - Undefined Weak Reference
    __cpp_initialize__aeabi_                  - Undefined Weak Reference
    __cxa_finalize                            - Undefined Weak Reference
    __rt_locale                               - Undefined Weak Reference
    __sigvec_lookup                           - Undefined Weak Reference
    _atexit_init                              - Undefined Weak Reference
    _call_atexit_fns                          - Undefined Weak Reference
    _clock_init                               - Undefined Weak Reference
    _fp_trap_init                             - Undefined Weak Reference
    _fp_trap_shutdown                         - Undefined Weak Reference
    _get_lc_collate                           - Undefined Weak Reference
    _get_lc_ctype                             - Undefined Weak Reference
    _get_lc_monetary                          - Undefined Weak Reference
    _get_lc_numeric                           - Undefined Weak Reference
    _get_lc_time                              - Undefined Weak Reference
    _getenv_init                              - Undefined Weak Reference
    _handle_redirection                       - Undefined Weak Reference
    _init_alloc                               - Undefined Weak Reference
    _init_user_alloc                          - Undefined Weak Reference
    _initio                                   - Undefined Weak Reference
    _printf_post_padding                      - Undefined Weak Reference
    _printf_pre_padding                       - Undefined Weak Reference
    _printf_truncate_signed                   - Undefined Weak Reference
    _printf_truncate_unsigned                 - Undefined Weak Reference
    _rand_init                                - Undefined Weak Reference
    _signal_finish                            - Undefined Weak Reference
    _signal_init                              - Undefined Weak Reference
    _terminate_alloc                          - Undefined Weak Reference
    _terminate_user_alloc                     - Undefined Weak Reference
    _terminateio                              - Undefined Weak Reference
    __Vectors_Size                           0x00000198   Number         0  startup_stm32f411xe.o ABSOLUTE
    __Vectors                                0x08000000   Data           4  startup_stm32f411xe.o(RESET)
    __Vectors_End                            0x08000198   Data           0  startup_stm32f411xe.o(RESET)
    __main                                   0x08000199   Thumb Code     8  __main.o(!!!main)
    __scatterload                            0x080001a1   Thumb Code     0  __scatter.o(!!!scatter)
    __scatterload_rt2                        0x080001a1   Thumb Code    44  __scatter.o(!!!scatter)
    __scatterload_rt2_thumb_only             0x080001a1   Thumb Code     0  __scatter.o(!!!scatter)
    __scatterload_null                       0x080001af   Thumb Code     0  __scatter.o(!!!scatter)
    __scatterload_copy                       0x080001d5   Thumb Code    26  __scatter_copy.o(!!handler_copy)
    __scatterload_zeroinit                   0x080001f1   Thumb Code    28  __scatter_zi.o(!!handler_zi)
    _printf_d                                0x0800020d   Thumb Code     0  _printf_d.o(.ARM.Collect$$_printf_percent$$00000009)
    _printf_percent                          0x0800020d   Thumb Code     0  _printf_percent.o(.ARM.Collect$$_printf_percent$$00000000)
    _printf_percent_end                      0x08000213   Thumb Code     0  _printf_percent_end.o(.ARM.Collect$$_printf_percent$$00000017)
    __rt_lib_init                            0x08000217   Thumb Code     0  libinit.o(.ARM.Collect$$libinit$$00000000)
    __rt_lib_init_fp_1                       0x08000219   Thumb Code     0  libinit2.o(.ARM.Collect$$libinit$$00000001)
    __rt_lib_init_alloca_1                   0x0800021d   Thumb Code     0  libinit2.o(.ARM.Collect$$libinit$$0000002E)
    __rt_lib_init_argv_1                     0x0800021d   Thumb Code     0  libinit2.o(.ARM.Collect$$libinit$$0000002C)
    __rt_lib_init_atexit_1                   0x0800021d   Thumb Code     0  libinit2.o(.ARM.Collect$$libinit$$0000001B)
    __rt_lib_init_clock_1                    0x0800021d   Thumb Code     0  libinit2.o(.ARM.Collect$$libinit$$00000021)
    __rt_lib_init_cpp_1                      0x0800021d   Thumb Code     0  libinit2.o(.ARM.Collect$$libinit$$00000032)
    __rt_lib_init_exceptions_1               0x0800021d   Thumb Code     0  libinit2.o(.ARM.Collect$$libinit$$00000030)
    __rt_lib_init_fp_trap_1                  0x0800021d   Thumb Code     0  libinit2.o(.ARM.Collect$$libinit$$0000001F)
    __rt_lib_init_getenv_1                   0x0800021d   Thumb Code     0  libinit2.o(.ARM.Collect$$libinit$$00000023)
    __rt_lib_init_heap_1                     0x0800021d   Thumb Code     0  libinit2.o(.ARM.Collect$$libinit$$0000000A)
    __rt_lib_init_lc_collate_1               0x0800021d   Thumb Code     0  libinit2.o(.ARM.Collect$$libinit$$00000011)
    __rt_lib_init_lc_ctype_1                 0x0800021d   Thumb Code     0  libinit2.o(.ARM.Collect$$libinit$$00000013)
    __rt_lib_init_lc_monetary_1              0x0800021d   Thumb Code     0  libinit2.o(.ARM.Collect$$libinit$$00000015)
    __rt_lib_init_lc_numeric_1               0x0800021d   Thumb Code     0  libinit2.o(.ARM.Collect$$libinit$$00000017)
    __rt_lib_init_lc_time_1                  0x0800021d   Thumb Code     0  libinit2.o(.ARM.Collect$$libinit$$00000019)
    __rt_lib_init_preinit_1                  0x0800021d   Thumb Code     0  libinit2.o(.ARM.Collect$$libinit$$00000004)
    __rt_lib_init_rand_1                     0x0800021d   Thumb Code     0  libinit2.o(.ARM.Collect$$libinit$$0000000E)
    __rt_lib_init_return                     0x0800021d   Thumb Code     0  libinit2.o(.ARM.Collect$$libinit$$00000033)
    __rt_lib_init_signal_1                   0x0800021d   Thumb Code     0  libinit2.o(.ARM.Collect$$libinit$$0000001D)
    __rt_lib_init_stdio_1                    0x0800021d   Thumb Code     0  libinit2.o(.ARM.Collect$$libinit$$00000025)
    __rt_lib_init_user_alloc_1               0x0800021d   Thumb Code     0  libinit2.o(.ARM.Collect$$libinit$$0000000C)
    __rt_lib_shutdown                        0x0800021f   Thumb Code     0  libshutdown.o(.ARM.Collect$$libshutdown$$00000000)
    __rt_lib_shutdown_fp_trap_1              0x08000221   Thumb Code     0  libshutdown2.o(.ARM.Collect$$libshutdown$$00000006)
    __rt_lib_shutdown_heap_1                 0x08000221   Thumb Code     0  libshutdown2.o(.ARM.Collect$$libshutdown$$0000000E)
    __rt_lib_shutdown_return                 0x08000221   Thumb Code     0  libshutdown2.o(.ARM.Collect$$libshutdown$$0000000F)
    __rt_lib_shutdown_signal_1               0x08000221   Thumb Code     0  libshutdown2.o(.ARM.Collect$$libshutdown$$00000009)
    __rt_lib_shutdown_stdio_1                0x08000221   Thumb Code     0  libshutdown2.o(.ARM.Collect$$libshutdown$$00000003)
    __rt_lib_shutdown_user_alloc_1           0x08000221   Thumb Code     0  libshutdown2.o(.ARM.Collect$$libshutdown$$0000000B)
    __rt_entry                               0x08000223   Thumb Code     0  __rtentry.o(.ARM.Collect$$rtentry$$00000000)
    __rt_entry_presh_1                       0x08000223   Thumb Code     0  __rtentry2.o(.ARM.Collect$$rtentry$$00000002)
    __rt_entry_sh                            0x08000223   Thumb Code     0  __rtentry4.o(.ARM.Collect$$rtentry$$00000004)
    __rt_entry_li                            0x08000229   Thumb Code     0  __rtentry2.o(.ARM.Collect$$rtentry$$0000000A)
    __rt_entry_postsh_1                      0x08000229   Thumb Code     0  __rtentry2.o(.ARM.Collect$$rtentry$$00000009)
    __rt_entry_main                          0x0800022d   Thumb Code     0  __rtentry2.o(.ARM.Collect$$rtentry$$0000000D)
    __rt_entry_postli_1                      0x0800022d   Thumb Code     0  __rtentry2.o(.ARM.Collect$$rtentry$$0000000C)
    __rt_exit                                0x08000235   Thumb Code     0  rtexit.o(.ARM.Collect$$rtexit$$00000000)
    __rt_exit_ls                             0x08000237   Thumb Code     0  rtexit2.o(.ARM.Collect$$rtexit$$00000003)
    __rt_exit_prels_1                        0x08000237   Thumb Code     0  rtexit2.o(.ARM.Collect$$rtexit$$00000002)
    __rt_exit_exit                           0x0800023b   Thumb Code     0  rtexit2.o(.ARM.Collect$$rtexit$$00000004)
    Reset_Handler                            0x08000241   Thumb Code     8  startup_stm32f411xe.o(.text)
    ADC_IRQHandler                           0x0800025b   Thumb Code     0  startup_stm32f411xe.o(.text)
    DMA1_Stream0_IRQHandler                  0x0800025b   Thumb Code     0  startup_stm32f411xe.o(.text)
    DMA1_Stream1_IRQHandler                  0x0800025b   Thumb Code     0  startup_stm32f411xe.o(.text)
    DMA1_Stream2_IRQHandler                  0x0800025b   Thumb Code     0  startup_stm32f411xe.o(.text)
    DMA1_Stream3_IRQHandler                  0x0800025b   Thumb Code     0  startup_stm32f411xe.o(.text)
    DMA1_Stream4_IRQHandler                  0x0800025b   Thumb Code     0  startup_stm32f411xe.o(.text)
    DMA1_Stream5_IRQHandler                  0x0800025b   Thumb Code     0  startup_stm32f411xe.o(.text)
    DMA1_Stream6_IRQHandler                  0x0800025b   Thumb Code     0  startup_stm32f411xe.o(.text)
    DMA1_Stream7_IRQHandler                  0x0800025b   Thumb Code     0  startup_stm32f411xe.o(.text)
    DMA2_Stream1_IRQHandler                  0x0800025b   Thumb Code     0  startup_stm32f411xe.o(.text)
    DMA2_Stream2_IRQHandler                  0x0800025b   Thumb Code     0  startup_stm32f411xe.o(.text)
    DMA2_Stream3_IRQHandler                  0x0800025b   Thumb Code     0  startup_stm32f411xe.o(.text)
    DMA2_Stream4_IRQHandler                  0x0800025b   Thumb Code     0  startup_stm32f411xe.o(.text)
    DMA2_Stream5_IRQHandler                  0x0800025b   Thumb Code     0  startup_stm32f411xe.o(.text)
    DMA2_Stream6_IRQHandler                  0x0800025b   Thumb Code     0  startup_stm32f411xe.o(.text)
    DMA2_Stream7_IRQHandler                  0x0800025b   Thumb Code     0  startup_stm32f411xe.o(.text)
    EXTI0_IRQHandler                         0x0800025b   Thumb Code     0  startup_stm32f411xe.o(.text)
    EXTI1_IRQHandler                         0x0800025b   Thumb Code     0  startup_stm32f411xe.o(.text)
    EXTI2_IRQHandler                         0x0800025b   Thumb Code     0  startup_stm32f411xe.o(.text)
    EXTI3_IRQHandler                         0x0800025b   Thumb Code     0  startup_stm32f411xe.o(.text)
    EXTI4_IRQHandler                         0x0800025b   Thumb Code     0  startup_stm32f411xe.o(.text)
    EXTI9_5_IRQHandler                       0x0800025b   Thumb Code     0  startup_stm32f411xe.o(.text)
    FLASH_IRQHandler                         0x0800025b   Thumb Code     0  startup_stm32f411xe.o(.text)
    FPU_IRQHandler                           0x0800025b   Thumb Code     0  startup_stm32f411xe.o(.text)
    I2C1_ER_IRQHandler                       0x0800025b   Thumb Code     0  startup_stm32f411xe.o(.text)
    I2C1_EV_IRQHandler                       0x0800025b   Thumb Code     0  startup_stm32f411xe.o(.text)
    I2C2_ER_IRQHandler                       0x0800025b   Thumb Code     0  startup_stm32f411xe.o(.text)
    I2C2_EV_IRQHandler                       0x0800025b   Thumb Code     0  startup_stm32f411xe.o(.text)
    I2C3_ER_IRQHandler                       0x0800025b   Thumb Code     0  startup_stm32f411xe.o(.text)
    I2C3_EV_IRQHandler                       0x0800025b   Thumb Code     0  startup_stm32f411xe.o(.text)
    OTG_FS_IRQHandler                        0x0800025b   Thumb Code     0  startup_stm32f411xe.o(.text)
    OTG_FS_WKUP_IRQHandler                   0x0800025b   Thumb Code     0  startup_stm32f411xe.o(.text)
    PVD_IRQHandler                           0x0800025b   Thumb Code     0  startup_stm32f411xe.o(.text)
    RCC_IRQHandler                           0x0800025b   Thumb Code     0  startup_stm32f411xe.o(.text)
    RTC_Alarm_IRQHandler                     0x0800025b   Thumb Code     0  startup_stm32f411xe.o(.text)
    RTC_WKUP_IRQHandler                      0x0800025b   Thumb Code     0  startup_stm32f411xe.o(.text)
    SDIO_IRQHandler                          0x0800025b   Thumb Code     0  startup_stm32f411xe.o(.text)
    SPI1_IRQHandler                          0x0800025b   Thumb Code     0  startup_stm32f411xe.o(.text)
    SPI2_IRQHandler                          0x0800025b   Thumb Code     0  startup_stm32f411xe.o(.text)
    SPI3_IRQHandler                          0x0800025b   Thumb Code     0  startup_stm32f411xe.o(.text)
    SPI4_IRQHandler                          0x0800025b   Thumb Code     0  startup_stm32f411xe.o(.text)
    SPI5_IRQHandler                          0x0800025b   Thumb Code     0  startup_stm32f411xe.o(.text)
    TAMP_STAMP_IRQHandler                    0x0800025b   Thumb Code     0  startup_stm32f411xe.o(.text)
    TIM1_BRK_TIM9_IRQHandler                 0x0800025b   Thumb Code     0  startup_stm32f411xe.o(.text)
    TIM1_CC_IRQHandler                       0x0800025b   Thumb Code     0  startup_stm32f411xe.o(.text)
    TIM1_TRG_COM_TIM11_IRQHandler            0x0800025b   Thumb Code     0  startup_stm32f411xe.o(.text)
    TIM1_UP_TIM10_IRQHandler                 0x0800025b   Thumb Code     0  startup_stm32f411xe.o(.text)
    TIM3_IRQHandler                          0x0800025b   Thumb Code     0  startup_stm32f411xe.o(.text)
    TIM4_IRQHandler                          0x0800025b   Thumb Code     0  startup_stm32f411xe.o(.text)
    TIM5_IRQHandler                          0x0800025b   Thumb Code     0  startup_stm32f411xe.o(.text)
    USART6_IRQHandler                        0x0800025b   Thumb Code     0  startup_stm32f411xe.o(.text)
    WWDG_IRQHandler                          0x0800025b   Thumb Code     0  startup_stm32f411xe.o(.text)
    __user_initial_stackheap                 0x0800025d   Thumb Code     0  startup_stm32f411xe.o(.text)
    __aeabi_uldivmod                         0x08000281   Thumb Code     0  lludivv7m.o(.text)
    _ll_udiv                                 0x08000281   Thumb Code   238  lludivv7m.o(.text)
    __2sprintf                               0x08000371   Thumb Code    38  __2sprintf.o(.text)
    __printf                                 0x0800039d   Thumb Code   104  __printf.o(.text)
    _printf_int_dec                          0x08000405   Thumb Code   104  _printf_dec.o(.text)
    __aeabi_memcpy4                          0x0800047d   Thumb Code     0  rt_memcpy_w.o(.text)
    __aeabi_memcpy8                          0x0800047d   Thumb Code     0  rt_memcpy_w.o(.text)
    __rt_memcpy_w                            0x0800047d   Thumb Code   100  rt_memcpy_w.o(.text)
    _memcpy_lastbytes_aligned                0x080004c5   Thumb Code     0  rt_memcpy_w.o(.text)
    __aeabi_memclr4                          0x080004e1   Thumb Code     0  rt_memclr_w.o(.text)
    __aeabi_memclr8                          0x080004e1   Thumb Code     0  rt_memclr_w.o(.text)
    __rt_memclr_w                            0x080004e1   Thumb Code    78  rt_memclr_w.o(.text)
    _memset_w                                0x080004e5   Thumb Code     0  rt_memclr_w.o(.text)
    __use_two_region_memory                  0x0800052f   Thumb Code     2  heapauxi.o(.text)
    __rt_heap_escrow$2region                 0x08000531   Thumb Code     2  heapauxi.o(.text)
    __rt_heap_expand$2region                 0x08000533   Thumb Code     2  heapauxi.o(.text)
    _printf_int_common                       0x08000535   Thumb Code   178  _printf_intcommon.o(.text)
    _printf_char_common                      0x080005f3   Thumb Code    32  _printf_char_common.o(.text)
    _sputc                                   0x08000619   Thumb Code    10  _sputc.o(.text)
    __user_setup_stackheap                   0x08000623   Thumb Code    74  sys_stackheap_outer.o(.text)
    exit                                     0x0800066d   Thumb Code    12  exit.o(.text)
    __user_libspace                          0x08000679   Thumb Code     8  libspace.o(.text)
    __user_perproc_libspace                  0x08000679   Thumb Code     0  libspace.o(.text)
    __user_perthread_libspace                0x08000679   Thumb Code     0  libspace.o(.text)
    _sys_exit                                0x08000681   Thumb Code     8  sys_exit.o(.text)
    __I$use$semihosting                      0x0800068d   Thumb Code     0  use_no_semi.o(.text)
    __use_no_semihosting_swi                 0x0800068d   Thumb Code     2  use_no_semi.o(.text)
    __semihosting_library_function           0x0800068f   Thumb Code     0  indicate_semi.o(.text)
    BusFault_Handler                         0x08000845   Thumb Code     2  stm32f4xx_it.o(i.BusFault_Handler)
    DHT11_In                                 0x08000849   Thumb Code    30  dht11.o(i.DHT11_In)
    DHT11_Init                               0x0800086d   Thumb Code    60  dht11.o(i.DHT11_Init)
    DHT11_Receive_Bit                        0x080008b1   Thumb Code    54  dht11.o(i.DHT11_Receive_Bit)
    DHT11_Receive_Byte                       0x080008ed   Thumb Code    86  dht11.o(i.DHT11_Receive_Byte)
    DHT11_Receive_Data                       0x08000949   Thumb Code    90  dht11.o(i.DHT11_Receive_Data)
    DHT11_Start                              0x080009a9   Thumb Code    54  dht11.o(i.DHT11_Start)
    DMA2_Stream0_IRQHandler                  0x080009e5   Thumb Code     6  stm32f4xx_it.o(i.DMA2_Stream0_IRQHandler)
    DebugMon_Handler                         0x08000a95   Thumb Code     2  stm32f4xx_it.o(i.DebugMon_Handler)
    Delay_ms                                 0x08000a97   Thumb Code    22  delay.o(i.Delay_ms)
    Delay_us                                 0x08000aad   Thumb Code    56  delay.o(i.Delay_us)
    EXTI15_10_IRQHandler                     0x08000ae9   Thumb Code    30  stm32f4xx_it.o(i.EXTI15_10_IRQHandler)
    Error_Handler                            0x08000b07   Thumb Code     4  main.o(i.Error_Handler)
    HAL_ADC_ConfigChannel                    0x08000b0d   Thumb Code   334  stm32f4xx_hal_adc.o(i.HAL_ADC_ConfigChannel)
    HAL_ADC_ConvCpltCallback                 0x08000c71   Thumb Code     2  stm32f4xx_hal_adc.o(i.HAL_ADC_ConvCpltCallback)
    HAL_ADC_ConvHalfCpltCallback             0x08000c73   Thumb Code     2  stm32f4xx_hal_adc.o(i.HAL_ADC_ConvHalfCpltCallback)
    HAL_ADC_ErrorCallback                    0x08000c75   Thumb Code     2  stm32f4xx_hal_adc.o(i.HAL_ADC_ErrorCallback)
    HAL_ADC_Init                             0x08000c77   Thumb Code    84  stm32f4xx_hal_adc.o(i.HAL_ADC_Init)
    HAL_ADC_MspInit                          0x08000ccd   Thumb Code   160  adc.o(i.HAL_ADC_MspInit)
    HAL_ADC_Start_DMA                        0x08000d85   Thumb Code   262  stm32f4xx_hal_adc.o(i.HAL_ADC_Start_DMA)
    HAL_DMA_Abort                            0x08000ea9   Thumb Code   146  stm32f4xx_hal_dma.o(i.HAL_DMA_Abort)
    HAL_DMA_Abort_IT                         0x08000f3b   Thumb Code    36  stm32f4xx_hal_dma.o(i.HAL_DMA_Abort_IT)
    HAL_DMA_IRQHandler                       0x08000f61   Thumb Code   412  stm32f4xx_hal_dma.o(i.HAL_DMA_IRQHandler)
    HAL_DMA_Init                             0x08001101   Thumb Code   206  stm32f4xx_hal_dma.o(i.HAL_DMA_Init)
    HAL_DMA_Start_IT                         0x080011d5   Thumb Code   110  stm32f4xx_hal_dma.o(i.HAL_DMA_Start_IT)
    HAL_GPIO_EXTI_Callback                   0x08001245   Thumb Code   106  main.o(i.HAL_GPIO_EXTI_Callback)
    HAL_GPIO_EXTI_IRQHandler                 0x080012cd   Thumb Code    18  stm32f4xx_hal_gpio.o(i.HAL_GPIO_EXTI_IRQHandler)
    HAL_GPIO_Init                            0x080012e5   Thumb Code   446  stm32f4xx_hal_gpio.o(i.HAL_GPIO_Init)
    HAL_GPIO_ReadPin                         0x080014c5   Thumb Code    10  stm32f4xx_hal_gpio.o(i.HAL_GPIO_ReadPin)
    HAL_GPIO_WritePin                        0x080014cf   Thumb Code    10  stm32f4xx_hal_gpio.o(i.HAL_GPIO_WritePin)
    HAL_GetTick                              0x080014d9   Thumb Code     6  stm32f4xx_hal.o(i.HAL_GetTick)
    HAL_IncTick                              0x080014e5   Thumb Code    12  stm32f4xx_hal.o(i.HAL_IncTick)
    HAL_Init                                 0x080014f5   Thumb Code    48  stm32f4xx_hal.o(i.HAL_Init)
    HAL_InitTick                             0x08001529   Thumb Code    54  stm32f4xx_hal.o(i.HAL_InitTick)
    HAL_MspInit                              0x08001569   Thumb Code    42  stm32f4xx_hal_msp.o(i.HAL_MspInit)
    HAL_NVIC_EnableIRQ                       0x08001599   Thumb Code    26  stm32f4xx_hal_cortex.o(i.HAL_NVIC_EnableIRQ)
    HAL_NVIC_SetPriority                     0x080015b5   Thumb Code    60  stm32f4xx_hal_cortex.o(i.HAL_NVIC_SetPriority)
    HAL_NVIC_SetPriorityGrouping             0x080015f5   Thumb Code    26  stm32f4xx_hal_cortex.o(i.HAL_NVIC_SetPriorityGrouping)
    HAL_RCC_ClockConfig                      0x08001619   Thumb Code   288  stm32f4xx_hal_rcc.o(i.HAL_RCC_ClockConfig)
    HAL_RCC_GetPCLK1Freq                     0x0800174d   Thumb Code    20  stm32f4xx_hal_rcc.o(i.HAL_RCC_GetPCLK1Freq)
    HAL_RCC_GetPCLK2Freq                     0x0800176d   Thumb Code    20  stm32f4xx_hal_rcc.o(i.HAL_RCC_GetPCLK2Freq)
    HAL_RCC_GetSysClockFreq                  0x0800178d   Thumb Code    88  stm32f4xx_hal_rcc.o(i.HAL_RCC_GetSysClockFreq)
    HAL_RCC_OscConfig                        0x080017f1   Thumb Code   856  stm32f4xx_hal_rcc.o(i.HAL_RCC_OscConfig)
    HAL_SYSTICK_Config                       0x08001b5d   Thumb Code    40  stm32f4xx_hal_cortex.o(i.HAL_SYSTICK_Config)
    HAL_TIMEx_BreakCallback                  0x08001b85   Thumb Code     2  stm32f4xx_hal_tim_ex.o(i.HAL_TIMEx_BreakCallback)
    HAL_TIMEx_CommutCallback                 0x08001b87   Thumb Code     2  stm32f4xx_hal_tim_ex.o(i.HAL_TIMEx_CommutCallback)
    HAL_TIMEx_MasterConfigSynchronization    0x08001b89   Thumb Code   104  stm32f4xx_hal_tim_ex.o(i.HAL_TIMEx_MasterConfigSynchronization)
    HAL_TIM_Base_Init                        0x08001c05   Thumb Code    90  stm32f4xx_hal_tim.o(i.HAL_TIM_Base_Init)
    HAL_TIM_Base_MspInit                     0x08001c61   Thumb Code    72  tim.o(i.HAL_TIM_Base_MspInit)
    HAL_TIM_Base_Start                       0x08001cb1   Thumb Code    78  stm32f4xx_hal_tim.o(i.HAL_TIM_Base_Start)
    HAL_TIM_Base_Stop                        0x08001d15   Thumb Code    38  stm32f4xx_hal_tim.o(i.HAL_TIM_Base_Stop)
    HAL_TIM_ConfigClockSource                0x08001d3b   Thumb Code   220  stm32f4xx_hal_tim.o(i.HAL_TIM_ConfigClockSource)
    HAL_TIM_IC_CaptureCallback               0x08001e17   Thumb Code     2  stm32f4xx_hal_tim.o(i.HAL_TIM_IC_CaptureCallback)
    HAL_TIM_IRQHandler                       0x08001e19   Thumb Code   304  stm32f4xx_hal_tim.o(i.HAL_TIM_IRQHandler)
    HAL_TIM_MspPostInit                      0x08001f49   Thumb Code    68  tim.o(i.HAL_TIM_MspPostInit)
    HAL_TIM_OC_DelayElapsedCallback          0x08001f99   Thumb Code     2  stm32f4xx_hal_tim.o(i.HAL_TIM_OC_DelayElapsedCallback)
    HAL_TIM_PWM_ConfigChannel                0x08001f9b   Thumb Code   204  stm32f4xx_hal_tim.o(i.HAL_TIM_PWM_ConfigChannel)
    HAL_TIM_PWM_Init                         0x08002067   Thumb Code    90  stm32f4xx_hal_tim.o(i.HAL_TIM_PWM_Init)
    HAL_TIM_PWM_MspInit                      0x080020c1   Thumb Code     2  stm32f4xx_hal_tim.o(i.HAL_TIM_PWM_MspInit)
    HAL_TIM_PWM_PulseFinishedCallback        0x080020c3   Thumb Code     2  stm32f4xx_hal_tim.o(i.HAL_TIM_PWM_PulseFinishedCallback)
    HAL_TIM_PWM_Start                        0x080020c5   Thumb Code   156  stm32f4xx_hal_tim.o(i.HAL_TIM_PWM_Start)
    HAL_TIM_PeriodElapsedCallback            0x08002175   Thumb Code     2  stm32f4xx_hal_tim.o(i.HAL_TIM_PeriodElapsedCallback)
    HAL_TIM_TriggerCallback                  0x08002177   Thumb Code     2  stm32f4xx_hal_tim.o(i.HAL_TIM_TriggerCallback)
    HAL_UARTEx_RxEventCallback               0x08002179   Thumb Code     2  stm32f4xx_hal_uart.o(i.HAL_UARTEx_RxEventCallback)
    HAL_UART_ErrorCallback                   0x0800217b   Thumb Code     2  stm32f4xx_hal_uart.o(i.HAL_UART_ErrorCallback)
    HAL_UART_IRQHandler                      0x0800217d   Thumb Code   618  stm32f4xx_hal_uart.o(i.HAL_UART_IRQHandler)
    HAL_UART_Init                            0x080023ed   Thumb Code   100  stm32f4xx_hal_uart.o(i.HAL_UART_Init)
    HAL_UART_MspInit                         0x08002451   Thumb Code   182  usart.o(i.HAL_UART_MspInit)
    HAL_UART_Receive_IT                      0x08002519   Thumb Code    28  stm32f4xx_hal_uart.o(i.HAL_UART_Receive_IT)
    HAL_UART_RxCpltCallback                  0x08002535   Thumb Code    78  main.o(i.HAL_UART_RxCpltCallback)
    HAL_UART_Transmit                        0x080025a9   Thumb Code   160  stm32f4xx_hal_uart.o(i.HAL_UART_Transmit)
    HAL_UART_TxCpltCallback                  0x08002649   Thumb Code     2  stm32f4xx_hal_uart.o(i.HAL_UART_TxCpltCallback)
    HMISendb                                 0x0800264d   Thumb Code    38  main.o(i.HMISendb)
    HMISends                                 0x08002679   Thumb Code    32  main.o(i.HMISends)
    HardFault_Handler                        0x0800269d   Thumb Code     2  stm32f4xx_it.o(i.HardFault_Handler)
    LD3320_AsrAddFixed                       0x080026a1   Thumb Code   162  ld3320.o(i.LD3320_AsrAddFixed)
    LD3320_AsrRun                            0x08002759   Thumb Code   126  ld3320.o(i.LD3320_AsrRun)
    LD3320_Check_ASRBusyFlag_b2              0x080027d7   Thumb Code    38  ld3320.o(i.LD3320_Check_ASRBusyFlag_b2)
    LD3320_GetResult                         0x080027fd   Thumb Code     6  ld3320.o(i.LD3320_GetResult)
    LD3320_Init                              0x08002803   Thumb Code     4  reg_rw.o(i.LD3320_Init)
    LD3320_Init_ASR                          0x08002809   Thumb Code   108  ld3320.o(i.LD3320_Init_ASR)
    LD3320_Init_Command                      0x08002879   Thumb Code   196  ld3320.o(i.LD3320_Init_Command)
    LD3320_ReadReg                           0x08002941   Thumb Code   252  reg_rw.o(i.LD3320_ReadReg)
    LD3320_Reset                             0x08002a41   Thumb Code    88  ld3320.o(i.LD3320_Reset)
    LD3320_WriteReg                          0x08002a9d   Thumb Code   244  reg_rw.o(i.LD3320_WriteReg)
    MX_ADC1_Init                             0x08002b95   Thumb Code   130  adc.o(i.MX_ADC1_Init)
    MX_DMA_Init                              0x08002c25   Thumb Code    40  dma.o(i.MX_DMA_Init)
    MX_GPIO_Init                             0x08002c51   Thumb Code   266  gpio.o(i.MX_GPIO_Init)
    MX_TIM2_Init                             0x08002d69   Thumb Code    96  tim.o(i.MX_TIM2_Init)
    MX_TIM3_Init                             0x08002dcd   Thumb Code   164  tim.o(i.MX_TIM3_Init)
    MX_USART1_UART_Init                      0x08002e79   Thumb Code    48  usart.o(i.MX_USART1_UART_Init)
    MX_USART2_UART_Init                      0x08002eb1   Thumb Code    48  usart.o(i.MX_USART2_UART_Init)
    MemManage_Handler                        0x08002ee9   Thumb Code     2  stm32f4xx_it.o(i.MemManage_Handler)
    Motor_SetSpeed                           0x08002eed   Thumb Code    64  main.o(i.Motor_SetSpeed)
    NMI_Handler                              0x08002f35   Thumb Code     2  stm32f4xx_it.o(i.NMI_Handler)
    PendSV_Handler                           0x08002f37   Thumb Code     2  stm32f4xx_it.o(i.PendSV_Handler)
    ProcessInt                               0x08002f39   Thumb Code   156  ld3320.o(i.ProcessInt)
    RunASR                                   0x08002fdd   Thumb Code    62  ld3320.o(i.RunASR)
    SVC_Handler                              0x0800301b   Thumb Code     2  stm32f4xx_it.o(i.SVC_Handler)
    ScreenShow_Init                          0x0800301d   Thumb Code   142  main.o(i.ScreenShow_Init)
    SysTick_Handler                          0x0800311d   Thumb Code     4  stm32f4xx_it.o(i.SysTick_Handler)
    SystemClock_Config                       0x08003121   Thumb Code   136  main.o(i.SystemClock_Config)
    SystemInit                               0x080031b1   Thumb Code    12  system_stm32f4xx.o(i.SystemInit)
    TIM2_IRQHandler                          0x080031c1   Thumb Code     6  stm32f4xx_it.o(i.TIM2_IRQHandler)
    TIM_Base_SetConfig                       0x080031cd   Thumb Code   136  stm32f4xx_hal_tim.o(i.TIM_Base_SetConfig)
    TIM_CCxChannelCmd                        0x08003271   Thumb Code    26  stm32f4xx_hal_tim.o(i.TIM_CCxChannelCmd)
    TIM_ETR_SetConfig                        0x0800328b   Thumb Code    20  stm32f4xx_hal_tim.o(i.TIM_ETR_SetConfig)
    TIM_OC2_SetConfig                        0x08003301   Thumb Code    84  stm32f4xx_hal_tim.o(i.TIM_OC2_SetConfig)
    UART_Start_Receive_IT                    0x08003669   Thumb Code    54  stm32f4xx_hal_uart.o(i.UART_Start_Receive_IT)
    USART1_IRQHandler                        0x08003711   Thumb Code     6  stm32f4xx_it.o(i.USART1_IRQHandler)
    USART2_IRQHandler                        0x0800371d   Thumb Code     6  stm32f4xx_it.o(i.USART2_IRQHandler)
    UsageFault_Handler                       0x08003729   Thumb Code     2  stm32f4xx_it.o(i.UsageFault_Handler)
    User_Modification                        0x0800372d   Thumb Code   188  main.o(i.User_Modification)
    main                                     0x080038a9   Thumb Code   730  main.o(i.main)
    _fp_init                                 0x08003ca1   Thumb Code    10  fpinit.o(x$fpl$fpinit)
    __fplib_config_fpu_vfp                   0x08003ca9   Thumb Code     0  fpinit.o(x$fpl$fpinit)
    __fplib_config_pureend_doubles           0x08003ca9   Thumb Code     0  fpinit.o(x$fpl$fpinit)
    AHBPrescTable                            0x08003dcc   Data          16  system_stm32f4xx.o(.constdata)
    APBPrescTable                            0x08003ddc   Data           8  system_stm32f4xx.o(.constdata)
    Region$$Table$$Base                      0x08003de4   Number         0  anon$$obj.o(Region$$Table)
    Region$$Table$$Limit                     0x08003e04   Number         0  anon$$obj.o(Region$$Table)
    nLD3320_Mode                             0x20000000   Data           1  ld3320.o(.data)
    ucRegVal                                 0x20000001   Data           1  ld3320.o(.data)
    nAsrStatus                               0x20000004   Data           1  main.o(.data)
    nAsrRes                                  0x20000005   Data           1  main.o(.data)
    flag                                     0x20000006   Data           1  main.o(.data)
    TH                                       0x20000007   Data           1  main.o(.data)
    TL                                       0x20000008   Data           1  main.o(.data)
    HH                                       0x20000009   Data           1  main.o(.data)
    HL                                       0x2000000a   Data           1  main.o(.data)
    rev_flag_2                               0x2000000c   Data           4  main.o(.data)
    AdcBuf                                   0x20000010   Data           6  main.o(.data)
    uwTickFreq                               0x20000018   Data           1  stm32f4xx_hal.o(.data)
    uwTickPrio                               0x2000001c   Data           4  stm32f4xx_hal.o(.data)
    uwTick                                   0x20000020   Data           4  stm32f4xx_hal.o(.data)
    SystemCoreClock                          0x20000024   Data           4  system_stm32f4xx.o(.data)
    u_buf                                    0x20000028   Data         256  main.o(.bss)
    rx_data                                  0x20000128   Data          10  main.o(.bss)
    buffer1                                  0x20000132   Data          50  main.o(.bss)
    buffer2                                  0x20000164   Data          50  main.o(.bss)
    buffer3                                  0x20000196   Data          50  main.o(.bss)
    buffer4                                  0x200001c8   Data          50  main.o(.bss)
    buffer5                                  0x200001fa   Data          50  main.o(.bss)
    buf_case2                                0x2000022c   Data        1024  main.o(.bss)
    Buffer2                                  0x2000062c   Data        1024  main.o(.bss)
    hadc1                                    0x20000a2c   Data          72  adc.o(.bss)
    hdma_adc1                                0x20000a74   Data          96  adc.o(.bss)
    htim2                                    0x20000ad4   Data          72  tim.o(.bss)
    htim3                                    0x20000b1c   Data          72  tim.o(.bss)
    huart1                                   0x20000b64   Data          72  usart.o(.bss)
    huart2                                   0x20000bac   Data          72  usart.o(.bss)
    __libspace_start                         0x20000bf4   Data          96  libspace.o(.bss)
    __temporary_stack_top$libspace           0x20000c54   Data           0  libspace.o(.bss)



==============================================================================

Memory Map of the image

  Image Entry point : 0x08000199

  Load Region LR_IROM1 (Base: 0x08000000, Size: 0x00003e2c, Max: 0x00080000, ABSOLUTE)

    Execution Region ER_IROM1 (Base: 0x08000000, Size: 0x00003e04, Max: 0x00080000, ABSOLUTE)

    Base Addr    Size         Type   Attr      Idx    E Section Name        Object

    0x08000000   0x00000198   Data   RO            3    RESET               startup_stm32f411xe.o
    0x08000198   0x00000008   Code   RO         3696  * !!!main             c_w.l(__main.o)
    0x080001a0   0x00000034   Code   RO         3871    !!!scatter          c_w.l(__scatter.o)
    0x080001d4   0x0000001a   Code   RO         3873    !!handler_copy      c_w.l(__scatter_copy.o)
    0x080001ee   0x00000002   PAD
    0x080001f0   0x0000001c   Code   RO         3875    !!handler_zi        c_w.l(__scatter_zi.o)
    0x0800020c   0x00000000   Code   RO         3689    .ARM.Collect$$_printf_percent$$00000000  c_w.l(_printf_percent.o)
    0x0800020c   0x00000006   Code   RO         3688    .ARM.Collect$$_printf_percent$$00000009  c_w.l(_printf_d.o)
    0x08000212   0x00000004   Code   RO         3709    .ARM.Collect$$_printf_percent$$00000017  c_w.l(_printf_percent_end.o)
    0x08000216   0x00000002   Code   RO         3742    .ARM.Collect$$libinit$$00000000  c_w.l(libinit.o)
    0x08000218   0x00000004   Code   RO         3754    .ARM.Collect$$libinit$$00000001  c_w.l(libinit2.o)
    0x0800021c   0x00000000   Code   RO         3757    .ARM.Collect$$libinit$$00000004  c_w.l(libinit2.o)
    0x0800021c   0x00000000   Code   RO         3760    .ARM.Collect$$libinit$$0000000A  c_w.l(libinit2.o)
    0x0800021c   0x00000000   Code   RO         3762    .ARM.Collect$$libinit$$0000000C  c_w.l(libinit2.o)
    0x0800021c   0x00000000   Code   RO         3764    .ARM.Collect$$libinit$$0000000E  c_w.l(libinit2.o)
    0x0800021c   0x00000000   Code   RO         3767    .ARM.Collect$$libinit$$00000011  c_w.l(libinit2.o)
    0x0800021c   0x00000000   Code   RO         3769    .ARM.Collect$$libinit$$00000013  c_w.l(libinit2.o)
    0x0800021c   0x00000000   Code   RO         3771    .ARM.Collect$$libinit$$00000015  c_w.l(libinit2.o)
    0x0800021c   0x00000000   Code   RO         3773    .ARM.Collect$$libinit$$00000017  c_w.l(libinit2.o)
    0x0800021c   0x00000000   Code   RO         3775    .ARM.Collect$$libinit$$00000019  c_w.l(libinit2.o)
    0x0800021c   0x00000000   Code   RO         3777    .ARM.Collect$$libinit$$0000001B  c_w.l(libinit2.o)
    0x0800021c   0x00000000   Code   RO         3779    .ARM.Collect$$libinit$$0000001D  c_w.l(libinit2.o)
    0x0800021c   0x00000000   Code   RO         3781    .ARM.Collect$$libinit$$0000001F  c_w.l(libinit2.o)
    0x0800021c   0x00000000   Code   RO         3783    .ARM.Collect$$libinit$$00000021  c_w.l(libinit2.o)
    0x0800021c   0x00000000   Code   RO         3785    .ARM.Collect$$libinit$$00000023  c_w.l(libinit2.o)
    0x0800021c   0x00000000   Code   RO         3787    .ARM.Collect$$libinit$$00000025  c_w.l(libinit2.o)
    0x0800021c   0x00000000   Code   RO         3791    .ARM.Collect$$libinit$$0000002C  c_w.l(libinit2.o)
    0x0800021c   0x00000000   Code   RO         3793    .ARM.Collect$$libinit$$0000002E  c_w.l(libinit2.o)
    0x0800021c   0x00000000   Code   RO         3795    .ARM.Collect$$libinit$$00000030  c_w.l(libinit2.o)
    0x0800021c   0x00000000   Code   RO         3797    .ARM.Collect$$libinit$$00000032  c_w.l(libinit2.o)
    0x0800021c   0x00000002   Code   RO         3798    .ARM.Collect$$libinit$$00000033  c_w.l(libinit2.o)
    0x0800021e   0x00000002   Code   RO         3829    .ARM.Collect$$libshutdown$$00000000  c_w.l(libshutdown.o)
    0x08000220   0x00000000   Code   RO         3856    .ARM.Collect$$libshutdown$$00000003  c_w.l(libshutdown2.o)
    0x08000220   0x00000000   Code   RO         3859    .ARM.Collect$$libshutdown$$00000006  c_w.l(libshutdown2.o)
    0x08000220   0x00000000   Code   RO         3862    .ARM.Collect$$libshutdown$$00000009  c_w.l(libshutdown2.o)
    0x08000220   0x00000000   Code   RO         3864    .ARM.Collect$$libshutdown$$0000000B  c_w.l(libshutdown2.o)
    0x08000220   0x00000000   Code   RO         3867    .ARM.Collect$$libshutdown$$0000000E  c_w.l(libshutdown2.o)
    0x08000220   0x00000002   Code   RO         3868    .ARM.Collect$$libshutdown$$0000000F  c_w.l(libshutdown2.o)
    0x08000222   0x00000000   Code   RO         3698    .ARM.Collect$$rtentry$$00000000  c_w.l(__rtentry.o)
    0x08000222   0x00000000   Code   RO         3711    .ARM.Collect$$rtentry$$00000002  c_w.l(__rtentry2.o)
    0x08000222   0x00000006   Code   RO         3723    .ARM.Collect$$rtentry$$00000004  c_w.l(__rtentry4.o)
    0x08000228   0x00000000   Code   RO         3713    .ARM.Collect$$rtentry$$00000009  c_w.l(__rtentry2.o)
    0x08000228   0x00000004   Code   RO         3714    .ARM.Collect$$rtentry$$0000000A  c_w.l(__rtentry2.o)
    0x0800022c   0x00000000   Code   RO         3716    .ARM.Collect$$rtentry$$0000000C  c_w.l(__rtentry2.o)
    0x0800022c   0x00000008   Code   RO         3717    .ARM.Collect$$rtentry$$0000000D  c_w.l(__rtentry2.o)
    0x08000234   0x00000002   Code   RO         3746    .ARM.Collect$$rtexit$$00000000  c_w.l(rtexit.o)
    0x08000236   0x00000000   Code   RO         3802    .ARM.Collect$$rtexit$$00000002  c_w.l(rtexit2.o)
    0x08000236   0x00000004   Code   RO         3803    .ARM.Collect$$rtexit$$00000003  c_w.l(rtexit2.o)
    0x0800023a   0x00000006   Code   RO         3804    .ARM.Collect$$rtexit$$00000004  c_w.l(rtexit2.o)
    0x08000240   0x00000040   Code   RO            4    .text               startup_stm32f411xe.o
    0x08000280   0x000000ee   Code   RO         3658    .text               c_w.l(lludivv7m.o)
    0x0800036e   0x00000002   PAD
    0x08000370   0x0000002c   Code   RO         3660    .text               c_w.l(__2sprintf.o)
    0x0800039c   0x00000068   Code   RO         3664    .text               c_w.l(__printf.o)
    0x08000404   0x00000078   Code   RO         3666    .text               c_w.l(_printf_dec.o)
    0x0800047c   0x00000064   Code   RO         3690    .text               c_w.l(rt_memcpy_w.o)
    0x080004e0   0x0000004e   Code   RO         3692    .text               c_w.l(rt_memclr_w.o)
    0x0800052e   0x00000006   Code   RO         3694    .text               c_w.l(heapauxi.o)
    0x08000534   0x000000b2   Code   RO         3703    .text               c_w.l(_printf_intcommon.o)
    0x080005e6   0x00000002   PAD
    0x080005e8   0x00000030   Code   RO         3705    .text               c_w.l(_printf_char_common.o)
    0x08000618   0x0000000a   Code   RO         3707    .text               c_w.l(_sputc.o)
    0x08000622   0x0000004a   Code   RO         3729    .text               c_w.l(sys_stackheap_outer.o)
    0x0800066c   0x0000000c   Code   RO         3731    .text               c_w.l(exit.o)
    0x08000678   0x00000008   Code   RO         3743    .text               c_w.l(libspace.o)
    0x08000680   0x0000000c   Code   RO         3799    .text               c_w.l(sys_exit.o)
    0x0800068c   0x00000002   Code   RO         3818    .text               c_w.l(use_no_semi.o)
    0x0800068e   0x00000000   Code   RO         3820    .text               c_w.l(indicate_semi.o)
    0x0800068e   0x0000006e   Code   RO          791    i.ADC_DMAConvCplt   stm32f4xx_hal_adc.o
    0x080006fc   0x00000016   Code   RO          792    i.ADC_DMAError      stm32f4xx_hal_adc.o
    0x08000712   0x0000000a   Code   RO          793    i.ADC_DMAHalfConvCplt  stm32f4xx_hal_adc.o
    0x0800071c   0x00000128   Code   RO          794    i.ADC_Init          stm32f4xx_hal_adc.o
    0x08000844   0x00000002   Code   RO          661    i.BusFault_Handler  stm32f4xx_it.o
    0x08000846   0x00000002   PAD
    0x08000848   0x00000024   Code   RO          286    i.DHT11_In          dht11.o
    0x0800086c   0x00000044   Code   RO          287    i.DHT11_Init        dht11.o
    0x080008b0   0x0000003c   Code   RO          289    i.DHT11_Receive_Bit  dht11.o
    0x080008ec   0x0000005c   Code   RO          290    i.DHT11_Receive_Byte  dht11.o
    0x08000948   0x00000060   Code   RO          291    i.DHT11_Receive_Data  dht11.o
    0x080009a8   0x0000003c   Code   RO          292    i.DHT11_Start       dht11.o
    0x080009e4   0x0000000c   Code   RO          662    i.DMA2_Stream0_IRQHandler  stm32f4xx_it.o
    0x080009f0   0x00000028   Code   RO         1582    i.DMA_CalcBaseAndBitshift  stm32f4xx_hal_dma.o
    0x08000a18   0x00000054   Code   RO         1583    i.DMA_CheckFifoParam  stm32f4xx_hal_dma.o
    0x08000a6c   0x00000028   Code   RO         1584    i.DMA_SetConfig     stm32f4xx_hal_dma.o
    0x08000a94   0x00000002   Code   RO          663    i.DebugMon_Handler  stm32f4xx_it.o
    0x08000a96   0x00000016   Code   RO           13    i.Delay_ms          delay.o
    0x08000aac   0x0000003c   Code   RO           14    i.Delay_us          delay.o
    0x08000ae8   0x0000001e   Code   RO          664    i.EXTI15_10_IRQHandler  stm32f4xx_it.o
    0x08000b06   0x00000004   Code   RO          352    i.Error_Handler     main.o
    0x08000b0a   0x00000002   PAD
    0x08000b0c   0x00000164   Code   RO          796    i.HAL_ADC_ConfigChannel  stm32f4xx_hal_adc.o
    0x08000c70   0x00000002   Code   RO          797    i.HAL_ADC_ConvCpltCallback  stm32f4xx_hal_adc.o
    0x08000c72   0x00000002   Code   RO          798    i.HAL_ADC_ConvHalfCpltCallback  stm32f4xx_hal_adc.o
    0x08000c74   0x00000002   Code   RO          800    i.HAL_ADC_ErrorCallback  stm32f4xx_hal_adc.o
    0x08000c76   0x00000054   Code   RO          805    i.HAL_ADC_Init      stm32f4xx_hal_adc.o
    0x08000cca   0x00000002   PAD
    0x08000ccc   0x000000b8   Code   RO          494    i.HAL_ADC_MspInit   adc.o
    0x08000d84   0x00000124   Code   RO          812    i.HAL_ADC_Start_DMA  stm32f4xx_hal_adc.o
    0x08000ea8   0x00000092   Code   RO         1585    i.HAL_DMA_Abort     stm32f4xx_hal_dma.o
    0x08000f3a   0x00000024   Code   RO         1586    i.HAL_DMA_Abort_IT  stm32f4xx_hal_dma.o
    0x08000f5e   0x00000002   PAD
    0x08000f60   0x000001a0   Code   RO         1590    i.HAL_DMA_IRQHandler  stm32f4xx_hal_dma.o
    0x08001100   0x000000d4   Code   RO         1591    i.HAL_DMA_Init      stm32f4xx_hal_dma.o
    0x080011d4   0x0000006e   Code   RO         1595    i.HAL_DMA_Start_IT  stm32f4xx_hal_dma.o
    0x08001242   0x00000002   PAD
    0x08001244   0x00000088   Code   RO          353    i.HAL_GPIO_EXTI_Callback  main.o
    0x080012cc   0x00000018   Code   RO         1477    i.HAL_GPIO_EXTI_IRQHandler  stm32f4xx_hal_gpio.o
    0x080012e4   0x000001e0   Code   RO         1478    i.HAL_GPIO_Init     stm32f4xx_hal_gpio.o
    0x080014c4   0x0000000a   Code   RO         1480    i.HAL_GPIO_ReadPin  stm32f4xx_hal_gpio.o
    0x080014ce   0x0000000a   Code   RO         1482    i.HAL_GPIO_WritePin  stm32f4xx_hal_gpio.o
    0x080014d8   0x0000000c   Code   RO         2040    i.HAL_GetTick       stm32f4xx_hal.o
    0x080014e4   0x00000010   Code   RO         2046    i.HAL_IncTick       stm32f4xx_hal.o
    0x080014f4   0x00000034   Code   RO         2047    i.HAL_Init          stm32f4xx_hal.o
    0x08001528   0x00000040   Code   RO         2048    i.HAL_InitTick      stm32f4xx_hal.o
    0x08001568   0x00000030   Code   RO          767    i.HAL_MspInit       stm32f4xx_hal_msp.o
    0x08001598   0x0000001a   Code   RO         1892    i.HAL_NVIC_EnableIRQ  stm32f4xx_hal_cortex.o
    0x080015b2   0x00000002   PAD
    0x080015b4   0x00000040   Code   RO         1898    i.HAL_NVIC_SetPriority  stm32f4xx_hal_cortex.o
    0x080015f4   0x00000024   Code   RO         1899    i.HAL_NVIC_SetPriorityGrouping  stm32f4xx_hal_cortex.o
    0x08001618   0x00000134   Code   RO         1070    i.HAL_RCC_ClockConfig  stm32f4xx_hal_rcc.o
    0x0800174c   0x00000020   Code   RO         1077    i.HAL_RCC_GetPCLK1Freq  stm32f4xx_hal_rcc.o
    0x0800176c   0x00000020   Code   RO         1078    i.HAL_RCC_GetPCLK2Freq  stm32f4xx_hal_rcc.o
    0x0800178c   0x00000064   Code   RO         1079    i.HAL_RCC_GetSysClockFreq  stm32f4xx_hal_rcc.o
    0x080017f0   0x0000036c   Code   RO         1082    i.HAL_RCC_OscConfig  stm32f4xx_hal_rcc.o
    0x08001b5c   0x00000028   Code   RO         1903    i.HAL_SYSTICK_Config  stm32f4xx_hal_cortex.o
    0x08001b84   0x00000002   Code   RO         2991    i.HAL_TIMEx_BreakCallback  stm32f4xx_hal_tim_ex.o
    0x08001b86   0x00000002   Code   RO         2992    i.HAL_TIMEx_CommutCallback  stm32f4xx_hal_tim_ex.o
    0x08001b88   0x0000007c   Code   RO         3010    i.HAL_TIMEx_MasterConfigSynchronization  stm32f4xx_hal_tim_ex.o
    0x08001c04   0x0000005a   Code   RO         2287    i.HAL_TIM_Base_Init  stm32f4xx_hal_tim.o
    0x08001c5e   0x00000002   PAD
    0x08001c60   0x00000050   Code   RO          560    i.HAL_TIM_Base_MspInit  tim.o
    0x08001cb0   0x00000064   Code   RO         2290    i.HAL_TIM_Base_Start  stm32f4xx_hal_tim.o
    0x08001d14   0x00000026   Code   RO         2293    i.HAL_TIM_Base_Stop  stm32f4xx_hal_tim.o
    0x08001d3a   0x000000dc   Code   RO         2296    i.HAL_TIM_ConfigClockSource  stm32f4xx_hal_tim.o
    0x08001e16   0x00000002   Code   RO         2321    i.HAL_TIM_IC_CaptureCallback  stm32f4xx_hal_tim.o
    0x08001e18   0x00000130   Code   RO         2335    i.HAL_TIM_IRQHandler  stm32f4xx_hal_tim.o
    0x08001f48   0x00000050   Code   RO          561    i.HAL_TIM_MspPostInit  tim.o
    0x08001f98   0x00000002   Code   RO         2338    i.HAL_TIM_OC_DelayElapsedCallback  stm32f4xx_hal_tim.o
    0x08001f9a   0x000000cc   Code   RO         2359    i.HAL_TIM_PWM_ConfigChannel  stm32f4xx_hal_tim.o
    0x08002066   0x0000005a   Code   RO         2362    i.HAL_TIM_PWM_Init  stm32f4xx_hal_tim.o
    0x080020c0   0x00000002   Code   RO         2364    i.HAL_TIM_PWM_MspInit  stm32f4xx_hal_tim.o
    0x080020c2   0x00000002   Code   RO         2365    i.HAL_TIM_PWM_PulseFinishedCallback  stm32f4xx_hal_tim.o
    0x080020c4   0x000000b0   Code   RO         2367    i.HAL_TIM_PWM_Start  stm32f4xx_hal_tim.o
    0x08002174   0x00000002   Code   RO         2373    i.HAL_TIM_PeriodElapsedCallback  stm32f4xx_hal_tim.o
    0x08002176   0x00000002   Code   RO         2378    i.HAL_TIM_TriggerCallback  stm32f4xx_hal_tim.o
    0x08002178   0x00000002   Code   RO         3270    i.HAL_UARTEx_RxEventCallback  stm32f4xx_hal_uart.o
    0x0800217a   0x00000002   Code   RO         3284    i.HAL_UART_ErrorCallback  stm32f4xx_hal_uart.o
    0x0800217c   0x00000270   Code   RO         3287    i.HAL_UART_IRQHandler  stm32f4xx_hal_uart.o
    0x080023ec   0x00000064   Code   RO         3288    i.HAL_UART_Init     stm32f4xx_hal_uart.o
    0x08002450   0x000000c8   Code   RO          614    i.HAL_UART_MspInit  usart.o
    0x08002518   0x0000001c   Code   RO         3293    i.HAL_UART_Receive_IT  stm32f4xx_hal_uart.o
    0x08002534   0x00000074   Code   RO          354    i.HAL_UART_RxCpltCallback  main.o
    0x080025a8   0x000000a0   Code   RO         3296    i.HAL_UART_Transmit  stm32f4xx_hal_uart.o
    0x08002648   0x00000002   Code   RO         3299    i.HAL_UART_TxCpltCallback  stm32f4xx_hal_uart.o
    0x0800264a   0x00000002   PAD
    0x0800264c   0x0000002c   Code   RO          355    i.HMISendb          main.o
    0x08002678   0x00000024   Code   RO          356    i.HMISends          main.o
    0x0800269c   0x00000002   Code   RO          665    i.HardFault_Handler  stm32f4xx_it.o
    0x0800269e   0x00000002   PAD
    0x080026a0   0x000000b8   Code   RO          205    i.LD3320_AsrAddFixed  ld3320.o
    0x08002758   0x0000007e   Code   RO          206    i.LD3320_AsrRun     ld3320.o
    0x080027d6   0x00000026   Code   RO          208    i.LD3320_Check_ASRBusyFlag_b2  ld3320.o
    0x080027fc   0x00000006   Code   RO          209    i.LD3320_GetResult  ld3320.o
    0x08002802   0x00000004   Code   RO          153    i.LD3320_Init       reg_rw.o
    0x08002806   0x00000002   PAD
    0x08002808   0x00000070   Code   RO          210    i.LD3320_Init_ASR   ld3320.o
    0x08002878   0x000000c8   Code   RO          211    i.LD3320_Init_Command  ld3320.o
    0x08002940   0x00000100   Code   RO          154    i.LD3320_ReadReg    reg_rw.o
    0x08002a40   0x0000005c   Code   RO          212    i.LD3320_Reset      ld3320.o
    0x08002a9c   0x000000f8   Code   RO          155    i.LD3320_WriteReg   reg_rw.o
    0x08002b94   0x00000090   Code   RO          495    i.MX_ADC1_Init      adc.o
    0x08002c24   0x0000002c   Code   RO          535    i.MX_DMA_Init       dma.o
    0x08002c50   0x00000118   Code   RO          469    i.MX_GPIO_Init      gpio.o
    0x08002d68   0x00000064   Code   RO          562    i.MX_TIM2_Init      tim.o
    0x08002dcc   0x000000ac   Code   RO          563    i.MX_TIM3_Init      tim.o
    0x08002e78   0x00000038   Code   RO          615    i.MX_USART1_UART_Init  usart.o
    0x08002eb0   0x00000038   Code   RO          616    i.MX_USART2_UART_Init  usart.o
    0x08002ee8   0x00000002   Code   RO          666    i.MemManage_Handler  stm32f4xx_it.o
    0x08002eea   0x00000002   PAD
    0x08002eec   0x00000048   Code   RO          357    i.Motor_SetSpeed    main.o
    0x08002f34   0x00000002   Code   RO          667    i.NMI_Handler       stm32f4xx_it.o
    0x08002f36   0x00000002   Code   RO          668    i.PendSV_Handler    stm32f4xx_it.o
    0x08002f38   0x000000a4   Code   RO          213    i.ProcessInt        ld3320.o
    0x08002fdc   0x0000003e   Code   RO          214    i.RunASR            ld3320.o
    0x0800301a   0x00000002   Code   RO          669    i.SVC_Handler       stm32f4xx_it.o
    0x0800301c   0x00000100   Code   RO          358    i.ScreenShow_Init   main.o
    0x0800311c   0x00000004   Code   RO          670    i.SysTick_Handler   stm32f4xx_it.o
    0x08003120   0x00000090   Code   RO          359    i.SystemClock_Config  main.o
    0x080031b0   0x00000010   Code   RO         3622    i.SystemInit        system_stm32f4xx.o
    0x080031c0   0x0000000c   Code   RO          671    i.TIM2_IRQHandler   stm32f4xx_it.o
    0x080031cc   0x000000a4   Code   RO         2380    i.TIM_Base_SetConfig  stm32f4xx_hal_tim.o
    0x08003270   0x0000001a   Code   RO         2381    i.TIM_CCxChannelCmd  stm32f4xx_hal_tim.o
    0x0800328a   0x00000014   Code   RO         2391    i.TIM_ETR_SetConfig  stm32f4xx_hal_tim.o
    0x0800329e   0x00000010   Code   RO         2392    i.TIM_ITRx_SetConfig  stm32f4xx_hal_tim.o
    0x080032ae   0x00000002   PAD
    0x080032b0   0x00000050   Code   RO         2393    i.TIM_OC1_SetConfig  stm32f4xx_hal_tim.o
    0x08003300   0x00000058   Code   RO         2394    i.TIM_OC2_SetConfig  stm32f4xx_hal_tim.o
    0x08003358   0x00000058   Code   RO         2395    i.TIM_OC3_SetConfig  stm32f4xx_hal_tim.o
    0x080033b0   0x00000044   Code   RO         2396    i.TIM_OC4_SetConfig  stm32f4xx_hal_tim.o
    0x080033f4   0x00000022   Code   RO         2398    i.TIM_TI1_ConfigInputStage  stm32f4xx_hal_tim.o
    0x08003416   0x00000024   Code   RO         2400    i.TIM_TI2_ConfigInputStage  stm32f4xx_hal_tim.o
    0x0800343a   0x00000010   Code   RO         3301    i.UART_DMAAbortOnError  stm32f4xx_hal_uart.o
    0x0800344a   0x0000004e   Code   RO         3311    i.UART_EndRxTransfer  stm32f4xx_hal_uart.o
    0x08003498   0x000000c2   Code   RO         3313    i.UART_Receive_IT   stm32f4xx_hal_uart.o
    0x0800355a   0x00000002   PAD
    0x0800355c   0x0000010c   Code   RO         3314    i.UART_SetConfig    stm32f4xx_hal_uart.o
    0x08003668   0x00000036   Code   RO         3316    i.UART_Start_Receive_IT  stm32f4xx_hal_uart.o
    0x0800369e   0x00000072   Code   RO         3317    i.UART_WaitOnFlagUntilTimeout  stm32f4xx_hal_uart.o
    0x08003710   0x0000000c   Code   RO          672    i.USART1_IRQHandler  stm32f4xx_it.o
    0x0800371c   0x0000000c   Code   RO          673    i.USART2_IRQHandler  stm32f4xx_it.o
    0x08003728   0x00000002   Code   RO          674    i.UsageFault_Handler  stm32f4xx_it.o
    0x0800372a   0x00000002   PAD
    0x0800372c   0x0000015c   Code   RO          360    i.User_Modification  main.o
    0x08003888   0x00000020   Code   RO         1905    i.__NVIC_SetPriority  stm32f4xx_hal_cortex.o
    0x080038a8   0x000003f8   Code   RO          363    i.main              main.o
    0x08003ca0   0x0000000a   Code   RO         3814    x$fpl$fpinit        fz_wm.l(fpinit.o)
    0x08003caa   0x00000002   PAD
    0x08003cac   0x00000118   Data   RO          215    .constdata          ld3320.o
    0x08003dc4   0x00000008   Data   RO         1597    .constdata          stm32f4xx_hal_dma.o
    0x08003dcc   0x00000010   Data   RO         3623    .constdata          system_stm32f4xx.o
    0x08003ddc   0x00000008   Data   RO         3624    .constdata          system_stm32f4xx.o
    0x08003de4   0x00000020   Data   RO         3869    Region$$Table       anon$$obj.o


    Execution Region RW_IRAM1 (Base: 0x20000000, Size: 0x00001258, Max: 0x00020000, ABSOLUTE)

    Base Addr    Size         Type   Attr      Idx    E Section Name        Object

    0x20000000   0x00000002   Data   RW          216    .data               ld3320.o
    0x20000002   0x00000002   PAD
    0x20000004   0x00000012   Data   RW          365    .data               main.o
    0x20000016   0x00000002   PAD
    0x20000018   0x0000000c   Data   RW         2054    .data               stm32f4xx_hal.o
    0x20000024   0x00000004   Data   RW         3625    .data               system_stm32f4xx.o
    0x20000028   0x00000a04   Zero   RW          364    .bss                main.o
    0x20000a2c   0x000000a8   Zero   RW          496    .bss                adc.o
    0x20000ad4   0x00000090   Zero   RW          564    .bss                tim.o
    0x20000b64   0x00000090   Zero   RW          617    .bss                usart.o
    0x20000bf4   0x00000060   Zero   RW         3744    .bss                c_w.l(libspace.o)
    0x20000c54   0x00000004   PAD
    0x20000c58   0x00000200   Zero   RW            2    HEAP                startup_stm32f411xe.o
    0x20000e58   0x00000400   Zero   RW            1    STACK               startup_stm32f411xe.o


==============================================================================

Image component sizes


      Code (inc. data)   RO Data    RW Data    ZI Data      Debug   Object Name

       328         38          0          0        168       1851   adc.o
        82          4          0          0          0     435434   delay.o
       412         38          0          0          0       3900   dht11.o
        44          4          0          0          0        786   dma.o
       280         14          0          0          0       1007   gpio.o
       984         42        280          2          0       6456   ld3320.o
      2172        662          0         18       2564      37783   main.o
       508          8          0          0          0       2005   reg_rw.o
        64         26        408          0       1536        848   startup_stm32f411xe.o
       144         24          0         12          0       8637   stm32f4xx_hal.o
      1176         64          0          0          0       7025   stm32f4xx_hal_adc.o
       198         14          0          0          0      33491   stm32f4xx_hal_cortex.o
      1084         16          8          0          0       6594   stm32f4xx_hal_dma.o
       524         40          0          0          0       3230   stm32f4xx_hal_gpio.o
        48          6          0          0          0        870   stm32f4xx_hal_msp.o
      1348         76          0          0          0       5048   stm32f4xx_hal_rcc.o
      1854         90          0          0          0      17039   stm32f4xx_hal_tim.o
       128         20          0          0          0       2449   stm32f4xx_hal_tim_ex.o
      1642         16          0          0          0      10400   stm32f4xx_hal_uart.o
        98         24          0          0          0       6641   stm32f4xx_it.o
        16          4         24          4          0       1139   system_stm32f4xx.o
       432         32          0          0        144       3097   tim.o
       312         34          0          0        144       2439   usart.o

    ----------------------------------------------------------------------
     13906       1296        752         40       4556     598169   Object Totals
         0          0         32          0          0          0   (incl. Generated)
        28          0          0          4          0          0   (incl. Padding)

    ----------------------------------------------------------------------

      Code (inc. data)   RO Data    RW Data    ZI Data      Debug   Library Member Name

        44          6          0          0          0         84   __2sprintf.o
         8          0          0          0          0         68   __main.o
       104          0          0          0          0         84   __printf.o
         0          0          0          0          0          0   __rtentry.o
        12          0          0          0          0          0   __rtentry2.o
         6          0          0          0          0          0   __rtentry4.o
        52          8          0          0          0          0   __scatter.o
        26          0          0          0          0          0   __scatter_copy.o
        28          0          0          0          0          0   __scatter_zi.o
        48          6          0          0          0         96   _printf_char_common.o
         6          0          0          0          0          0   _printf_d.o
       120         16          0          0          0         92   _printf_dec.o
       178          0          0          0          0         88   _printf_intcommon.o
         0          0          0          0          0          0   _printf_percent.o
         4          0          0          0          0          0   _printf_percent_end.o
        10          0          0          0          0         68   _sputc.o
        12          0          0          0          0         72   exit.o
         6          0          0          0          0        152   heapauxi.o
         0          0          0          0          0          0   indicate_semi.o
         2          0          0          0          0          0   libinit.o
         6          0          0          0          0          0   libinit2.o
         2          0          0          0          0          0   libshutdown.o
         2          0          0          0          0          0   libshutdown2.o
         8          4          0          0         96         68   libspace.o
       238          0          0          0          0        100   lludivv7m.o
        78          0          0          0          0         80   rt_memclr_w.o
       100          0          0          0          0         80   rt_memcpy_w.o
         2          0          0          0          0          0   rtexit.o
        10          0          0          0          0          0   rtexit2.o
        12          4          0          0          0         68   sys_exit.o
        74          0          0          0          0         80   sys_stackheap_outer.o
         2          0          0          0          0         68   use_no_semi.o
        10          0          0          0          0        116   fpinit.o

    ----------------------------------------------------------------------
      1218         44          0          0        100       1464   Library Totals
         8          0          0          0          4          0   (incl. Padding)

    ----------------------------------------------------------------------

      Code (inc. data)   RO Data    RW Data    ZI Data      Debug   Library Name

      1200         44          0          0         96       1348   c_w.l
        10          0          0          0          0        116   fz_wm.l

    ----------------------------------------------------------------------
      1218         44          0          0        100       1464   Library Totals

    ----------------------------------------------------------------------

==============================================================================


      Code (inc. data)   RO Data    RW Data    ZI Data      Debug   

     15124       1340        752         40       4656     586409   Grand Totals
     15124       1340        752         40       4656     586409   ELF Image Totals
     15124       1340        752         40          0          0   ROM Totals

==============================================================================

    Total RO  Size (Code + RO Data)                15876 (  15.50kB)
    Total RW  Size (RW Data + ZI Data)              4696 (   4.59kB)
    Total ROM Size (Code + RO Data + RW Data)      15916 (  15.54kB)

==============================================================================

